******************************************************************************
                  TI ARM Linker PC v20.2.7                     
******************************************************************************
>> Linked Sun Apr 14 20:36:25 2024

OUTPUT FILE NAME:   <CC3100BOOST_MQTT-TwitterLED_MSP432P401R.out>
ENTRY POINT SYMBOL: "_c_int00_noargs"  address: 000109ed


MEMORY CONFIGURATION

         name            origin    length      used     unused   attr    fill
----------------------  --------  ---------  --------  --------  ----  --------
  MAIN                  00000000   00040000  000111e4  0002ee1c  R  X
  INFO                  00200000   00004000  00000000  00004000  R  X
  SRAM_CODE             01000000   00010000  00004133  0000becd  RW X
  SRAM_DATA             20000000   00010000  00004133  0000becd  RW  


SEGMENT ALLOCATION MAP

run origin  load origin   length   init length attrs members
----------  ----------- ---------- ----------- ----- -------
00000000    00000000    000111e8   000111e8    r-x
  00000000    00000000    000000e4   000000e4    r-- .intvecs
  000000e4    000000e4    00010b80   00010b80    r-x .text
  00010c64    00010c64    000004b8   000004b8    r-- .const
  00011120    00011120    000000c8   000000c8    r-- .cinit
20000000    20000000    00003f34   00000000    rw-
  20000000    20000000    000000e4   00000000    rw- .vtable
  200000e4    200000e4    00003943   00000000    rw- .bss
  20003a28    20003a28    00000400   00000000    rw- .sysmem
  20003e28    20003e28    0000010c   00000000    rw- .data
2000fe00    2000fe00    00000200   00000000    rw-
  2000fe00    2000fe00    00000200   00000000    rw- .stack


SECTION ALLOCATION MAP

 output                                  attributes/
section   page    origin      length       input sections
--------  ----  ----------  ----------   ----------------
.intvecs   0    00000000    000000e4     
                  00000000    000000e4     startup_msp432p401r_ccs.obj (.intvecs:retain)

.text      0    000000e4    00010b80     
                  000000e4    00002034     driver.obj (.text)
                  00002118    0000166c     main.obj (.text)
                  00003784    00001598     flash.obj (.text)
                  00004d1c    00000ed4     socket.obj (.text)
                  00005bf0    00000d7c     cs.obj (.text)
                  0000696c    00000b3c     netapp.obj (.text)
                  000074a8    00000ac0     wlan.obj (.text)
                  00007f68    00000a4e     rtsv7M4_T_le_v4SPD16_eabi.lib : _printfi.c.obj (.text:__TI_printfi)
                  000089b6    00000002                                   : _lock.c.obj (.text:_nop)
                  000089b8    000009fc     MQTTClient.obj (.text)
                  000093b4    00000838     pcm.obj (.text)
                  00009bec    00000798     timer_a.obj (.text)
                  0000a384    000005d0     LPF.obj (.text)
                  0000a954    000005b4     device.obj (.text)
                  0000af08    0000051c     opt3101.obj (.text)
                  0000b424    00000508     rtc_c.obj (.text)
                  0000b92c    00000480     gpio.obj (.text)
                  0000bdac    000003f8     MQTTPacket.obj (.text)
                  0000c1a4    000003f0     interrupt.obj (.text)
                  0000c594    000003ac     MQTTConnectClient.obj (.text)
                  0000c940    000003a4     I2CB1.obj (.text)
                  0000cce4    00000388     MQTTCC3100.obj (.text)
                  0000d06c    00000344     board.obj (.text)
                  0000d3b0    0000032c     system_msp432p401r.obj (.text)
                  0000d6dc    00000270     rtsv7M4_T_le_v4SPD16_eabi.lib : _printfi.c.obj (.text:_pconv_a)
                  0000d94c    00000244     sysctl.obj (.text)
                  0000db90    00000228     PWM.obj (.text)
                  0000ddb8    00000218     MQTTSerializePublish.obj (.text)
                  0000dfd0    00000218     MQTTSubscribeClient.obj (.text)
                  0000e1e8    00000214     spi_cc3100.obj (.text)
                  0000e3fc    000001e0     Clock.obj (.text)
                  0000e5dc    000001d4     TA3InputCapture.obj (.text)
                  0000e7b0    000001d0     rtsv7M4_T_le_v4SPD16_eabi.lib : _printfi.c.obj (.text:_pconv_g)
                  0000e980    000001b6                                   : fd_add_t2.asm.obj (.text)
                  0000eb36    00000002                                   : div0.asm.obj (.text)
                  0000eb38    000001a0     MQTTUnsubscribeClient.obj (.text)
                  0000ecd8    00000184     crc32.obj (.text)
                  0000ee5c    0000017c     Motor.obj (.text)
                  0000efd8    0000017c     Tachometer.obj (.text)
                  0000f154    0000016c     cli_uart.obj (.text)
                  0000f2c0    0000013c     rtsv7M4_T_le_v4SPD16_eabi.lib : _printfi.c.obj (.text:_pconv_e)
                  0000f3fc    00000138     MQTTDeserializePublish.obj (.text)
                  0000f534    00000136     rtsv7M4_T_le_v4SPD16_eabi.lib : fd_div_t2.asm.obj (.text)
                  0000f66a    00000002     --HOLE-- [fill = 0]
                  0000f66c    00000130     nonos.obj (.text)
                  0000f79c    00000124     rtsv7M4_T_le_v4SPD16_eabi.lib : _printfi.c.obj (.text:fcvt)
                  0000f8c0    00000110     netcfg.obj (.text)
                  0000f9d0    00000110     rtsv7M4_T_le_v4SPD16_eabi.lib : s_scalbn.c.obj (.text:scalbn)
                  0000fae0    00000100                                   : memory.c.obj (.text:aligned_alloc)
                  0000fbe0    000000fc     Bump.obj (.text)
                  0000fcdc    000000fc     rtsv7M4_T_le_v4SPD16_eabi.lib : fd_mul_t2.asm.obj (.text)
                  0000fdd8    000000f8     LaunchPad.obj (.text)
                  0000fed0    000000e4     rtsv7M4_T_le_v4SPD16_eabi.lib : memory.c.obj (.text:free)
                  0000ffb4    000000d8     wdt_a.obj (.text)
                  0001008c    000000b1     rtsv7M4_T_le_v4SPD16_eabi.lib : _printfi.c.obj (.text:_ltostr)
                  0001013d    00000001     --HOLE-- [fill = 0]
                  0001013e    0000009c                                   : memcpy_t2.asm.obj (.text)
                  000101da    00000096                                   : ull_div_t2.asm.obj (.text)
                  00010270    00000086                                   : fd_cmp_t2.asm.obj (.text:__aeabi_cdcmple)
                  000102f6    00000086                                   : fd_cmp_t2.asm.obj (.text:__aeabi_cdrcmple)
                  0001037c    00000080     flowcont.obj (.text)
                  000103fc    0000007a     rtsv7M4_T_le_v4SPD16_eabi.lib : memset_t2.asm.obj (.text)
                  00010476    00000002     --HOLE-- [fill = 0]
                  00010478    00000074     systick.obj (.text)
                  000104ec    00000070     rtsv7M4_T_le_v4SPD16_eabi.lib : memory.c.obj (.text:split)
                  0001055c    0000006e                                   : _printfi.c.obj (.text:_mcpy)
                  000105ca    00000068                                   : copy_decompress_lzss.c.obj (.text:decompress:lzss:__TI_decompress_lzss)
                  00010632    00000002     --HOLE-- [fill = 0]
                  00010634    00000064                                   : s_frexp.c.obj (.text:frexp)
                  00010698    00000056                                   : _printfi.c.obj (.text:_pconv_f)
                  000106ee    00000054                                   : _ltoa.c.obj (.text:__TI_ltoa)
                  00010742    00000052                                   : _printfi.c.obj (.text:_ecpy)
                  00010794    0000004c                                   : atoi.c.obj (.text:atoi)
                  000107e0    0000004c                                   : snprintf.c.obj (.text:snprintf)
                  0001082c    00000048                                   : fd_toi_t2.asm.obj (.text)
                  00010874    00000044                                   : autoinit.c.obj (.text:__TI_auto_init_nobinit_nopinit:__TI_auto_init_nobinit_nopinit)
                  000108b8    00000040                                   : sprintf.c.obj (.text:sprintf)
                  000108f8    00000040                                   : strtok.c.obj (.text:strtok)
                  00010938    0000003e                                   : _printfi.c.obj (.text:_fcpy)
                  00010976    0000003e     cpu.obj (.text)
                  000109b4    00000036     rtsv7M4_T_le_v4SPD16_eabi.lib : strncpy.c.obj (.text:strncpy)
                  000109ea    00000002     --HOLE-- [fill = 0]
                  000109ec    00000034                                   : boot_cortex_m.c.obj (.text:_c_int00_noargs:_c_int00_noargs)
                  00010a20    00000030                                   : snprintf.c.obj (.text:_outs)
                  00010a50    0000002e                                   : i_tofd_t2.asm.obj (.text)
                  00010a7e    0000002c                                   : strncmp.c.obj (.text:strncmp)
                  00010aaa    0000002a                                   : strspn.c.obj (.text:strspn)
                  00010ad4    00000028                                   : memory.c.obj (.text:free_list_insert)
                  00010afc    00000024     CortexM.obj (.text)
                  00010b20    00000024     rtsv7M4_T_le_v4SPD16_eabi.lib : strcspn.c.obj (.text:strcspn)
                  00010b44    0000001c                                   : memory.c.obj (.text:free_list_remove)
                  00010b60    0000001c                                   : memccpy.c.obj (.text:memccpy)
                  00010b7c    0000001a                                   : s_copysign.c.obj (.text:copysign)
                  00010b96    00000018                                   : snprintf.c.obj (.text:_outc)
                  00010bae    00000018                                   : sprintf.c.obj (.text:_outs)
                  00010bc6    00000018                                   : strcmp.c.obj (.text:strcmp)
                  00010bde    00000016                                   : strchr.c.obj (.text:strchr)
                  00010bf4    00000014                                   : strlen.c.obj (.text:strlen)
                  00010c08    00000012                                   : wcslen.c.obj (.text:wcslen)
                  00010c1a    0000000e                                   : copy_decompress_none.c.obj (.text:decompress:none:__TI_decompress_none)
                  00010c28    0000000e     startup_msp432p401r_ccs.obj (.text)
                  00010c36    0000000c     rtsv7M4_T_le_v4SPD16_eabi.lib : copy_zero_init.c.obj (.text:decompress:ZI:__TI_zero_init)
                  00010c42    0000000a                                   : sprintf.c.obj (.text:_outc)
                  00010c4c    00000008                                   : errno.c.obj (.text:__aeabi_errno_addr)
                  00010c54    00000008                                   : memory.c.obj (.text:malloc)
                  00010c5c    00000004                                   : pre_init.c.obj (.text:_system_pre_init)
                  00010c60    00000004                                   : exit.c.obj (.text:abort:abort)

.const     0    00010c64    000004b8     
                  00010c64    00000101     rtsv7M4_T_le_v4SPD16_eabi.lib : ctype.c.obj (.const:.string:_ctypes_)
                  00010d65    00000003     --HOLE-- [fill = 0]
                  00010d68    000000b0     wlan.obj (.const:$P$T0$1)
                  00010e18    00000058     main.obj (.const:$P$T0$1)
                  00010e70    00000058     MQTTClient.obj (.const:$P$T1$2)
                  00010ec8    00000050     interrupt.obj (.const:g_pulRegs)
                  00010f18    00000038     driver.obj (.const:_SlActionLookupTable)
                  00010f50    0000002c     main.obj (.const:$P$T1$2)
                  00010f7c    00000020     interrupt.obj (.const:g_pulPriority)
                  00010f9c    0000001c     gpio.obj (.const:GPIO_PORT_TO_INT)
                  00010fb8    00000014     main.obj (.const:$P$T2$3)
                  00010fcc    0000000c     MQTTClient.obj (.const:$P$T2$3)
                  00010fd8    0000000c     MQTTClient.obj (.const:$P$T3$4)
                  00010fe4    0000000c     main.obj (.const:$P$T3$4)
                  00010ff0    0000000c     MQTTClient.obj (.const:$P$T4$5)
                  00010ffc    00000008     driver.obj (.const:g_H2NCnysPattern)
                  00011004    00000008     driver.obj (.const:g_H2NSyncPattern)
                  0001100c    00000008     interrupt.obj (.const:g_pulDisRegs)
                  00011014    00000008     interrupt.obj (.const:g_pulEnRegs)
                  0001101c    00000008     interrupt.obj (.const:g_pulPendRegs)
                  00011024    00000008     interrupt.obj (.const:g_pulUnpendRegs)
                  0001102c    00000004     MQTTClient.obj (.const:$P$T0$1)
                  00011030    00000004     MQTTConnectClient.obj (.const:$P$T0$1)
                  00011034    00000004     MQTTDeserializePublish.obj (.const:$P$T0$1)
                  00011038    00000004     MQTTPacket.obj (.const:$P$T0$1)
                  0001103c    00000004     MQTTSerializePublish.obj (.const:$P$T0$1)
                  00011040    00000004     MQTTSubscribeClient.obj (.const:$P$T0$1)
                  00011044    00000004     MQTTUnsubscribeClient.obj (.const:$P$T0$1)
                  00011048    00000004     driver.obj (.const:$P$T0$1)
                  0001104c    00000004     netapp.obj (.const:$P$T0$1)
                  00011050    00000004     socket.obj (.const:$P$T0$1)
                  00011054    00000004     MQTTConnectClient.obj (.const:$P$T1$2)
                  00011058    00000004     MQTTDeserializePublish.obj (.const:$P$T1$2)
                  0001105c    00000004     MQTTSerializePublish.obj (.const:$P$T1$2)
                  00011060    00000004     MQTTSubscribeClient.obj (.const:$P$T1$2)
                  00011064    00000004     socket.obj (.const:$P$T1$2)
                  00011068    00000004     wlan.obj (.const:$P$T1$2)
                  0001106c    00000004     MQTTConnectClient.obj (.const:$P$T2$3)
                  00011070    00000004     socket.obj (.const:$P$T2$3)
                  00011074    00000004     wlan.obj (.const:$P$T2$3)
                  00011078    00000004     MQTTConnectClient.obj (.const:$P$T3$4)
                  0001107c    00000004     wlan.obj (.const:$P$T3$4)
                  00011080    00000004     MQTTConnectClient.obj (.const:$P$T4$5)
                  00011084    00000004     socket.obj (.const:_SlAcceptCmdCtrl)
                  00011088    00000004     device.obj (.const:_SlDeviceGetCmdCtrl)
                  0001108c    00000004     device.obj (.const:_SlDeviceSetCmdCtrl)
                  00011090    00000004     device.obj (.const:_SlEventMaskGetCmdCtrl)
                  00011094    00000004     device.obj (.const:_SlEventMaskSetCmdCtrl)
                  00011098    00000004     netapp.obj (.const:_SlGetHostByNameCtrl)
                  0001109c    00000004     netapp.obj (.const:_SlGetHostByServiceCtrl)
                  000110a0    00000004     netapp.obj (.const:_SlGetServiceListeCtrl)
                  000110a4    00000004     socket.obj (.const:_SlGetSockOptCmdCtrl)
                  000110a8    00000004     socket.obj (.const:_SlListenCmdCtrl)
                  000110ac    00000004     netapp.obj (.const:_SlNetAppGetCmdCtrl)
                  000110b0    00000004     netapp.obj (.const:_SlNetAppSendTokenValueCmdCtrl)
                  000110b4    00000004     netapp.obj (.const:_SlNetAppSetCmdCtrl)
                  000110b8    00000004     netapp.obj (.const:_SlNetAppStartCtrl)
                  000110bc    00000004     netapp.obj (.const:_SlNetAppStopCtrl)
                  000110c0    00000004     netcfg.obj (.const:_SlNetCfgGetCmdCtrl)
                  000110c4    00000004     netcfg.obj (.const:_SlNetCfgSetCmdCtrl)
                  000110c8    00000004     wlan.obj (.const:_SlPolicyGetCmdCtrl)
                  000110cc    00000004     wlan.obj (.const:_SlPolicySetCmdCtrl)
                  000110d0    00000004     wlan.obj (.const:_SlProfileDelCmdCtrl)
                  000110d4    00000004     wlan.obj (.const:_SlProfileGetCmdCtrl)
                  000110d8    00000004     socket.obj (.const:_SlRecvCmdCtrl)
                  000110dc    00000004     socket.obj (.const:_SlRecvfomCmdCtrl)
                  000110e0    00000004     netapp.obj (.const:_SlRegisterServiceCtrl)
                  000110e4    00000004     wlan.obj (.const:_SlRxFilterAddtCmdCtrl)
                  000110e8    00000004     wlan.obj (.const:_SlRxFilterGetCmdCtrl)
                  000110ec    00000004     wlan.obj (.const:_SlRxFilterSetCmdCtrl)
                  000110f0    00000004     socket.obj (.const:_SlSelectCmdCtrl)
                  000110f4    00000004     socket.obj (.const:_SlSendCmdCtrl)
                  000110f8    00000004     socket.obj (.const:_SlSetSockOptCmdCtrl)
                  000110fc    00000004     wlan.obj (.const:_SlSmartConfigStartCmdCtrl)
                  00011100    00000004     socket.obj (.const:_SlSockCloseCmdCtrl)
                  00011104    00000004     socket.obj (.const:_SlSockSocketCmdCtrl)
                  00011108    00000004     device.obj (.const:_SlStopCmdCtrl)
                  0001110c    00000004     wlan.obj (.const:_SlWlanCfgGetCmdCtrl)
                  00011110    00000004     wlan.obj (.const:_SlWlanCfgSetCmdCtrl)
                  00011114    00000004     wlan.obj (.const:_SlWlanGetNetworkListCtrl)
                  00011118    00000004     wlan.obj (.const:_SlWlanSetModeCmdCtrl)

.cinit     0    00011120    000000c8     
                  00011120    00000093     (.cinit..data.load) [load image, compression = lzss]
                  000111b3    00000001     --HOLE-- [fill = 0]
                  000111b4    0000000c     (__TI_handler_table)
                  000111c0    00000008     (.cinit..bss.load) [load image, compression = zero_init]
                  000111c8    00000008     (.cinit..vtable.load) [load image, compression = zero_init]
                  000111d0    00000018     (__TI_cinit_table)

.init_array 
*          0    00000000    00000000     UNINITIALIZED

.binit     0    00000000    00000000     

.vtable    0    20000000    000000e4     UNINITIALIZED
                  20000000    000000e4     interrupt.obj (.vtable)

.bss       0    200000e4    00003943     UNINITIALIZED
                  200000e4    00001000     (.common:x)
                  200010e4    00001000     (.common:x2)
                  200020e4    00001000     (.common:x3)
                  200030e4    00000648     (.common:g_AppData)
                  2000372c    00000164     (.common:g_StatMem)
                  20003890    0000005c     (.common:hMQTTClient)
                  200038ec    00000028     (.common:g__SlNonOsCB)
                  20003914    00000014     (.common:macStr)
                  20003928    00000010     (.common:n)
                  20003938    0000000c     (.common:Amplitudes)
                  20003944    0000000c     (.common:ChannelCount)
                  20003950    0000000c     (.common:Distances)
                  2000395c    0000000c     (.common:FilteredDistances)
                  20003968    0000000c     (.common:uniqueID)
                  20003974    00000008     cs.obj (.bss)
                  2000397c    00000008     opt3101.obj (.bss)
                  20003984    00000008     (.common:macAddressVal)
                  2000398c    00000004     MQTTPacket.obj (.bss)
                  20003990    00000004     (.common:Average_RPM_L)
                  20003994    00000004     (.common:Average_RPM_R)
                  20003998    00000004     (.common:CenterDistance)
                  2000399c    00000004     (.common:Error)
                  200039a0    00000004     (.common:I1)
                  200039a4    00000004     (.common:ISRLast)
                  200039a8    00000004     (.common:ISRPeriod)
                  200039ac    00000004     (.common:ISRTime)
                  200039b0    00000004     (.common:LPFSum)
                  200039b4    00000004     (.common:LPFSum2)
                  200039b8    00000004     (.common:LPFSum3)
                  200039bc    00000004     (.common:LeftDistance)
                  200039c0    00000004     (.common:LeftSteps)
                  200039c4    00000004     (.common:LeftTach)
                  200039c8    00000004     (.common:MilliTimer)
                  200039cc    00000004     (.common:PTxChan)
                  200039d0    00000004     (.common:Pamplitudes)
                  200039d4    00000004     (.common:Pdistances)
                  200039d8    00000004     (.common:Pt)
                  200039dc    00000004     (.common:Pt2)
                  200039e0    00000004     (.common:Pt3)
                  200039e4    00000004     (.common:RightDistance)
                  200039e8    00000004     (.common:RightSteps)
                  200039ec    00000004     (.common:RightTach)
                  200039f0    00000004     (.common:Size)
                  200039f4    00000004     (.common:StartTime)
                  200039f8    00000004     (.common:TimeToConvert)
                  200039fc    00000004     (.common:TxChannel)
                  20003a00    00000004     (.common:UL)
                  20003a04    00000004     (.common:UR)
                  20003a08    00000004     (.common:g_ucUARTBuffer)
                  20003a0c    00000004     (.common:u1)
                  20003a10    00000004     (.common:u2)
                  20003a14    00000004     (.common:u3)
                  20003a18    00000002     (.common:ActualL)
                  20003a1a    00000002     (.common:ActualR)
                  20003a1c    00000002     (.common:Tachometer_FirstLeftTime)
                  20003a1e    00000002     (.common:Tachometer_FirstRightTime)
                  20003a20    00000002     (.common:Tachometer_SecondLeftTime)
                  20003a22    00000002     (.common:Tachometer_SecondRightTime)
                  20003a24    00000001     (.common:IntIsMasked)
                  20003a25    00000001     (.common:LeftDir)
                  20003a26    00000001     (.common:RightDir)

.sysmem    0    20003a28    00000400     UNINITIALIZED
                  20003a28    00000010     rtsv7M4_T_le_v4SPD16_eabi.lib : memory.c.obj (.sysmem)
                  20003a38    000003f0     --HOLE--

.data      0    20003e28    0000010c     UNINITIALIZED
                  20003e28    00000040     flash.obj (.data:__getBurstProgramRegs)
                  20003e68    0000003c     main.obj (.data)
                  20003ea4    00000030     gpio.obj (.data:GPIO_PORT_TO_BASE)
                  20003ed4    00000018     Clock.obj (.data)
                  20003eec    0000000c     TA3InputCapture.obj (.data)
                  20003ef8    0000000a     Tachometer.obj (.data)
                  20003f02    00000002     --HOLE--
                  20003f04    00000009     driver.obj (.data)
                  20003f0d    00000003     --HOLE--
                  20003f10    00000008     rtsv7M4_T_le_v4SPD16_eabi.lib : _lock.c.obj (.data:$O1$$)
                  20003f18    00000008                                   : memory.c.obj (.data:$O1$$)
                  20003f20    00000004     board.obj (.data)
                  20003f24    00000004     cli_uart.obj (.data)
                  20003f28    00000004     rtsv7M4_T_le_v4SPD16_eabi.lib : errno.c.obj (.data)
                  20003f2c    00000004                                   : strtok.c.obj (.data)
                  20003f30    00000004     system_msp432p401r.obj (.data)

.stack     0    2000fe00    00000200     UNINITIALIZED
                  2000fe00    00000004     rtsv7M4_T_le_v4SPD16_eabi.lib : boot_cortex_m.c.obj (.stack)
                  2000fe04    000001fc     --HOLE--

__llvm_prf_cnts 
*          0    20000000    00000000     UNINITIALIZED

MODULE SUMMARY

       Module                        code    ro data   rw data
       ------                        ----    -------   -------
    .\
       LPF.obj                       1488    0         24664  
       main.obj                      5740    164       3836   
       opt3101.obj                   1308    0         88     
       I2CB1.obj                     932     0         0      
       system_msp432p401r.obj        812     0         8      
       PWM.obj                       552     0         0      
       Clock.obj                     480     0         48     
       TA3InputCapture.obj           468     0         24     
       Tachometer.obj                380     0         36     
       Motor.obj                     380     0         0      
       Bump.obj                      252     0         0      
       LaunchPad.obj                 248     0         0      
       startup_msp432p401r_ccs.obj   14      228       0      
       CortexM.obj                   36      0         0      
    +--+-----------------------------+-------+---------+---------+
       Total:                        13090   392       28704  
                                                              
    .\board\
       board.obj                     836     0         10     
    +--+-----------------------------+-------+---------+---------+
       Total:                        836     0         10     
                                                              
    .\cli_uart\
       cli_uart.obj                  364     0         16     
    +--+-----------------------------+-------+---------+---------+
       Total:                        364     0         16     
                                                              
    .\driverlib\MSP432P4xx\
       flash.obj                     5528    0         128    
       cs.obj                        3452    0         16     
       pcm.obj                       2104    0         0      
       timer_a.obj                   1944    0         0      
       interrupt.obj                 1008    144       456    
       rtc_c.obj                     1288    0         0      
       gpio.obj                      1152    28        96     
       sysctl.obj                    580     0         0      
       crc32.obj                     388     0         0      
       wdt_a.obj                     216     0         0      
       systick.obj                   116     0         0      
       cpu.obj                       62      0         0      
    +--+-----------------------------+-------+---------+---------+
       Total:                        17838   172       696    
                                                              
    .\mqtt\
       MQTTClient.obj                2556    128       0      
       MQTTPacket.obj                1016    4         8      
       MQTTConnectClient.obj         940     20        0      
       MQTTCC3100.obj                904     0         8      
       MQTTSerializePublish.obj      536     8         0      
       MQTTSubscribeClient.obj       536     8         0      
       MQTTUnsubscribeClient.obj     416     4         0      
       MQTTDeserializePublish.obj    312     8         0      
    +--+-----------------------------+-------+---------+---------+
       Total:                        7216    180       16     
                                                              
    .\simplelink\source\
       driver.obj                    8244    76        730    
       socket.obj                    3796    52        0      
       wlan.obj                      2752    236       0      
       netapp.obj                    2876    40        0      
       device.obj                    1460    20        0      
       nonos.obj                     304     0         80     
       netcfg.obj                    272     8         0      
       flowcont.obj                  128     0         0      
    +--+-----------------------------+-------+---------+---------+
       Total:                        19832   432       810    
                                                              
    .\spi_cc3100\
       spi_cc3100.obj                532     0         0      
    +--+-----------------------------+-------+---------+---------+
       Total:                        532     0         0      
                                                              
    C:\ti\ccs1260\ccs\tools\compiler\ti-cgt-arm_20.2.7.LTS\lib\rtsv7M4_T_le_v4SPD16_eabi.lib
       _printfi.c.obj                4851    0         0      
       memory.c.obj                  672     0         16     
       fd_add_t2.asm.obj             438     0         0      
       fd_div_t2.asm.obj             310     0         0      
       s_scalbn.c.obj                272     0         0      
       fd_cmp_t2.asm.obj             268     0         0      
       ctype.c.obj                   0       257       0      
       fd_mul_t2.asm.obj             252     0         0      
       memcpy_t2.asm.obj             156     0         0      
       ull_div_t2.asm.obj            150     0         0      
       snprintf.c.obj                148     0         0      
       memset_t2.asm.obj             122     0         0      
       copy_decompress_lzss.c.obj    104     0         0      
       s_frexp.c.obj                 100     0         0      
       sprintf.c.obj                 98      0         0      
       _ltoa.c.obj                   84      0         0      
       atoi.c.obj                    76      0         0      
       fd_toi_t2.asm.obj             72      0         0      
       strtok.c.obj                  64      0         8      
       autoinit.c.obj                68      0         0      
       strncpy.c.obj                 54      0         0      
       boot_cortex_m.c.obj           52      0         0      
       i_tofd_t2.asm.obj             46      0         0      
       strncmp.c.obj                 44      0         0      
       strspn.c.obj                  42      0         0      
       strcspn.c.obj                 36      0         0      
       memccpy.c.obj                 28      0         0      
       s_copysign.c.obj              26      0         0      
       strcmp.c.obj                  24      0         0      
       strchr.c.obj                  22      0         0      
       strlen.c.obj                  20      0         0      
       _lock.c.obj                   2       0         16     
       wcslen.c.obj                  18      0         0      
       errno.c.obj                   8       0         8      
       copy_decompress_none.c.obj    14      0         0      
       copy_zero_init.c.obj          12      0         0      
       exit.c.obj                    4       0         0      
       pre_init.c.obj                4       0         0      
       div0.asm.obj                  2       0         0      
    +--+-----------------------------+-------+---------+---------+
       Total:                        8763    257       48     
                                                              
       Heap:                         0       0         2048   
       Stack:                        0       0         1024   
       Linker Generated:             0       199       0      
    +--+-----------------------------+-------+---------+---------+
       Grand Total:                  68471   1632      33372  


LINKER GENERATED COPY TABLES

__TI_cinit_table @ 000111d0 records: 3, size/record: 8, table size: 24
	.data: load addr=00011120, load size=00000093 bytes, run addr=20003e28, run size=0000010c bytes, compression=lzss
	.bss: load addr=000111c0, load size=00000008 bytes, run addr=200000e4, run size=00003943 bytes, compression=zero_init
	.vtable: load addr=000111c8, load size=00000008 bytes, run addr=20000000, run size=000000e4 bytes, compression=zero_init


LINKER GENERATED HANDLER TABLE

__TI_handler_table @ 000111b4 records: 3, size/record: 4, table size: 12
	index: 0, handler: __TI_zero_init
	index: 1, handler: __TI_decompress_lzss
	index: 2, handler: __TI_decompress_none


GLOBAL SYMBOLS: SORTED ALPHABETICALLY BY Name 

address   name                                           
-------   ----                                           
00010c35  ADC14_IRQHandler                               
00010c35  AES256_IRQHandler                              
20003a18  ActualL                                        
20003a1a  ActualR                                        
20003938  Amplitudes                                     
20003990  Average_RPM_L                                  
20003994  Average_RPM_R                                  
0000fbe1  Bump_Init                                      
0000fc19  Bump_Read                                      
00010c35  BusFault_Handler                               
00010c61  C$$EXIT                                        
0000d0bb  CC3100_InterruptDisable                        
0000d099  CC3100_InterruptEnable                         
0000d363  CC3100_UART_ISR                                
0000d081  CC3100_disable                                 
0000d08d  CC3100_enable                                  
0000f241  CLI_Configure                                  
0000f19b  CLI_Read                                       
0000f1ed  CLI_Write                                      
00010c35  COMP_E0_IRQHandler                             
00010c35  COMP_E1_IRQHandler                             
20003edc  CPMwait                                        
000109ab  CPU_basepriGet                                 
0001099d  CPU_basepriSet                                 
00010977  CPU_cpsid                                      
0001098d  CPU_cpsie                                      
00010983  CPU_primask                                    
00010999  CPU_wfi                                        
0000ede1  CRC32_getResult                                
0000ee0d  CRC32_getResultReversed                        
0000ed2f  CRC32_set16BitData                             
0000ed9d  CRC32_set16BitDataReversed                     
0000ed55  CRC32_set32BitData                             
0000edc1  CRC32_set32BitDataReversed                     
0000ed09  CRC32_set8BitData                              
0000ed79  CRC32_set8BitDataReversed                      
0000ecd9  CRC32_setSeed                                  
00010c35  CS_IRQHandler                                  
000068f1  CS_clearInterruptFlag                          
00006199  CS_disableClockRequest                         
0000627f  CS_disableDCOExternalResistor                  
000067c5  CS_disableFaultCounter                         
000068af  CS_disableInterrupt                            
00006171  CS_enableClockRequest                          
000061e1  CS_enableDCOExternalResistor                   
00006799  CS_enableFaultCounter                          
0000688d  CS_enableInterrupt                             
00006731  CS_getACLK                                     
000066f1  CS_getBCLK                                     
00006379  CS_getDCOFrequency                             
000068d7  CS_getEnabledInterruptStatus                   
0000670d  CS_getHSMCLK                                   
000068d1  CS_getInterruptStatus                          
00006777  CS_getMCLK                                     
00006755  CS_getSMCLK                                    
00005e91  CS_initClockSignal                             
00006913  CS_registerInterrupt                           
000067f1  CS_resetFaultCounter                           
0000629d  CS_setDCOCenteredFrequency                     
00006209  CS_setDCOExternalResistorCalibration           
00006519  CS_setDCOFrequency                             
00005e55  CS_setExternalClockSourceFrequency             
000061bb  CS_setReferenceOscillatorFrequency             
0000683d  CS_startFaultCounter                           
00005f95  CS_startHFXT                                   
00005fb9  CS_startHFXTWithTimeout                        
0000607d  CS_startLFXT                                   
000060a1  CS_startLFXTWithTimeout                        
000062d5  CS_tuneDCOFrequency                            
00006927  CS_unregisterInterrupt                         
20003eec  CaptureTask0                                   
20003ef0  CaptureTask1                                   
20003ef4  CaptureTask2                                   
20003998  CenterDistance                                 
20003944  ChannelCount                                   
20003ed4  ClockFrequency                                 
0000e551  Clock_Delay1ms                                 
0000e527  Clock_Delay1us                                 
0000e513  Clock_GetFreq                                  
0000e3fd  Clock_Init48MHz                                
0000cfc1  ConnectNetwork                                 
0000223d  Controller                                     
00002501  Controller_Right                               
00006fc9  CopyPingResultsToReport                        
20003ee8  Crystalstable                                  
00010c35  DMA_ERR_IRQHandler                             
00010c35  DMA_INT0_IRQHandler                            
00010c35  DMA_INT1_IRQHandler                            
00010c35  DMA_INT2_IRQHandler                            
00010c35  DMA_INT3_IRQHandler                            
00010c35  DebugMon_Handler                               
00010c35  Default_Handler                                
0000d30d  Delay                                          
00010afd  DisableInterrupts                              
20003950  Distances                                      
0000f155  EUSCIA0_IRQHandler                             
0000f155  EUSCIA0_IRQHandler                             
00010c35  EUSCIA1_IRQHandler                             
00010c35  EUSCIA2_IRQHandler                             
00010c35  EUSCIA3_IRQHandler                             
00010c35  EUSCIB0_IRQHandler                             
00010c35  EUSCIB1_IRQHandler                             
00010c35  EUSCIB2_IRQHandler                             
00010c35  EUSCIB3_IRQHandler                             
00010b03  EnableInterrupts                               
00010b13  EndCritical                                    
2000399c  Error                                          
00010c35  FLCTL_IRQHandler                               
00010c35  FPU_IRQHandler                                 
2000395c  FilteredDistances                              
000047cb  FlashCtl_clearInterruptFlag                    
0000468f  FlashCtl_clearProgramVerification              
000047a1  FlashCtl_disableInterrupt                      
00003d01  FlashCtl_disableReadBuffering                  
000046f9  FlashCtl_disableWordProgramming                
0000478d  FlashCtl_enableInterrupt                       
00003cad  FlashCtl_enableReadBuffering                   
000046c9  FlashCtl_enableWordProgramming                 
0000432d  FlashCtl_eraseSector                           
000047bb  FlashCtl_getEnabledInterruptStatus             
000047b5  FlashCtl_getInterruptStatus                    
0000392f  FlashCtl_getMemoryInfo                         
00004191  FlashCtl_getReadMode                           
0000475f  FlashCtl_getWaitState                          
000041bb  FlashCtl_initiateMassErase                     
00004451  FlashCtl_initiateSectorErase                   
00003e31  FlashCtl_isSectorProtected                     
00004701  FlashCtl_isWordProgrammingEnabled              
000041e1  FlashCtl_performMassErase                      
000044e9  FlashCtl_programMemory                         
00003dd1  FlashCtl_protectSector                         
000047df  FlashCtl_registerInterrupt                     
00004655  FlashCtl_setProgramVerification                
00004125  FlashCtl_setReadMode                           
00004721  FlashCtl_setWaitState                          
00003d61  FlashCtl_unprotectSector                       
000047f3  FlashCtl_unregisterInterrupt                   
00003ebd  FlashCtl_verifyMemory                          
0000bc4f  GPIO_clearInterruptFlag                        
0000bc0f  GPIO_disableInterrupt                          
0000bbed  GPIO_enableInterrupt                           
0000bca7  GPIO_getEnabledInterruptStatus                 
0000bbbf  GPIO_getInputPinValue                          
0000bc31  GPIO_getInterruptStatus                        
0000bc71  GPIO_interruptEdgeSelect                       
0000bd67  GPIO_registerInterrupt                         
0000b967  GPIO_setAsInputPin                             
0000bb1b  GPIO_setAsInputPinWithPullDownResistor         
0000bb6d  GPIO_setAsInputPinWithPullUpResistor           
0000b92d  GPIO_setAsOutputPin                            
0000ba31  GPIO_setAsPeripheralModuleFunctionInputPin     
0000b9ad  GPIO_setAsPeripheralModuleFunctionOutputPin    
0000bd23  GPIO_setDriveStrengthHigh                      
0000bd45  GPIO_setDriveStrengthLow                       
0000bab5  GPIO_setOutputHighOnPin                        
0000bad7  GPIO_setOutputLowOnPin                         
0000baf9  GPIO_toggleOutputOnPin                         
0000bd87  GPIO_unregisterInterrupt                       
0000d259  GetLEDStatus                                   
00010c35  HardFault_Handler                              
200039a0  I1                                             
0000c941  I2CB1_Init                                     
0000ca07  I2CB1_Recv                                     
0000cc5b  I2CB1_Recv1                                    
0000c98f  I2CB1_Send                                     
0000ca83  I2CB1_Send1                                    
0000cadf  I2CB1_Send2                                    
0000cb4f  I2CB1_Send3                                    
0000cbcd  I2CB1_Send4                                    
20003ee4  IFlags                                         
200039a4  ISRLast                                        
200039a8  ISRPeriod                                      
200039ac  ISRTime                                        
0000cd67  InitTimer                                      
20003a24  IntIsMasked                                    
0000c367  Interrupt_disableInterrupt                     
0000c1b7  Interrupt_disableMaster                        
0000c565  Interrupt_disableSleepOnIsrExit                
0000c2f5  Interrupt_enableInterrupt                      
0000c1a7  Interrupt_enableMaster                         
0000c553  Interrupt_enableSleepOnIsrExit                 
0000c2cf  Interrupt_getPriority                          
0000c247  Interrupt_getPriorityGrouping                  
0000c533  Interrupt_getPriorityMask                      
0000c54d  Interrupt_getVectorTableAddress                
0000c3d9  Interrupt_isEnabled                            
0000c465  Interrupt_pendInterrupt                        
0000c1c7  Interrupt_registerInterrupt                    
0000c27f  Interrupt_setPriority                          
0000c22d  Interrupt_setPriorityGrouping                  
0000c523  Interrupt_setPriorityMask                      
0000c53d  Interrupt_setVectorTableAddress                
0000c4d5  Interrupt_unpendInterrupt                      
0000c219  Interrupt_unregisterInterrupt                  
20003e98  Ki                                             
20003e9c  Kp                                             
200039b0  LPFSum                                         
200039b4  LPFSum2                                        
200039b8  LPFSum3                                        
0000a4d9  LPF_Calc                                       
0000a62d  LPF_Calc2                                      
0000a799  LPF_Calc3                                      
0000a419  LPF_Calc_old                                   
0000a47b  LPF_Init                                       
0000a5d1  LPF_Init2                                      
0000a745  LPF_Init3                                      
0000a3c5  LPF_Init_old                                   
0000fdd9  LaunchPad_Init                                 
0000fe49  LaunchPad_Input                                
0000fe67  LaunchPad_LED                                  
0000fe85  LaunchPad_Output                               
000026e3  Left                                           
20003a25  LeftDir                                        
200039bc  LeftDistance                                   
20003e78  LeftDuty                                       
200039c0  LeftSteps                                      
200039c4  LeftTach                                       
00008a77  MQTTClient                                     
00008fbd  MQTTConnect                                    
0000f4b5  MQTTDeserialize_ack                            
0000c807  MQTTDeserialize_connack                        
0000f3fd  MQTTDeserialize_publish                        
0000e137  MQTTDeserialize_suback                         
0000ec93  MQTTDeserialize_unsuback                       
00009363  MQTTDisconnect                                 
0000be03  MQTTPacket_decode                              
0000bee9  MQTTPacket_decodeBuf                           
0000bdad  MQTTPacket_encode                              
0000c0c5  MQTTPacket_equals                              
0000be6b  MQTTPacket_len                                 
0000c129  MQTTPacket_read                                
00009239  MQTTPublish                                    
0000decd  MQTTSerialize_ack                              
0000c64d  MQTTSerialize_connect                          
0000c595  MQTTSerialize_connectLength                    
0000c8f7  MQTTSerialize_disconnect                       
0000c90d  MQTTSerialize_pingreq                          
0000df57  MQTTSerialize_puback                           
0000dfa5  MQTTSerialize_pubcomp                          
0000ddf7  MQTTSerialize_publish                          
0000ddb9  MQTTSerialize_publishLength                    
0000df7b  MQTTSerialize_pubrel                           
0000e035  MQTTSerialize_subscribe                        
0000dfd1  MQTTSerialize_subscribeLength                  
0000eb9d  MQTTSerialize_unsubscribe                      
0000eb39  MQTTSerialize_unsubscribeLength                
0000c88f  MQTTSerialize_zero                             
00009087  MQTTSubscribe                                  
0000918f  MQTTUnsubscribe                                
00008f49  MQTTYield                                      
0000c099  MQTTstrlen                                     
0000d0cf  MaskIntHdlr                                    
0000a8b1  Median                                         
00010c35  MemManage_Handler                              
200039c8  MilliTimer                                     
20003e94  Mode                                           
0000ef85  Motor_Backward                                 
0000eee1  Motor_Forward                                  
0000ee5d  Motor_Init                                     
0000ef4b  Motor_Left                                     
0000ef11  Motor_Right                                    
0000eeb3  Motor_Stop                                     
00010c35  NMI_Handler                                    
000089b9  NewMessageData                                 
0000ce73  NewNetwork                                     
0000a52d  Noise                                          
0000a6a1  Noise2                                         
0000a805  Noise3                                         
0000b33b  OPT3101_ArmInterrupts                          
0000b0fb  OPT3101_CalibrateInternalCrosstalk             
0000b2a1  OPT3101_CheckDistanceSensor                    
0000b26d  OPT3101_GetAmplitude                           
0000b28b  OPT3101_GetDistanceMillimeters                 
0000b2b9  OPT3101_GetMeasurement                         
0000b281  OPT3101_GetPhase                               
0000b263  OPT3101_GetTxChannel                           
0000af73  OPT3101_Init                                   
0000b243  OPT3101_MeasurementError                       
0000b22b  OPT3101_ReadMeasurement                        
0000af09  OPT3101_ReadRegister                           
0000afd1  OPT3101_Setup                                  
0000b1dd  OPT3101_StartMeasurement                       
0000b1eb  OPT3101_StartMeasurementChannel                
0000af39  OPT3101_WriteRegister                          
00010c35  PCM_IRQHandler                                 
00009b8f  PCM_clearInterruptFlag                         
00009b65  PCM_disableInterrupt                           
00009b3d  PCM_disableRudeMode                            
00009b51  PCM_enableInterrupt                            
00009b2b  PCM_enableRudeMode                             
00009537  PCM_getCoreVoltageLevel                        
00009b7f  PCM_getEnabledInterruptStatus                  
00009b79  PCM_getInterruptStatus                         
000094dd  PCM_getPowerMode                               
00009b1f  PCM_getPowerState                              
00009a51  PCM_gotoLPM0                                   
00009a6f  PCM_gotoLPM0InterruptSafe                      
00009a8b  PCM_gotoLPM3                                   
00009b03  PCM_gotoLPM3InterruptSafe                      
00009a25  PCM_gotoLPM4                                   
00009a35  PCM_gotoLPM4InterruptSafe                      
00009ba3  PCM_registerInterrupt                          
000094ab  PCM_setCoreVoltageLevel                        
000094cd  PCM_setCoreVoltageLevelNonBlocking             
000094bb  PCM_setCoreVoltageLevelWithTimeout             
000096dd  PCM_setPowerMode                               
000096ed  PCM_setPowerModeNonBlocking                    
000096fd  PCM_setPowerModeWithTimeout                    
000099af  PCM_setPowerState                              
000099d1  PCM_setPowerStateNonBlocking                   
000099bf  PCM_setPowerStateWithTimeout                   
000099e1  PCM_shutdownDevice                             
00009bb7  PCM_unregisterInterrupt                        
00003305  PORT1_IRQHandler                               
00003305  PORT1_IRQHandler                               
0000d33d  PORT2_IRQHandler                               
0000d33d  PORT2_IRQHandler                               
00010c35  PORT3_IRQHandler                               
00010c35  PORT4_IRQHandler                               
00010c35  PORT5_IRQHandler                               
0000b391  PORT6_IRQHandler                               
0000b391  PORT6_IRQHandler                               
00010c35  PSS_IRQHandler                                 
200039cc  PTxChan                                        
0000dc7b  PWM_Duty1                                      
0000dc9b  PWM_Duty2                                      
0000dd3f  PWM_Duty3                                      
0000dd5f  PWM_Duty4                                      
0000db91  PWM_Init1                                      
0000dbf7  PWM_Init12                                     
0000dcbb  PWM_Init34                                     
200039d0  Pamplitudes                                    
00002615  Pause                                          
200039d4  Pdistances                                     
00010c35  PendSV_Handler                                 
0000d30b  Port1_ISR                                      
20003ee0  Postwait                                       
20003ed8  Prewait                                        
200039d8  Pt                                             
200039dc  Pt2                                            
200039e0  Pt3                                            
00010c35  RTC_C_IRQHandler                               
0000b881  RTC_C_clearInterruptFlag                       
0000b6cb  RTC_C_convertBCDToBinary                       
0000b6e3  RTC_C_convertBinaryToBCD                       
0000b627  RTC_C_definePrescaleEvent                      
0000b751  RTC_C_disableInterrupt                         
0000b6fb  RTC_C_enableInterrupt                          
0000b559  RTC_C_getCalendarTime                          
0000b821  RTC_C_getEnabledInterruptStatus                
0000b7b9  RTC_C_getInterruptStatus                       
0000b64f  RTC_C_getPrescaleValue                         
0000b443  RTC_C_holdClock                                
0000b4e7  RTC_C_initCalendar                             
0000b8c7  RTC_C_registerInterrupt                        
0000b5bf  RTC_C_setCalendarAlarm                         
0000b5f7  RTC_C_setCalendarEvent                         
0000b491  RTC_C_setCalibrationData                       
0000b461  RTC_C_setCalibrationFrequency                  
0000b67b  RTC_C_setPrescaleValue                         
0000b4bd  RTC_C_setTemperatureCompensation               
0000b425  RTC_C_startClock                               
0000b8e5  RTC_C_unregisterInterrupt                      
00010c29  Reset_Handler                                  
000026c1  Right                                          
20003a26  RightDir                                       
200039e4  RightDistance                                  
20003e7a  RightDuty                                      
200039e8  RightSteps                                     
200039ec  RightTach                                      
20003e80  S1buttonDebounce                               
20003e84  S2buttonDebounce                               
00005af3  SL_FD_CLR                                      
00005b19  SL_FD_ISSET                                    
00005ad1  SL_FD_SET                                      
00005b41  SL_FD_ZERO                                     
00010c35  SVC_Handler                                    
0000d2c7  SelAntenna                                     
20003ea0  SetPoint                                       
000021df  SimpleLinkGeneralEventHandler                  
000021d1  SimpleLinkHttpServerCallback                   
000021a1  SimpleLinkNetAppEventHandler                   
000021eb  SimpleLinkSockEventHandler                     
00002135  SimpleLinkWlanEventHandler                     
200039f0  Size                                           
00010b09  StartCritical                                  
200039f4  StartTime                                      
0000db3f  SysCtl_disableGlitchFilter                     
0000d9cf  SysCtl_disableNMISource                        
0000dad7  SysCtl_disablePeripheralAtCPUHalt              
0000da19  SysCtl_disableSRAMBank                         
0000da9d  SysCtl_disableSRAMBankRetention                
0000db33  SysCtl_enableGlitchFilter                      
0000d9e3  SysCtl_enableNMISource                         
0000dac3  SysCtl_enablePeripheralAtCPUHalt               
0000d9fd  SysCtl_enableSRAMBank                          
0000da81  SysCtl_enableSRAMBankRetention                 
0000d9c9  SysCtl_getFlashSize                            
0000d9f7  SysCtl_getNMISourceStatus                      
0000d9c3  SysCtl_getSRAMSize                             
0000d94d  SysCtl_getTLVInfo                              
0000db4b  SysCtl_getTempCalibrationConstant              
0000dab9  SysCtl_rebootDevice                            
0000db0f  SysCtl_setWDTPasswordViolationResetType        
0000daeb  SysCtl_setWDTTimeoutResetType                  
0000cce5  SysTick_Handler                                
0000cce5  SysTick_Handler                                
000104b5  SysTick_disableInterrupt                       
00010485  SysTick_disableModule                          
000104a9  SysTick_enableInterrupt                        
00010479  SysTick_enableModule                           
000104d3  SysTick_getPeriod                              
000104db  SysTick_getValue                               
00010491  SysTick_registerInterrupt                      
000104c1  SysTick_setPeriod                              
0001049f  SysTick_unregisterInterrupt                    
20003f30  SystemCoreClock                                
0000d3b1  SystemCoreClockUpdate                          
0000d625  SystemInit                                     
00010c35  T32_INT1_IRQHandler                            
00010c35  T32_INT2_IRQHandler                            
00010c35  T32_INTC_IRQHandler                            
00010c35  TA0_0_IRQHandler                               
00010c35  TA0_N_IRQHandler                               
00003375  TA1_0_IRQHandler                               
00003375  TA1_0_IRQHandler                               
00010c35  TA1_N_IRQHandler                               
00010c35  TA2_0_IRQHandler                               
00010c35  TA2_N_IRQHandler                               
0000e669  TA3_0_IRQHandler                               
0000e669  TA3_0_IRQHandler                               
0000e683  TA3_N_IRQHandler                               
0000e683  TA3_N_IRQHandler                               
0000ce99  TLSConnectNetwork                              
20003a1c  Tachometer_FirstLeftTime                       
20003a1e  Tachometer_FirstRightTime                      
0000f08f  Tachometer_Get                                 
0000f065  Tachometer_Init                                
20003f01  Tachometer_LeftDir                             
20003efc  Tachometer_LeftSteps                           
20003f00  Tachometer_RightDir                            
20003ef8  Tachometer_RightSteps                          
20003a20  Tachometer_SecondLeftTime                      
20003a22  Tachometer_SecondRightTime                     
200039f8  TimeToConvert                                  
0000e5e9  TimerA3Capture_Init01                          
0000e6c3  TimerA3Capture_Init02                          
0000a0b7  Timer_A_clearCaptureCompareInterrupt           
0000a0a1  Timer_A_clearInterruptFlag                     
00009f1f  Timer_A_clearTimer                             
00009d47  Timer_A_configureContinuousMode                
00009dd5  Timer_A_configureUpDownMode                    
00009d77  Timer_A_configureUpMode                        
0000a145  Timer_A_disableCaptureCompareInterrupt         
0000a0f3  Timer_A_disableInterrupt                       
0000a119  Timer_A_enableCaptureCompareInterrupt          
0000a0df  Timer_A_enableInterrupt                        
00009feb  Timer_A_generatePWM                            
00009f91  Timer_A_getCaptureCompareCount                 
0000a1ad  Timer_A_getCaptureCompareEnabledInterruptStatus
0000a16d  Timer_A_getCaptureCompareInterruptStatus       
00009ed3  Timer_A_getCounterValue                        
0000a195  Timer_A_getEnabledInterruptStatus              
0000a107  Timer_A_getInterruptStatus                     
00009f63  Timer_A_getOutputForOutputModeOutBitValue      
00009f33  Timer_A_getSynchronizedCaptureCompareInput     
00009e33  Timer_A_initCapture                            
00009e85  Timer_A_initCompare                            
0000a1e9  Timer_A_registerInterrupt                      
0000a075  Timer_A_setCompareValue                        
00009fb3  Timer_A_setOutputForOutputModeOutBitValue      
00009d31  Timer_A_startCounter                           
0000a061  Timer_A_stopTimer                              
0000a2bb  Timer_A_unregisterInterrupt                    
200039fc  TxChannel                                      
20003a00  UL                                             
20003a04  UR                                             
0000d0d7  UnMaskIntHdlr                                  
00010c35  UsageFault_Handler                             
4000480c  WDTCTL_SYM                                     
00010c35  WDT_A_IRQHandler                               
0000fff5  WDT_A_clearTimer                               
0000ffb5  WDT_A_holdTimer                                
00010031  WDT_A_initIntervalTimer                        
00010015  WDT_A_initWatchdogTimer                        
00010065  WDT_A_registerInterrupt                        
0001004d  WDT_A_setPasswordViolationReset                
00010059  WDT_A_setTimeoutReset                          
0000ffd5  WDT_A_startTimer                               
00010079  WDT_A_unregisterInterrupt                      
00010b1b  WaitForInterrupt                               
00011084  _SlAcceptCmdCtrl                               
00010f18  _SlActionLookupTable                           
00000fb1  _SlAsyncEventGenericHandler                    
00011088  _SlDeviceGetCmdCtrl                            
0001108c  _SlDeviceSetCmdCtrl                            
000019c9  _SlDrvBasicCmd                                 
00001677  _SlDrvClassifyRxMsg                            
000002af  _SlDrvCmdOp                                    
0000035f  _SlDrvCmdSend                                  
000003b5  _SlDrvDataReadOp                               
000005b9  _SlDrvDataWriteOp                              
0000ae89  _SlDrvDeviceEventHandler                       
000001c9  _SlDrvDriverCBDeinit                           
000000e5  _SlDrvDriverCBInit                             
000103bb  _SlDrvFlowContDeinit                           
0001037d  _SlDrvFlowContInit                             
00000979  _SlDrvMsgRead                                  
00001499  _SlDrvMsgReadCmdCtx                            
00001593  _SlDrvMsgReadSpawnCtx                          
00000785  _SlDrvMsgWrite                                 
00007399  _SlDrvNetAppEventHandler                       
00001ec1  _SlDrvObjDeInit                                
00001e45  _SlDrvObjInit                                  
00001c39  _SlDrvReleasePoolObj                           
000017c5  _SlDrvRxHdrRead                                
0000026d  _SlDrvRxIrqHandler                             
0000177d  _SlDrvShiftDWord                               
00001a31  _SlDrvWaitForPoolObj                           
00011090  _SlEventMaskGetCmdCtrl                         
00011094  _SlEventMaskSetCmdCtrl                         
00001f9f  _SlFindAndSetActiveObj                         
00011098  _SlGetHostByNameCtrl                           
0001109c  _SlGetHostByServiceCtrl                        
000110a0  _SlGetServiceListeCtrl                         
000110a4  _SlGetSockOptCmdCtrl                           
000110a8  _SlListenCmdCtrl                               
000110ac  _SlNetAppGetCmdCtrl                            
000110b0  _SlNetAppSendTokenValueCmdCtrl                 
000110b4  _SlNetAppSetCmdCtrl                            
000110b8  _SlNetAppStartCtrl                             
000110bc  _SlNetAppStopCtrl                              
000110c0  _SlNetCfgGetCmdCtrl                            
000110c4  _SlNetCfgSetCmdCtrl                            
0000f731  _SlNonOsMainLoopTask                           
0000f685  _SlNonOsSemGet                                 
0000f66d  _SlNonOsSemSet                                 
0000f6e1  _SlNonOsSpawn                                  
000110c8  _SlPolicyGetCmdCtrl                            
000110cc  _SlPolicySetCmdCtrl                            
000110d0  _SlProfileDelCmdCtrl                           
000110d4  _SlProfileGetCmdCtrl                           
000110d8  _SlRecvCmdCtrl                                 
000110dc  _SlRecvfomCmdCtrl                              
000110e0  _SlRegisterServiceCtrl                         
00001ee1  _SlRemoveFromList                              
000110e4  _SlRxFilterAddtCmdCtrl                         
000110e8  _SlRxFilterGetCmdCtrl                          
000110ec  _SlRxFilterSetCmdCtrl                          
000110f0  _SlSelectCmdCtrl                               
000110f4  _SlSendCmdCtrl                                 
000110f8  _SlSetSockOptCmdCtrl                           
000110fc  _SlSmartConfigStartCmdCtrl                     
00011100  _SlSockCloseCmdCtrl                            
00011104  _SlSockSocketCmdCtrl                           
00011108  _SlStopCmdCtrl                                 
0001110c  _SlWlanCfgGetCmdCtrl                           
00011110  _SlWlanCfgSetCmdCtrl                           
00011114  _SlWlanGetNetworkListCtrl                      
00011118  _SlWlanSetModeCmdCtrl                          
00004bf7  __FlashCtl_remaskBurstDataPost                 
00004add  __FlashCtl_remaskBurstDataPre                  
00004921  __FlashCtl_remaskData32Post                    
00004a05  __FlashCtl_remaskData32Pre                     
00004803  __FlashCtl_remaskData8Post                     
00004883  __FlashCtl_remaskData8Pre                      
20010000  __STACK_END                                    
00000200  __STACK_SIZE                                   
00000400  __SYSMEM_SIZE                                  
000111d0  __TI_CINIT_Base                                
000111e8  __TI_CINIT_Limit                               
000111b4  __TI_Handler_Table_Base                        
000111c0  __TI_Handler_Table_Limit                       
00010875  __TI_auto_init_nobinit_nopinit                 
000105cb  __TI_decompress_lzss                           
00010c1b  __TI_decompress_none                           
000106ef  __TI_ltoa                                      
ffffffff  __TI_pprof_out_hndl                            
00007f69  __TI_printfi                                   
ffffffff  __TI_prof_data_size                            
ffffffff  __TI_prof_data_start                           
00000000  __TI_static_base__                             
00010c37  __TI_zero_init                                 
00010271  __aeabi_cdcmpeq                                
00010271  __aeabi_cdcmple                                
000102f7  __aeabi_cdrcmple                               
0001082d  __aeabi_d2iz                                   
0000e98b  __aeabi_dadd                                   
0000f535  __aeabi_ddiv                                   
0000fcdd  __aeabi_dmul                                   
0000e981  __aeabi_dsub                                   
00010c4d  __aeabi_errno_addr                             
00010a51  __aeabi_i2d                                    
0000eb37  __aeabi_idiv0                                  
0000eb37  __aeabi_ldiv0                                  
000103fd  __aeabi_memclr                                 
000103fd  __aeabi_memclr4                                
000103fd  __aeabi_memclr8                                
0001013f  __aeabi_memcpy                                 
0001013f  __aeabi_memcpy4                                
0001013f  __aeabi_memcpy8                                
000103ff  __aeabi_memset                                 
000103ff  __aeabi_memset4                                
000103ff  __aeabi_memset8                                
000101db  __aeabi_uldivmod                               
ffffffff  __binit__                                      
ffffffff  __c_args__                                     
UNDEFED   __mpu_init                                     
2000fe00  __stack                                        
20000000  __start___llvm_prf_cnts                        
20000000  __stop___llvm_prf_cnts                         
000109ed  _c_int00_noargs                                
00010c64  _ctypes_                                       
20003f10  _lock                                          
000089b7  _nop                                           
00004d1d  _sl_BuildAddress                               
0000a955  _sl_GetStartResponseConvert                    
00005731  _sl_HandleAsync_Accept                         
0000532b  _sl_HandleAsync_Connect                        
00006db3  _sl_HandleAsync_DnsGetHostByAddr               
00006f01  _sl_HandleAsync_DnsGetHostByName               
00006ce5  _sl_HandleAsync_DnsGetHostByService            
0000aab9  _sl_HandleAsync_InitComplete                   
00007005  _sl_HandleAsync_PingResponse                   
00005b59  _sl_HandleAsync_Select                         
0000ab6b  _sl_HandleAsync_Stop                           
00004e35  _sl_ParseAddress                               
00004d6d  _sl_TruncatePayloadByProtocol                  
20003a28  _sys_memory                                    
UNDEFED   _system_post_cinit                             
00010c5d  _system_pre_init                               
20003f14  _unlock                                        
00010c61  abort                                          
0000fae1  aligned_alloc                                  
00010795  atoi                                           
0000f0db  avg                                            
ffffffff  binit                                          
0000beb1  bufchar                                        
0000ce63  cc3100_disconnect                              
0000cd77  cc3100_read                                    
0000cdf9  cc3100_write                                   
20003e7c  channel                                        
0000d0eb  clear_rts                                      
20003f24  cli_have_cmd                                   
00010b7d  copysign                                       
00010b7d  copysignl                                      
0000cd27  countdown                                      
0000cd0f  countdown_ms                                   
00008ddd  cycle                                          
00008ae9  decodePacket                                   
0000e519  delay                                          
00008cc1  deliverMessage                                 
20003f28  errno                                          
0000ccef  expired                                        
0000fed1  free                                           
00010635  frexp                                          
00010635  frexpl                                         
20003f0c  gFirstCmdMode                                  
200030e4  g_AppData                                      
00010ffc  g_H2NCnysPattern                               
00011004  g_H2NSyncPattern                               
2000372c  g_StatMem                                      
20003e90  g_Status                                       
200038ec  g__SlNonOsCB                                   
20003f04  g_pCB                                          
20000000  g_pfnRAMVectors                                
20003a08  g_ucUARTBuffer                                 
0000bfd5  getLenStringLen                                
000089d3  getNextPacketId                                
20003890  hMQTTClient                                    
20003e68  i_tach                                         
0000d293  initAntSelGPIO                                 
0000d0f7  initClk                                        
0000d16b  initLEDs                                       
00000000  interruptVectors                               
00008c0d  isTopicMatched                                 
0000a385  isqrt                                          
00008d71  keepalive                                      
0000f9d1  ldexp                                          
0000f9d1  ldexpl                                         
0000cd45  left_ms                                        
20003e8c  macAddressLen                                  
20003984  macAddressVal                                  
20003914  macStr                                         
00002911  main                                           
00010c55  malloc                                         
0000fae1  memalign                                       
00010b61  memccpy                                        
0001013f  memcpy                                         
00010405  memset                                         
20003928  n                                              
20003e6c  n_tach                                         
20003f20  pIraEventHandler                               
20003f08  pPingCallBackFunc                              
00002119  pollDistanceSensor                             
20003e88  publishID                                      
0000bf27  readChar                                       
0000beff  readInt                                        
0000c03f  readMQTTLenString                              
00008b63  readPacket                                     
0000d06d  registerInterruptHandler                       
0000f9d1  scalbn                                         
0000f9d1  scalbnl                                        
000089f7  sendPacket                                     
0000d0df  set_rts                                        
0000552d  sl_Accept                                      
00004f0f  sl_Bind                                        
00004ee5  sl_Close                                       
000051d5  sl_Connect                                     
0000ad85  sl_DevGet                                      
0000ae23  sl_DevSet                                      
0000ad51  sl_EventMaskGet                                
0000ad17  sl_EventMaskSet                                
000058b1  sl_GetSockOpt                                  
000056af  sl_Htonl                                       
000056f1  sl_Htons                                       
000054ed  sl_Listen                                      
00006dc1  sl_NetAppDnsGetHostByName                      
00006bb5  sl_NetAppDnsGetHostByService                   
00007309  sl_NetAppGet                                   
000069b5  sl_NetAppGetServiceList                        
00006b39  sl_NetAppMDNSRegisterService                   
00006a85  sl_NetAppMDNSRegisterUnregisterService         
00006b75  sl_NetAppMDNSUnRegisterService                 
000070c9  sl_NetAppPingStart                             
000072a5  sl_NetAppSendTokenValue                        
00007239  sl_NetAppSet                                   
0000696d  sl_NetAppStart                                 
00006991  sl_NetAppStop                                  
0000f927  sl_NetCfgGet                                   
0000f8c1  sl_NetCfgSet                                   
000057c9  sl_Recv                                        
000050b3  sl_RecvFrom                                    
0000594b  sl_Select                                      
000053dd  sl_Send                                        
00004f97  sl_SendTo                                      
00005845  sl_SetSockOpt                                  
00004e8f  sl_Socket                                      
0000a9b5  sl_Start                                       
0000abef  sl_Stop                                        
0000a9ad  sl_Task                                        
000074a9  sl_WlanConnect                                 
000076e1  sl_WlanDisconnect                              
00007eb1  sl_WlanGet                                     
00007b79  sl_WlanGetNetworkList                          
00007755  sl_WlanPolicyGet                               
000076ed  sl_WlanPolicySet                               
000077f9  sl_WlanProfileAdd                              
00007b4b  sl_WlanProfileDel                              
00007a69  sl_WlanProfileGet                              
00007beb  sl_WlanRxFilterAdd                             
00007cad  sl_WlanRxFilterGet                             
00007c59  sl_WlanRxFilterSet                             
00007d3b  sl_WlanRxStatGet                               
00007d23  sl_WlanRxStatStart                             
00007d2f  sl_WlanRxStatStop                              
00007e3d  sl_WlanSet                                     
00007e0d  sl_WlanSetMode                                 
00007d81  sl_WlanSmartConfigStart                        
00007d71  sl_WlanSmartConfigStop                         
000107e1  snprintf                                       
0000e1e9  spi_Close                                      
0000e1f5  spi_Open                                       
0000e341  spi_Read                                       
0000e2e7  spi_Write                                      
000108b9  sprintf                                        
0000d161  stopWDT                                        
20003e70  stop_tach                                      
00010bdf  strchr                                         
00010bc7  strcmp                                         
00010b21  strcspn                                        
00010bf5  strlen                                         
00010a7f  strncmp                                        
000109b5  strncpy                                        
00010aab  strspn                                         
000108f9  strtok                                         
0000e5dd  ta3dummy                                       
0000f01f  tachometerLeftInt                              
0000efd9  tachometerRightInt                             
0000d225  toggleLed                                      
0000d1f1  turnLedOff                                     
0000d1bd  turnLedOn                                      
20003a0c  u1                                             
20003a10  u2                                             
20003a14  u3                                             
20003968  uniqueID                                       
00008f8d  waitfor                                        
00002705  wallFollow                                     
20003e74  wall_follow                                    
00010c09  wcslen                                         
0000bfa7  writeCString                                   
0000bf47  writeChar                                      
0000bf67  writeInt                                       
0000bfef  writeMQTTString                                
200000e4  x                                              
200010e4  x2                                             
200020e4  x3                                             


GLOBAL SYMBOLS: SORTED BY Symbol Address 

address   name                                           
-------   ----                                           
00000000  __TI_static_base__                             
00000000  interruptVectors                               
000000e5  _SlDrvDriverCBInit                             
000001c9  _SlDrvDriverCBDeinit                           
00000200  __STACK_SIZE                                   
0000026d  _SlDrvRxIrqHandler                             
000002af  _SlDrvCmdOp                                    
0000035f  _SlDrvCmdSend                                  
000003b5  _SlDrvDataReadOp                               
00000400  __SYSMEM_SIZE                                  
000005b9  _SlDrvDataWriteOp                              
00000785  _SlDrvMsgWrite                                 
00000979  _SlDrvMsgRead                                  
00000fb1  _SlAsyncEventGenericHandler                    
00001499  _SlDrvMsgReadCmdCtx                            
[...]
0000e3fd  Clock_Init48MHz                                
0000e513  Clock_GetFreq                                  
0000e519  delay                                          
0000e527  Clock_Delay1us                                 
0000e551  Clock_Delay1ms                                 
0000e5dd  ta3dummy                                       
0000e5e9  TimerA3Capture_Init01                          
0000e669  TA3_0_IRQHandler                               
0000e669  TA3_0_IRQHandler                               
0000e683  TA3_N_IRQHandler                               
0000e683  TA3_N_IRQHandler                               
0000e6c3  TimerA3Capture_Init02                          
0000e981  __aeabi_dsub                                   
0000e98b  __aeabi_dadd                                   
0000eb37  __aeabi_idiv0                                  
0000eb37  __aeabi_ldiv0                                  
0000eb39  MQTTSerialize_unsubscribeLength                
0000eb9d  MQTTSerialize_unsubscribe                      
0000ec93  MQTTDeserialize_unsuback                       
0000ecd9  CRC32_setSeed                                  
0000ed09  CRC32_set8BitData                              
0000ed2f  CRC32_set16BitData                             
0000ed55  CRC32_set32BitData                             
0000ed79  CRC32_set8BitDataReversed                      
0000ed9d  CRC32_set16BitDataReversed                     
0000edc1  CRC32_set32BitDataReversed                     
0000ede1  CRC32_getResult                                
0000ee0d  CRC32_getResultReversed                        
0000ee5d  Motor_Init                                     
0000eeb3  Motor_Stop                                     
0000eee1  Motor_Forward                                  
0000ef11  Motor_Right                                    
0000ef4b  Motor_Left                                     
0000ef85  Motor_Backward                                 
0000efd9  tachometerRightInt                             
0000f01f  tachometerLeftInt                              
0000f065  Tachometer_Init                                
0000f08f  Tachometer_Get                                 
0000f0db  avg                                            
0000f155  EUSCIA0_IRQHandler                             
0000f155  EUSCIA0_IRQHandler                             
0000f19b  CLI_Read                                       
0000f1ed  CLI_Write                                      
0000f241  CLI_Configure                                  
0000f3fd  MQTTDeserialize_publish                        
0000f4b5  MQTTDeserialize_ack                            
0000f535  __aeabi_ddiv                                   
0000f66d  _SlNonOsSemSet                                 
0000f685  _SlNonOsSemGet                                 
0000f6e1  _SlNonOsSpawn                                  
0000f731  _SlNonOsMainLoopTask                           
0000f8c1  sl_NetCfgSet                                   
0000f927  sl_NetCfgGet                                   
0000f9d1  ldexp                                          
0000f9d1  ldexpl                                         
0000f9d1  scalbn                                         
0000f9d1  scalbnl                                        
0000fae1  aligned_alloc                                  
0000fae1  memalign                                       
0000fbe1  Bump_Init                                      
0000fc19  Bump_Read                                      
0000fcdd  __aeabi_dmul                                   
0000fdd9  LaunchPad_Init                                 
0000fe49  LaunchPad_Input                                
0000fe67  LaunchPad_LED                                  
0000fe85  LaunchPad_Output                               
0000fed1  free                                           
0000ffb5  WDT_A_holdTimer                                
0000ffd5  WDT_A_startTimer                               
0000fff5  WDT_A_clearTimer                               
00010015  WDT_A_initWatchdogTimer                        
00010031  WDT_A_initIntervalTimer                        
0001004d  WDT_A_setPasswordViolationReset                
00010059  WDT_A_setTimeoutReset                          
00010065  WDT_A_registerInterrupt                        
00010079  WDT_A_unregisterInterrupt                      
0001013f  __aeabi_memcpy                                 
0001013f  __aeabi_memcpy4                                
0001013f  __aeabi_memcpy8                                
0001013f  memcpy                                         
000101db  __aeabi_uldivmod                               
00010271  __aeabi_cdcmpeq                                
00010271  __aeabi_cdcmple                                
000102f7  __aeabi_cdrcmple                               
0001037d  _SlDrvFlowContInit                             
000103bb  _SlDrvFlowContDeinit                           
000103fd  __aeabi_memclr                                 
000103fd  __aeabi_memclr4                                
000103fd  __aeabi_memclr8                                
000103ff  __aeabi_memset                                 
000103ff  __aeabi_memset4                                
000103ff  __aeabi_memset8                                
00010405  memset                                         
00010479  SysTick_enableModule                           
00010485  SysTick_disableModule                          
00010491  SysTick_registerInterrupt                      
0001049f  SysTick_unregisterInterrupt                    
000104a9  SysTick_enableInterrupt                        
000104b5  SysTick_disableInterrupt                       
000104c1  SysTick_setPeriod                              
000104d3  SysTick_getPeriod                              
000104db  SysTick_getValue                               
000105cb  __TI_decompress_lzss                           
00010635  frexp                                          
00010635  frexpl                                         
000106ef  __TI_ltoa                                      
00010795  atoi                                           
000107e1  snprintf                                       
0001082d  __aeabi_d2iz                                   
00010875  __TI_auto_init_nobinit_nopinit                 
000108b9  sprintf                                        
000108f9  strtok                                         
00010977  CPU_cpsid                                      
00010983  CPU_primask                                    
0001098d  CPU_cpsie                                      
00010999  CPU_wfi                                        
0001099d  CPU_basepriSet                                 
000109ab  CPU_basepriGet                                 
000109b5  strncpy                                        
000109ed  _c_int00_noargs                                
00010a51  __aeabi_i2d                                    
00010a7f  strncmp                                        
00010aab  strspn                                         
00010afd  DisableInterrupts                              
00010b03  EnableInterrupts                               
00010b09  StartCritical                                  
00010b13  EndCritical                                    
00010b1b  WaitForInterrupt                               
00010b21  strcspn                                        
00010b61  memccpy                                        
00010b7d  copysign                                       
00010b7d  copysignl                                      
00010bc7  strcmp                                         
00010bdf  strchr                                         
00010bf5  strlen                                         
00010c09  wcslen                                         
00010c1b  __TI_decompress_none                           
00010c29  Reset_Handler                                  
00010c35  ADC14_IRQHandler                               
00010c35  AES256_IRQHandler                              
00010c35  BusFault_Handler                               
00010c35  COMP_E0_IRQHandler                             
00010c35  COMP_E1_IRQHandler                             
00010c35  CS_IRQHandler                                  
00010c35  DMA_ERR_IRQHandler                             
00010c35  DMA_INT0_IRQHandler                            
00010c35  DMA_INT1_IRQHandler                            
00010c35  DMA_INT2_IRQHandler                            
00010c35  DMA_INT3_IRQHandler                            
00010c35  DebugMon_Handler                               
00010c35  Default_Handler                                
00010c35  EUSCIA1_IRQHandler                             
00010c35  EUSCIA2_IRQHandler                             
00010c35  EUSCIA3_IRQHandler                             
00010c35  EUSCIB0_IRQHandler                             
00010c35  EUSCIB1_IRQHandler                             
00010c35  EUSCIB2_IRQHandler                             
00010c35  EUSCIB3_IRQHandler                             
00010c35  FLCTL_IRQHandler                               
00010c35  FPU_IRQHandler                                 
00010c35  HardFault_Handler                              
00010c35  MemManage_Handler                              
00010c35  NMI_Handler                                    
00010c35  PCM_IRQHandler                                 
00010c35  PORT3_IRQHandler                               
00010c35  PORT4_IRQHandler                               
00010c35  PORT5_IRQHandler                               
00010c35  PSS_IRQHandler                                 
00010c35  PendSV_Handler                                 
00010c35  RTC_C_IRQHandler                               
00010c35  SVC_Handler                                    
00010c35  T32_INT1_IRQHandler                            
00010c35  T32_INT2_IRQHandler                            
00010c35  T32_INTC_IRQHandler                            
00010c35  TA0_0_IRQHandler                               
00010c35  TA0_N_IRQHandler                               
00010c35  TA1_N_IRQHandler                               
00010c35  TA2_0_IRQHandler                               
00010c35  TA2_N_IRQHandler                               
00010c35  UsageFault_Handler                             
00010c35  WDT_A_IRQHandler                               
00010c37  __TI_zero_init                                 
00010c4d  __aeabi_errno_addr                             
00010c55  malloc                                         
00010c5d  _system_pre_init                               
00010c61  C$$EXIT                                        
00010c61  abort                                          
00010c64  _ctypes_                                       
00010f18  _SlActionLookupTable                           
00010ffc  g_H2NCnysPattern                               
00011004  g_H2NSyncPattern                               
00011084  _SlAcceptCmdCtrl                               
00011088  _SlDeviceGetCmdCtrl                            
0001108c  _SlDeviceSetCmdCtrl                            
00011090  _SlEventMaskGetCmdCtrl                         
00011094  _SlEventMaskSetCmdCtrl                         
00011098  _SlGetHostByNameCtrl                           
0001109c  _SlGetHostByServiceCtrl                        
000110a0  _SlGetServiceListeCtrl                         
000110a4  _SlGetSockOptCmdCtrl                           
000110a8  _SlListenCmdCtrl                               
000110ac  _SlNetAppGetCmdCtrl                            
000110b0  _SlNetAppSendTokenValueCmdCtrl                 
000110b4  _SlNetAppSetCmdCtrl                            
000110b8  _SlNetAppStartCtrl                             
000110bc  _SlNetAppStopCtrl                              
000110c0  _SlNetCfgGetCmdCtrl                            
000110c4  _SlNetCfgSetCmdCtrl                            
000110c8  _SlPolicyGetCmdCtrl                            
000110cc  _SlPolicySetCmdCtrl                            
000110d0  _SlProfileDelCmdCtrl                           
000110d4  _SlProfileGetCmdCtrl                           
000110d8  _SlRecvCmdCtrl                                 
000110dc  _SlRecvfomCmdCtrl                              
000110e0  _SlRegisterServiceCtrl                         
000110e4  _SlRxFilterAddtCmdCtrl                         
000110e8  _SlRxFilterGetCmdCtrl                          
000110ec  _SlRxFilterSetCmdCtrl                          
000110f0  _SlSelectCmdCtrl                               
000110f4  _SlSendCmdCtrl                                 
000110f8  _SlSetSockOptCmdCtrl                           
000110fc  _SlSmartConfigStartCmdCtrl                     
00011100  _SlSockCloseCmdCtrl                            
00011104  _SlSockSocketCmdCtrl                           
00011108  _SlStopCmdCtrl                                 
0001110c  _SlWlanCfgGetCmdCtrl                           
00011110  _SlWlanCfgSetCmdCtrl                           
00011114  _SlWlanGetNetworkListCtrl                      
00011118  _SlWlanSetModeCmdCtrl                          
000111b4  __TI_Handler_Table_Base                        
000111c0  __TI_Handler_Table_Limit                       
000111d0  __TI_CINIT_Base                                
000111e8  __TI_CINIT_Limit                               
20000000  __start___llvm_prf_cnts                        
20000000  __stop___llvm_prf_cnts                         
20000000  g_pfnRAMVectors                                
200000e4  x                                              
200010e4  x2                                             
200020e4  x3                                             
200030e4  g_AppData                                      
2000372c  g_StatMem                                      
20003890  hMQTTClient                                    
200038ec  g__SlNonOsCB                                   
20003914  macStr                                         
20003928  n                                              
20003938  Amplitudes                                     
20003944  ChannelCount                                   
20003950  Distances                                      
2000395c  FilteredDistances                              
20003968  uniqueID                                       
20003984  macAddressVal                                  
20003990  Average_RPM_L                                  
20003994  Average_RPM_R                                  
20003998  CenterDistance                                 
2000399c  Error                                          
200039a0  I1                                             
200039a4  ISRLast                                        
200039a8  ISRPeriod                                      
200039ac  ISRTime                                        
200039b0  LPFSum                                         
200039b4  LPFSum2                                        
200039b8  LPFSum3                                        
200039bc  LeftDistance                                   
200039c0  LeftSteps                                      
200039c4  LeftTach                                       
200039c8  MilliTimer                                     
200039cc  PTxChan                                        
200039d0  Pamplitudes                                    
200039d4  Pdistances                                     
200039d8  Pt                                             
200039dc  Pt2                                            
200039e0  Pt3                                            
200039e4  RightDistance                                  
200039e8  RightSteps                                     
200039ec  RightTach                                      
200039f0  Size                                           
200039f4  StartTime                                      
200039f8  TimeToConvert                                  
200039fc  TxChannel                                      
20003a00  UL                                             
20003a04  UR                                             
20003a08  g_ucUARTBuffer                                 
20003a0c  u1                                             
20003a10  u2                                             
20003a14  u3                                             
20003a18  ActualL                                        
20003a1a  ActualR                                        
20003a1c  Tachometer_FirstLeftTime                       
20003a1e  Tachometer_FirstRightTime                      
20003a20  Tachometer_SecondLeftTime                      
20003a22  Tachometer_SecondRightTime                     
20003a24  IntIsMasked                                    
20003a25  LeftDir                                        
20003a26  RightDir                                       
20003a28  _sys_memory                                    
20003e68  i_tach                                         
20003e6c  n_tach                                         
20003e70  stop_tach                                      
20003e74  wall_follow                                    
20003e78  LeftDuty                                       
20003e7a  RightDuty                                      
20003e7c  channel                                        
20003e80  S1buttonDebounce                               
20003e84  S2buttonDebounce                               
20003e88  publishID                                      
20003e8c  macAddressLen                                  
20003e90  g_Status                                       
20003e94  Mode                                           
20003e98  Ki                                             
20003e9c  Kp                                             
20003ea0  SetPoint                                       
20003ed4  ClockFrequency                                 
20003ed8  Prewait                                        
20003edc  CPMwait                                        
20003ee0  Postwait                                       
20003ee4  IFlags                                         
20003ee8  Crystalstable                                  
20003eec  CaptureTask0                                   
20003ef0  CaptureTask1                                   
20003ef4  CaptureTask2                                   
20003ef8  Tachometer_RightSteps                          
20003efc  Tachometer_LeftSteps                           
20003f00  Tachometer_RightDir                            
20003f01  Tachometer_LeftDir                             
20003f04  g_pCB                                          
20003f08  pPingCallBackFunc                              
20003f0c  gFirstCmdMode                                  
20003f10  _lock                                          
20003f14  _unlock                                        
20003f20  pIraEventHandler                               
20003f24  cli_have_cmd                                   
20003f28  errno                                          
20003f30  SystemCoreClock                                
2000fe00  __stack                                        
20010000  __STACK_END                                    
4000480c  WDTCTL_SYM                                     
ffffffff  __TI_pprof_out_hndl                            
ffffffff  __TI_prof_data_size                            
ffffffff  __TI_prof_data_start                           
ffffffff  __binit__                                      
ffffffff  __c_args__                                     
ffffffff  binit                                          
UNDEFED   __mpu_init                                     
UNDEFED   _system_post_cinit                             

[797 symbols]
