******************************************************************************
                  TI ARM Linker PC v20.2.7                     
******************************************************************************
>> Linked Tue Apr 16 21:35:21 2024

OUTPUT FILE NAME:   <CC3100BOOST_MQTT-TwitterLED_MSP432P401R.out>
ENTRY POINT SYMBOL: "_c_int00_noargs"  address: 00011849


MEMORY CONFIGURATION

         name            origin    length      used     unused   attr    fill
----------------------  --------  ---------  --------  --------  ----  --------
  MAIN                  00000000   00040000  00012168  0002de98  R  X
  INFO                  00200000   00004000  00000000  00004000  R  X
  SRAM_CODE             01000000   00010000  000044eb  0000bb15  RW X
  SRAM_DATA             20000000   00010000  000044eb  0000bb15  RW  


SEGMENT ALLOCATION MAP

run origin  load origin   length   init length attrs members
----------  ----------- ---------- ----------- ----- -------
00000000    00000000    00012168   00012168    r-x
  00000000    00000000    000000e4   000000e4    r-- .intvecs
  000000e4    000000e4    00011aac   00011aac    r-x .text
  00011b90    00011b90    000004b8   000004b8    r-- .const
  00012048    00012048    00000120   00000120    r-- .cinit
20000000    20000000    000042f0   00000000    rw-
  20000000    20000000    000000e4   00000000    rw- .vtable
  200000e4    200000e4    00003b17   00000000    rw- .bss
  20003c00    20003c00    00000400   00000000    rw- .sysmem
  20004000    20004000    000002f0   00000000    rw- .data
2000fe00    2000fe00    00000200   00000000    rw-
  2000fe00    2000fe00    00000200   00000000    rw- .stack


SECTION ALLOCATION MAP

 output                                  attributes/
section   page    origin      length       input sections
--------  ----  ----------  ----------   ----------------
.intvecs   0    00000000    000000e4     
                  00000000    000000e4     startup_msp432p401r_ccs.obj (.intvecs:retain)

.text      0    000000e4    00011aac     
                  000000e4    00002034     driver.obj (.text)
                  00002118    00001598     flash.obj (.text)
                  000036b0    00001534     main.obj (.text)
                  00004be4    00000ed4     socket.obj (.text)
                  00005ab8    00000d7c     cs.obj (.text)
                  00006834    00000b3c     netapp.obj (.text)
                  00007370    00000ac0     wlan.obj (.text)
                  00007e30    00000a4e     rtsv7M4_T_le_v4SPD16_eabi.lib : _printfi.c.obj (.text:__TI_printfi)
                  0000887e    00000002                                   : _lock.c.obj (.text:_nop)
                  00008880    000009fc     MQTTClient.obj (.text)
                  0000927c    00000838     pcm.obj (.text)
                  00009ab4    00000798     timer_a.obj (.text)
                  0000a24c    000006e0     UART0.obj (.text)
                  0000a92c    000005d0     LPF.obj (.text)
                  0000aefc    000005b4     device.obj (.text)
                  0000b4b0    0000051c     opt3101.obj (.text)
                  0000b9cc    00000508     rtc_c.obj (.text)
                  0000bed4    00000480     gpio.obj (.text)
                  0000c354    000003f8     MQTTPacket.obj (.text)
                  0000c74c    000003f0     interrupt.obj (.text)
                  0000cb3c    000003ac     MQTTConnectClient.obj (.text)
                  0000cee8    000003a4     I2CB1.obj (.text)
                  0000d28c    00000388     MQTTCC3100.obj (.text)
                  0000d614    00000344     board.obj (.text)
                  0000d958    0000032c     system_msp432p401r.obj (.text)
                  0000dc84    00000270     rtsv7M4_T_le_v4SPD16_eabi.lib : _printfi.c.obj (.text:_pconv_a)
                  0000def4    00000244     sysctl.obj (.text)
                  0000e138    00000228     PWM.obj (.text)
                  0000e360    00000218     MQTTSerializePublish.obj (.text)
                  0000e578    00000218     MQTTSubscribeClient.obj (.text)
                  0000e790    00000214     spi_cc3100.obj (.text)
                  0000e9a4    000001e0     Clock.obj (.text)
                  0000eb84    000001d4     TA3InputCapture.obj (.text)
                  0000ed58    000001d0     rtsv7M4_T_le_v4SPD16_eabi.lib : _printfi.c.obj (.text:_pconv_g)
                  0000ef28    000001b6                                   : fd_add_t2.asm.obj (.text)
                  0000f0de    00000002                                   : div0.asm.obj (.text)
                  0000f0e0    000001a0     MQTTUnsubscribeClient.obj (.text)
                  0000f280    00000184     crc32.obj (.text)
                  0000f404    0000017c     Motor.obj (.text)
                  0000f580    0000017c     Tachometer.obj (.text)
                  0000f6fc    0000016c     cli_uart.obj (.text)
                  0000f868    0000013c     rtsv7M4_T_le_v4SPD16_eabi.lib : _printfi.c.obj (.text:_pconv_e)
                  0000f9a4    00000138     MQTTDeserializePublish.obj (.text)
                  0000fadc    00000136     rtsv7M4_T_le_v4SPD16_eabi.lib : fd_div_t2.asm.obj (.text)
                  0000fc12    00000002     --HOLE-- [fill = 0]
                  0000fc14    00000130     nonos.obj (.text)
                  0000fd44    00000124     rtsv7M4_T_le_v4SPD16_eabi.lib : _printfi.c.obj (.text:fcvt)
                  0000fe68    00000110                                   : fopen.c.obj (.text:_openfile)
                  0000ff78    00000110     netcfg.obj (.text)
                  00010088    00000110     rtsv7M4_T_le_v4SPD16_eabi.lib : s_scalbn.c.obj (.text:scalbn)
                  00010198    00000100                                   : memory.c.obj (.text:aligned_alloc)
                  00010298    000000fc     Bump.obj (.text)
                  00010394    000000fc     rtsv7M4_T_le_v4SPD16_eabi.lib : fd_mul_t2.asm.obj (.text)
                  00010490    000000f8     LaunchPad.obj (.text)
                  00010588    000000e4     rtsv7M4_T_le_v4SPD16_eabi.lib : memory.c.obj (.text:free)
                  0001066c    000000dc                                   : setvbuf.c.obj (.text:setvbuf)
                  00010748    000000d8     wdt_a.obj (.text)
                  00010820    000000bc     rtsv7M4_T_le_v4SPD16_eabi.lib : open.c.obj (.text:open)
                  000108dc    000000b8                                   : add_device.c.obj (.text:add_device)
                  00010994    000000b1                                   : _printfi.c.obj (.text:_ltostr)
                  00010a45    00000003     --HOLE-- [fill = 0]
                  00010a48    0000009c                                   : fopen.c.obj (.text:fopen)
                  00010ae4    0000009c                                   : memcpy_t2.asm.obj (.text)
                  00010b80    00000096                                   : ull_div_t2.asm.obj (.text)
                  00010c16    00000086                                   : fd_cmp_t2.asm.obj (.text:__aeabi_cdcmple)
                  00010c9c    00000086                                   : fd_cmp_t2.asm.obj (.text:__aeabi_cdrcmple)
                  00010d22    00000002     --HOLE-- [fill = 0]
                  00010d24    00000080     flowcont.obj (.text)
                  00010da4    0000007a     rtsv7M4_T_le_v4SPD16_eabi.lib : memset_t2.asm.obj (.text)
                  00010e1e    00000002     --HOLE-- [fill = 0]
                  00010e20    00000074                                   : fclose.c.obj (.text:__TI_closefile)
                  00010e94    00000074     systick.obj (.text)
                  00010f08    00000070     rtsv7M4_T_le_v4SPD16_eabi.lib : memory.c.obj (.text:split)
                  00010f78    0000006e                                   : _printfi.c.obj (.text:_mcpy)
                  00010fe6    00000002     --HOLE-- [fill = 0]
                  00010fe8    0000006c                                   : hostrename.c.obj (.text:HOSTrename)
                  00011054    00000068                                   : hostlseek.c.obj (.text:HOSTlseek)
                  000110bc    00000068                                   : copy_decompress_lzss.c.obj (.text:decompress:lzss:__TI_decompress_lzss)
                  00011124    00000064                                   : s_frexp.c.obj (.text:frexp)
                  00011188    00000060                                   : hostopen.c.obj (.text:HOSTopen)
                  000111e8    0000005c                                   : close.c.obj (.text:close)
                  00011244    00000058                                   : hostread.c.obj (.text:HOSTread)
                  0001129c    00000058                                   : hostwrite.c.obj (.text:HOSTwrite)
                  000112f4    00000056                                   : _printfi.c.obj (.text:_pconv_f)
                  0001134a    00000054                                   : _ltoa.c.obj (.text:__TI_ltoa)
                  0001139e    00000052                                   : _printfi.c.obj (.text:_ecpy)
                  000113f0    0000004c                                   : fflush.c.obj (.text:__TI_doflush)
                  0001143c    0000004c                                   : atoi.c.obj (.text:atoi)
                  00011488    0000004c                                   : snprintf.c.obj (.text:snprintf)
                  000114d4    00000048                                   : exit.c.obj (.text:exit)
                  0001151c    00000048                                   : fd_toi_t2.asm.obj (.text)
                  00011564    00000044                                   : hostclose.c.obj (.text:HOSTclose)
                  000115a8    00000044                                   : hostunlink.c.obj (.text:HOSTunlink)
                  000115ec    00000044                                   : autoinit.c.obj (.text:__TI_auto_init_nobinit_nopinit:__TI_auto_init_nobinit_nopinit)
                  00011630    00000044                                   : getdevice.c.obj (.text:getdevice)
                  00011674    00000040                                   : sprintf.c.obj (.text:sprintf)
                  000116b4    00000040                                   : strtok.c.obj (.text:strtok)
                  000116f4    0000003e                                   : _printfi.c.obj (.text:_fcpy)
                  00011732    0000003e     cpu.obj (.text)
                  00011770    00000038     rtsv7M4_T_le_v4SPD16_eabi.lib : trgmsg.c.obj (.text:__TI_writemsg)
                  000117a8    00000036                                   : strncpy.c.obj (.text:strncpy)
                  000117de    00000002     --HOLE-- [fill = 0]
                  000117e0    00000034                                   : fopen.c.obj (.text:__TI_cleanup)
                  00011814    00000034                                   : trgmsg.c.obj (.text:__TI_readmsg)
                  00011848    00000034                                   : boot_cortex_m.c.obj (.text:_c_int00_noargs:_c_int00_noargs)
                  0001187c    00000034                                   : fopen.c.obj (.text:freopen)
                  000118b0    00000030                                   : snprintf.c.obj (.text:_outs)
                  000118e0    00000030                                   : getdevice.c.obj (.text:finddevice)
                  00011910    0000002e                                   : i_tofd_t2.asm.obj (.text)
                  0001193e    0000002c                                   : strncmp.c.obj (.text:strncmp)
                  0001196a    00000002     --HOLE-- [fill = 0]
                  0001196c    0000002c                                   : unlink.c.obj (.text:unlink)
                  00011998    0000002a                                   : strspn.c.obj (.text:strspn)
                  000119c2    00000002     --HOLE-- [fill = 0]
                  000119c4    00000028                                   : memory.c.obj (.text:free_list_insert)
                  000119ec    00000028                                   : write.c.obj (.text:write)
                  00011a14    00000024     CortexM.obj (.text)
                  00011a38    00000024     rtsv7M4_T_le_v4SPD16_eabi.lib : strcspn.c.obj (.text:strcspn)
                  00011a5c    0000001c                                   : memory.c.obj (.text:free_list_remove)
                  00011a78    0000001c                                   : memccpy.c.obj (.text:memccpy)
                  00011a94    0000001a                                   : s_copysign.c.obj (.text:copysign)
                  00011aae    00000018                                   : snprintf.c.obj (.text:_outc)
                  00011ac6    00000018                                   : sprintf.c.obj (.text:_outs)
                  00011ade    00000018                                   : strcmp.c.obj (.text:strcmp)
                  00011af6    00000016                                   : strchr.c.obj (.text:strchr)
                  00011b0c    00000014                                   : strcpy.c.obj (.text:strcpy)
                  00011b20    00000014                                   : strlen.c.obj (.text:strlen)
                  00011b34    00000012                                   : wcslen.c.obj (.text:wcslen)
                  00011b46    0000000e                                   : copy_decompress_none.c.obj (.text:decompress:none:__TI_decompress_none)
                  00011b54    0000000e     startup_msp432p401r_ccs.obj (.text)
                  00011b62    0000000c     rtsv7M4_T_le_v4SPD16_eabi.lib : copy_zero_init.c.obj (.text:decompress:ZI:__TI_zero_init)
                  00011b6e    0000000a                                   : sprintf.c.obj (.text:_outc)
                  00011b78    00000008                                   : errno.c.obj (.text:__aeabi_errno_addr)
                  00011b80    00000008                                   : memory.c.obj (.text:malloc)
                  00011b88    00000004                                   : pre_init.c.obj (.text:_system_pre_init)
                  00011b8c    00000004                                   : exit.c.obj (.text:abort:abort)

.const     0    00011b90    000004b8     
                  00011b90    00000101     rtsv7M4_T_le_v4SPD16_eabi.lib : ctype.c.obj (.const:.string:_ctypes_)
                  00011c91    00000003     --HOLE-- [fill = 0]
                  00011c94    000000b0     wlan.obj (.const:$P$T0$1)
                  00011d44    00000058     main.obj (.const:$P$T0$1)
                  00011d9c    00000058     MQTTClient.obj (.const:$P$T1$2)
                  00011df4    00000050     interrupt.obj (.const:g_pulRegs)
                  00011e44    00000038     driver.obj (.const:_SlActionLookupTable)
                  00011e7c    0000002c     main.obj (.const:$P$T1$2)
                  00011ea8    00000020     interrupt.obj (.const:g_pulPriority)
                  00011ec8    0000001c     gpio.obj (.const:GPIO_PORT_TO_INT)
                  00011ee4    00000014     main.obj (.const:$P$T2$3)
                  00011ef8    0000000c     MQTTClient.obj (.const:$P$T2$3)
                  00011f04    0000000c     MQTTClient.obj (.const:$P$T3$4)
                  00011f10    0000000c     main.obj (.const:$P$T3$4)
                  00011f1c    0000000c     MQTTClient.obj (.const:$P$T4$5)
                  00011f28    00000008     driver.obj (.const:g_H2NCnysPattern)
                  00011f30    00000008     driver.obj (.const:g_H2NSyncPattern)
                  00011f38    00000008     interrupt.obj (.const:g_pulDisRegs)
                  00011f40    00000008     interrupt.obj (.const:g_pulEnRegs)
                  00011f48    00000008     interrupt.obj (.const:g_pulPendRegs)
                  00011f50    00000008     interrupt.obj (.const:g_pulUnpendRegs)
                  00011f58    00000004     MQTTClient.obj (.const:$P$T0$1)
                  00011f5c    00000004     MQTTConnectClient.obj (.const:$P$T0$1)
                  00011f60    00000004     MQTTDeserializePublish.obj (.const:$P$T0$1)
                  00011f64    00000004     MQTTPacket.obj (.const:$P$T0$1)
                  00011f68    00000004     MQTTSerializePublish.obj (.const:$P$T0$1)
                  00011f6c    00000004     MQTTSubscribeClient.obj (.const:$P$T0$1)
                  00011f70    00000004     MQTTUnsubscribeClient.obj (.const:$P$T0$1)
                  00011f74    00000004     driver.obj (.const:$P$T0$1)
                  00011f78    00000004     netapp.obj (.const:$P$T0$1)
                  00011f7c    00000004     socket.obj (.const:$P$T0$1)
                  00011f80    00000004     MQTTConnectClient.obj (.const:$P$T1$2)
                  00011f84    00000004     MQTTDeserializePublish.obj (.const:$P$T1$2)
                  00011f88    00000004     MQTTSerializePublish.obj (.const:$P$T1$2)
                  00011f8c    00000004     MQTTSubscribeClient.obj (.const:$P$T1$2)
                  00011f90    00000004     socket.obj (.const:$P$T1$2)
                  00011f94    00000004     wlan.obj (.const:$P$T1$2)
                  00011f98    00000004     MQTTConnectClient.obj (.const:$P$T2$3)
                  00011f9c    00000004     socket.obj (.const:$P$T2$3)
                  00011fa0    00000004     wlan.obj (.const:$P$T2$3)
                  00011fa4    00000004     MQTTConnectClient.obj (.const:$P$T3$4)
                  00011fa8    00000004     wlan.obj (.const:$P$T3$4)
                  00011fac    00000004     MQTTConnectClient.obj (.const:$P$T4$5)
                  00011fb0    00000004     socket.obj (.const:_SlAcceptCmdCtrl)
                  00011fb4    00000004     device.obj (.const:_SlDeviceGetCmdCtrl)
                  00011fb8    00000004     device.obj (.const:_SlDeviceSetCmdCtrl)
                  00011fbc    00000004     device.obj (.const:_SlEventMaskGetCmdCtrl)
                  00011fc0    00000004     device.obj (.const:_SlEventMaskSetCmdCtrl)
                  00011fc4    00000004     netapp.obj (.const:_SlGetHostByNameCtrl)
                  00011fc8    00000004     netapp.obj (.const:_SlGetHostByServiceCtrl)
                  00011fcc    00000004     netapp.obj (.const:_SlGetServiceListeCtrl)
                  00011fd0    00000004     socket.obj (.const:_SlGetSockOptCmdCtrl)
                  00011fd4    00000004     socket.obj (.const:_SlListenCmdCtrl)
                  00011fd8    00000004     netapp.obj (.const:_SlNetAppGetCmdCtrl)
                  00011fdc    00000004     netapp.obj (.const:_SlNetAppSendTokenValueCmdCtrl)
                  00011fe0    00000004     netapp.obj (.const:_SlNetAppSetCmdCtrl)
                  00011fe4    00000004     netapp.obj (.const:_SlNetAppStartCtrl)
                  00011fe8    00000004     netapp.obj (.const:_SlNetAppStopCtrl)
                  00011fec    00000004     netcfg.obj (.const:_SlNetCfgGetCmdCtrl)
                  00011ff0    00000004     netcfg.obj (.const:_SlNetCfgSetCmdCtrl)
                  00011ff4    00000004     wlan.obj (.const:_SlPolicyGetCmdCtrl)
                  00011ff8    00000004     wlan.obj (.const:_SlPolicySetCmdCtrl)
                  00011ffc    00000004     wlan.obj (.const:_SlProfileDelCmdCtrl)
                  00012000    00000004     wlan.obj (.const:_SlProfileGetCmdCtrl)
                  00012004    00000004     socket.obj (.const:_SlRecvCmdCtrl)
                  00012008    00000004     socket.obj (.const:_SlRecvfomCmdCtrl)
                  0001200c    00000004     netapp.obj (.const:_SlRegisterServiceCtrl)
                  00012010    00000004     wlan.obj (.const:_SlRxFilterAddtCmdCtrl)
                  00012014    00000004     wlan.obj (.const:_SlRxFilterGetCmdCtrl)
                  00012018    00000004     wlan.obj (.const:_SlRxFilterSetCmdCtrl)
                  0001201c    00000004     socket.obj (.const:_SlSelectCmdCtrl)
                  00012020    00000004     socket.obj (.const:_SlSendCmdCtrl)
                  00012024    00000004     socket.obj (.const:_SlSetSockOptCmdCtrl)
                  00012028    00000004     wlan.obj (.const:_SlSmartConfigStartCmdCtrl)
                  0001202c    00000004     socket.obj (.const:_SlSockCloseCmdCtrl)
                  00012030    00000004     socket.obj (.const:_SlSockSocketCmdCtrl)
                  00012034    00000004     device.obj (.const:_SlStopCmdCtrl)
                  00012038    00000004     wlan.obj (.const:_SlWlanCfgGetCmdCtrl)
                  0001203c    00000004     wlan.obj (.const:_SlWlanCfgSetCmdCtrl)
                  00012040    00000004     wlan.obj (.const:_SlWlanGetNetworkListCtrl)
                  00012044    00000004     wlan.obj (.const:_SlWlanSetModeCmdCtrl)

.cinit     0    00012048    00000120     
                  00012048    000000ea     (.cinit..data.load) [load image, compression = lzss]
                  00012132    00000002     --HOLE-- [fill = 0]
                  00012134    0000000c     (__TI_handler_table)
                  00012140    00000008     (.cinit..bss.load) [load image, compression = zero_init]
                  00012148    00000008     (.cinit..vtable.load) [load image, compression = zero_init]
                  00012150    00000018     (__TI_cinit_table)

.init_array 
*          0    00000000    00000000     UNINITIALIZED

.binit     0    00000000    00000000     

.vtable    0    20000000    000000e4     UNINITIALIZED
                  20000000    000000e4     interrupt.obj (.vtable)

.bss       0    200000e4    00003b17     UNINITIALIZED
                  200000e4    00001000     (.common:x)
                  200010e4    00001000     (.common:x2)
                  200020e4    00001000     (.common:x3)
                  200030e4    00000648     (.common:g_AppData)
                  2000372c    00000164     (.common:g_StatMem)
                  20003890    00000120     rtsv7M4_T_le_v4SPD16_eabi.lib : trgmsg.c.obj (.bss:_CIOBUF_)
                  200039b0    000000a0     (.common:__TI_tmpnams)
                  20003a50    0000005c     (.common:hMQTTClient)
                  20003aac    00000028     (.common:g__SlNonOsCB)
                  20003ad4    00000014     (.common:macStr)
                  20003ae8    00000010     (.common:n)
                  20003af8    0000000c     (.common:Amplitudes)
                  20003b04    0000000c     (.common:ChannelCount)
                  20003b10    0000000c     (.common:Distances)
                  20003b1c    0000000c     (.common:FilteredDistances)
                  20003b28    0000000c     (.common:uniqueID)
                  20003b34    00000008     cs.obj (.bss)
                  20003b3c    00000008     opt3101.obj (.bss)
                  20003b44    00000008     (.common:Messageb)
                  20003b4c    00000008     (.common:macAddressVal)
                  20003b54    00000008     (.common:parmbuf)
                  20003b5c    00000004     MQTTPacket.obj (.bss)
                  20003b60    00000004     (.common:Average_RPM_L)
                  20003b64    00000004     (.common:Average_RPM_R)
                  20003b68    00000004     (.common:CenterDistance)
                  20003b6c    00000004     (.common:Error)
                  20003b70    00000004     (.common:I1)
                  20003b74    00000004     (.common:ISRLast)
                  20003b78    00000004     (.common:ISRPeriod)
                  20003b7c    00000004     (.common:ISRTime)
                  20003b80    00000004     (.common:LPFSum)
                  20003b84    00000004     (.common:LPFSum2)
                  20003b88    00000004     (.common:LPFSum3)
                  20003b8c    00000004     (.common:LeftDistance)
                  20003b90    00000004     (.common:LeftSteps)
                  20003b94    00000004     (.common:LeftTach)
                  20003b98    00000004     (.common:Messageindexb)
                  20003b9c    00000004     (.common:MilliTimer)
                  20003ba0    00000004     (.common:PTxChan)
                  20003ba4    00000004     (.common:Pamplitudes)
                  20003ba8    00000004     (.common:Pdistances)
                  20003bac    00000004     (.common:Pt)
                  20003bb0    00000004     (.common:Pt2)
                  20003bb4    00000004     (.common:Pt3)
                  20003bb8    00000004     (.common:RightDistance)
                  20003bbc    00000004     (.common:RightSteps)
                  20003bc0    00000004     (.common:RightTach)
                  20003bc4    00000004     (.common:Size)
                  20003bc8    00000004     (.common:StartTime)
                  20003bcc    00000004     (.common:TimeToConvert)
                  20003bd0    00000004     (.common:TxChannel)
                  20003bd4    00000004     (.common:UL)
                  20003bd8    00000004     (.common:UR)
                  20003bdc    00000004     (.common:g_ucUARTBuffer)
                  20003be0    00000004     (.common:u1)
                  20003be4    00000004     (.common:u2)
                  20003be8    00000004     (.common:u3)
                  20003bec    00000002     (.common:ActualL)
                  20003bee    00000002     (.common:ActualR)
                  20003bf0    00000002     (.common:Tachometer_FirstLeftTime)
                  20003bf2    00000002     (.common:Tachometer_FirstRightTime)
                  20003bf4    00000002     (.common:Tachometer_SecondLeftTime)
                  20003bf6    00000002     (.common:Tachometer_SecondRightTime)
                  20003bf8    00000001     (.common:IntIsMasked)
                  20003bf9    00000001     (.common:LeftDir)
                  20003bfa    00000001     (.common:RightDir)

.sysmem    0    20003c00    00000400     UNINITIALIZED
                  20003c00    00000010     rtsv7M4_T_le_v4SPD16_eabi.lib : memory.c.obj (.sysmem)
                  20003c10    000003f0     --HOLE--

.data      0    20004000    000002f0     UNINITIALIZED
                  20004000    000000f0     rtsv7M4_T_le_v4SPD16_eabi.lib : defs.c.obj (.data:_ftable)
                  200040f0    00000078                                   : host_device.c.obj (.data:_device)
                  20004168    00000050                                   : host_device.c.obj (.data:_stream)
                  200041b8    00000040     flash.obj (.data:__getBurstProgramRegs)
                  200041f8    00000040     main.obj (.data)
                  20004238    00000030     gpio.obj (.data:GPIO_PORT_TO_BASE)
                  20004268    00000018     Clock.obj (.data)
                  20004280    00000010     rtsv7M4_T_le_v4SPD16_eabi.lib : defs.c.obj (.data)
                  20004290    0000000c                                   : exit.c.obj (.data:$O1$$)
                  2000429c    0000000c     TA3InputCapture.obj (.data)
                  200042a8    0000000a     Tachometer.obj (.data)
                  200042b2    00000002     --HOLE--
                  200042b4    00000009     driver.obj (.data)
                  200042bd    00000003     --HOLE--
                  200042c0    00000008     rtsv7M4_T_le_v4SPD16_eabi.lib : _lock.c.obj (.data:$O1$$)
                  200042c8    00000008                                   : memory.c.obj (.data:$O1$$)
                  200042d0    00000004     board.obj (.data)
                  200042d4    00000004     cli_uart.obj (.data)
                  200042d8    00000004     rtsv7M4_T_le_v4SPD16_eabi.lib : add_device.c.obj (.data)
                  200042dc    00000004                                   : errno.c.obj (.data)
                  200042e0    00000004                                   : fopen.c.obj (.data)
                  200042e4    00000004                                   : open.c.obj (.data)
                  200042e8    00000004                                   : strtok.c.obj (.data)
                  200042ec    00000004     system_msp432p401r.obj (.data)

.stack     0    2000fe00    00000200     UNINITIALIZED
                  2000fe00    00000004     rtsv7M4_T_le_v4SPD16_eabi.lib : boot_cortex_m.c.obj (.stack)
                  2000fe04    000001fc     --HOLE--

__llvm_prf_cnts 
*          0    20000000    00000000     UNINITIALIZED

MODULE SUMMARY

       Module                        code    ro data   rw data
       ------                        ----    -------   -------
    .\
       LPF.obj                       1488    0         24664  
       main.obj                      5428    164       3844   
       UART0.obj                     1760    0         24     
       opt3101.obj                   1308    0         88     
       I2CB1.obj                     932     0         0      
       system_msp432p401r.obj        812     0         8      
       PWM.obj                       552     0         0      
       Clock.obj                     480     0         48     
       TA3InputCapture.obj           468     0         24     
       Tachometer.obj                380     0         36     
       Motor.obj                     380     0         0      
       Bump.obj                      252     0         0      
       LaunchPad.obj                 248     0         0      
       startup_msp432p401r_ccs.obj   14      228       0      
       CortexM.obj                   36      0         0      
    +--+-----------------------------+-------+---------+---------+
       Total:                        14538   392       28736  
                                                              
    .\board\
       board.obj                     836     0         10     
    +--+-----------------------------+-------+---------+---------+
       Total:                        836     0         10     
                                                              
    .\cli_uart\
       cli_uart.obj                  364     0         16     
    +--+-----------------------------+-------+---------+---------+
       Total:                        364     0         16     
                                                              
    .\driverlib\MSP432P4xx\
       flash.obj                     5528    0         128    
       cs.obj                        3452    0         16     
       pcm.obj                       2104    0         0      
       timer_a.obj                   1944    0         0      
       interrupt.obj                 1008    144       456    
       rtc_c.obj                     1288    0         0      
       gpio.obj                      1152    28        96     
       sysctl.obj                    580     0         0      
       crc32.obj                     388     0         0      
       wdt_a.obj                     216     0         0      
       systick.obj                   116     0         0      
       cpu.obj                       62      0         0      
    +--+-----------------------------+-------+---------+---------+
       Total:                        17838   172       696    
                                                              
    .\mqtt\
       MQTTClient.obj                2556    128       0      
       MQTTPacket.obj                1016    4         8      
       MQTTConnectClient.obj         940     20        0      
       MQTTCC3100.obj                904     0         8      
       MQTTSerializePublish.obj      536     8         0      
       MQTTSubscribeClient.obj       536     8         0      
       MQTTUnsubscribeClient.obj     416     4         0      
       MQTTDeserializePublish.obj    312     8         0      
    +--+-----------------------------+-------+---------+---------+
       Total:                        7216    180       16     
                                                              
    .\simplelink\source\
       driver.obj                    8244    76        730    
       socket.obj                    3796    52        0      
       wlan.obj                      2752    236       0      
       netapp.obj                    2876    40        0      
       device.obj                    1460    20        0      
       nonos.obj                     304     0         80     
       netcfg.obj                    272     8         0      
       flowcont.obj                  128     0         0      
    +--+-----------------------------+-------+---------+---------+
       Total:                        19832   432       810    
                                                              
    .\spi_cc3100\
       spi_cc3100.obj                532     0         0      
    +--+-----------------------------+-------+---------+---------+
       Total:                        532     0         0      
                                                              
    C:\ti\ccs1260\ccs\tools\compiler\ti-cgt-arm_20.2.7.LTS\lib\rtsv7M4_T_le_v4SPD16_eabi.lib
       _printfi.c.obj                4851    0         0      
       defs.c.obj                    0       0         832    
       memory.c.obj                  672     0         16     
       trgmsg.c.obj                  108     0         576    
       fopen.c.obj                   532     0         8      
       fd_add_t2.asm.obj             438     0         0      
       host_device.c.obj             0       0         400    
       fd_div_t2.asm.obj             310     0         0      
       s_scalbn.c.obj                272     0         0      
       fd_cmp_t2.asm.obj             268     0         0      
       ctype.c.obj                   0       257       0      
       fd_mul_t2.asm.obj             252     0         0      
       setvbuf.c.obj                 220     0         0      
       open.c.obj                    188     0         8      
       add_device.c.obj              184     0         8      
       memcpy_t2.asm.obj             156     0         0      
       ull_div_t2.asm.obj            150     0         0      
       snprintf.c.obj                148     0         0      
       memset_t2.asm.obj             122     0         0      
       fclose.c.obj                  116     0         0      
       getdevice.c.obj               116     0         0      
       hostopen.c.obj                96      0         16     
       hostrename.c.obj              108     0         0      
       copy_decompress_lzss.c.obj    104     0         0      
       hostlseek.c.obj               104     0         0      
       exit.c.obj                    76      0         24     
       s_frexp.c.obj                 100     0         0      
       sprintf.c.obj                 98      0         0      
       close.c.obj                   92      0         0      
       hostread.c.obj                88      0         0      
       hostwrite.c.obj               88      0         0      
       _ltoa.c.obj                   84      0         0      
       atoi.c.obj                    76      0         0      
       fflush.c.obj                  76      0         0      
       fd_toi_t2.asm.obj             72      0         0      
       strtok.c.obj                  64      0         8      
       autoinit.c.obj                68      0         0      
       hostclose.c.obj               68      0         0      
       hostunlink.c.obj              68      0         0      
       strncpy.c.obj                 54      0         0      
       boot_cortex_m.c.obj           52      0         0      
       i_tofd_t2.asm.obj             46      0         0      
       strncmp.c.obj                 44      0         0      
       unlink.c.obj                  44      0         0      
       strspn.c.obj                  42      0         0      
       write.c.obj                   40      0         0      
       strcspn.c.obj                 36      0         0      
       memccpy.c.obj                 28      0         0      
       s_copysign.c.obj              26      0         0      
       strcmp.c.obj                  24      0         0      
       strchr.c.obj                  22      0         0      
       strcpy.c.obj                  20      0         0      
       strlen.c.obj                  20      0         0      
       _lock.c.obj                   2       0         16     
       wcslen.c.obj                  18      0         0      
       errno.c.obj                   8       0         8      
       copy_decompress_none.c.obj    14      0         0      
       copy_zero_init.c.obj          12      0         0      
       pre_init.c.obj                4       0         0      
       div0.asm.obj                  2       0         0      
    +--+-----------------------------+-------+---------+---------+
       Total:                        11191   257       1920   
                                                              
       Heap:                         0       0         2048   
       Stack:                        0       0         1024   
       Linker Generated:             0       286       0      
    +--+-----------------------------+-------+---------+---------+
       Grand Total:                  72347   1719      35276  


LINKER GENERATED COPY TABLES

__TI_cinit_table @ 00012150 records: 3, size/record: 8, table size: 24
	.data: load addr=00012048, load size=000000ea bytes, run addr=20004000, run size=000002f0 bytes, compression=lzss
	.bss: load addr=00012140, load size=00000008 bytes, run addr=200000e4, run size=00003b17 bytes, compression=zero_init
	.vtable: load addr=00012148, load size=00000008 bytes, run addr=20000000, run size=000000e4 bytes, compression=zero_init


LINKER GENERATED HANDLER TABLE

__TI_handler_table @ 00012134 records: 3, size/record: 4, table size: 12
	index: 0, handler: __TI_zero_init
	index: 1, handler: __TI_decompress_lzss
	index: 2, handler: __TI_decompress_none


GLOBAL SYMBOLS: SORTED ALPHABETICALLY BY Name 

address   name                                           
-------   ----                                           
00011b61  ADC14_IRQHandler                               
00011b61  AES256_IRQHandler                              
20003bec  ActualL                                        
20003bee  ActualR                                        
20003af8  Amplitudes                                     
20003b60  Average_RPM_L                                  
20003b64  Average_RPM_R                                  
00010299  Bump_Init                                      
000102d1  Bump_Read                                      
00011b61  BusFault_Handler                               
00011b8d  C$$EXIT                                        
0001179f  C$$IO$$                                        
0000d663  CC3100_InterruptDisable                        
0000d641  CC3100_InterruptEnable                         
0000d90b  CC3100_UART_ISR                                
0000d629  CC3100_disable                                 
0000d635  CC3100_enable                                  
0000f7e9  CLI_Configure                                  
0000f743  CLI_Read                                       
0000f795  CLI_Write                                      
00011b61  COMP_E0_IRQHandler                             
00011b61  COMP_E1_IRQHandler                             
20004270  CPMwait                                        
00011767  CPU_basepriGet                                 
00011759  CPU_basepriSet                                 
00011733  CPU_cpsid                                      
00011749  CPU_cpsie                                      
0001173f  CPU_primask                                    
00011755  CPU_wfi                                        
0000f389  CRC32_getResult                                
0000f3b5  CRC32_getResultReversed                        
0000f2d7  CRC32_set16BitData                             
0000f345  CRC32_set16BitDataReversed                     
0000f2fd  CRC32_set32BitData                             
0000f369  CRC32_set32BitDataReversed                     
0000f2b1  CRC32_set8BitData                              
0000f321  CRC32_set8BitDataReversed                      
0000f281  CRC32_setSeed                                  
00011b61  CS_IRQHandler                                  
000067b9  CS_clearInterruptFlag                          
00006061  CS_disableClockRequest                         
00006147  CS_disableDCOExternalResistor                  
0000668d  CS_disableFaultCounter                         
00006777  CS_disableInterrupt                            
00006039  CS_enableClockRequest                          
000060a9  CS_enableDCOExternalResistor                   
00006661  CS_enableFaultCounter                          
00006755  CS_enableInterrupt                             
000065f9  CS_getACLK                                     
000065b9  CS_getBCLK                                     
00006241  CS_getDCOFrequency                             
0000679f  CS_getEnabledInterruptStatus                   
000065d5  CS_getHSMCLK                                   
00006799  CS_getInterruptStatus                          
0000663f  CS_getMCLK                                     
0000661d  CS_getSMCLK                                    
00005d59  CS_initClockSignal                             
000067db  CS_registerInterrupt                           
000066b9  CS_resetFaultCounter                           
00006165  CS_setDCOCenteredFrequency                     
000060d1  CS_setDCOExternalResistorCalibration           
000063e1  CS_setDCOFrequency                             
00005d1d  CS_setExternalClockSourceFrequency             
00006083  CS_setReferenceOscillatorFrequency             
00006705  CS_startFaultCounter                           
00005e5d  CS_startHFXT                                   
00005e81  CS_startHFXTWithTimeout                        
00005f45  CS_startLFXT                                   
00005f69  CS_startLFXTWithTimeout                        
0000619d  CS_tuneDCOFrequency                            
000067ef  CS_unregisterInterrupt                         
2000429c  CaptureTask0                                   
200042a0  CaptureTask1                                   
200042a4  CaptureTask2                                   
20003b68  CenterDistance                                 
20003b04  ChannelCount                                   
20004268  ClockFrequency                                 
0000eaf9  Clock_Delay1ms                                 
0000eacf  Clock_Delay1us                                 
0000eabb  Clock_GetFreq                                  
0000e9a5  Clock_Init48MHz                                
0000d569  ConnectNetwork                                 
000037d5  Controller                                     
00003a99  Controller_Right                               
00006e91  CopyPingResultsToReport                        
2000427c  Crystalstable                                  
00011b61  DMA_ERR_IRQHandler                             
00011b61  DMA_INT0_IRQHandler                            
00011b61  DMA_INT1_IRQHandler                            
00011b61  DMA_INT2_IRQHandler                            
00011b61  DMA_INT3_IRQHandler                            
00011b61  DebugMon_Handler                               
00011b61  Default_Handler                                
0000d8b5  Delay                                          
00011a15  DisableInterrupts                              
20003b10  Distances                                      
0000f6fd  EUSCIA0_IRQHandler                             
0000f6fd  EUSCIA0_IRQHandler                             
00011b61  EUSCIA1_IRQHandler                             
00011b61  EUSCIA2_IRQHandler                             
00011b61  EUSCIA3_IRQHandler                             
00011b61  EUSCIB0_IRQHandler                             
00011b61  EUSCIB1_IRQHandler                             
00011b61  EUSCIB2_IRQHandler                             
00011b61  EUSCIB3_IRQHandler                             
00011a1b  EnableInterrupts                               
00011a2b  EndCritical                                    
20003b6c  Error                                          
00011b61  FLCTL_IRQHandler                               
00011b61  FPU_IRQHandler                                 
20003b1c  FilteredDistances                              
0000315f  FlashCtl_clearInterruptFlag                    
00003023  FlashCtl_clearProgramVerification              
00003135  FlashCtl_disableInterrupt                      
00002695  FlashCtl_disableReadBuffering                  
0000308d  FlashCtl_disableWordProgramming                
00003121  FlashCtl_enableInterrupt                       
00002641  FlashCtl_enableReadBuffering                   
0000305d  FlashCtl_enableWordProgramming                 
00002cc1  FlashCtl_eraseSector                           
0000314f  FlashCtl_getEnabledInterruptStatus             
00003149  FlashCtl_getInterruptStatus                    
000022c3  FlashCtl_getMemoryInfo                         
00002b25  FlashCtl_getReadMode                           
000030f3  FlashCtl_getWaitState                          
00002b4f  FlashCtl_initiateMassErase                     
00002de5  FlashCtl_initiateSectorErase                   
000027c5  FlashCtl_isSectorProtected                     
00003095  FlashCtl_isWordProgrammingEnabled              
00002b75  FlashCtl_performMassErase                      
00002e7d  FlashCtl_programMemory                         
00002765  FlashCtl_protectSector                         
00003173  FlashCtl_registerInterrupt                     
00002fe9  FlashCtl_setProgramVerification                
00002ab9  FlashCtl_setReadMode                           
000030b5  FlashCtl_setWaitState                          
000026f5  FlashCtl_unprotectSector                       
00003187  FlashCtl_unregisterInterrupt                   
00002851  FlashCtl_verifyMemory                          
0000c1f7  GPIO_clearInterruptFlag                        
0000c1b7  GPIO_disableInterrupt                          
0000c195  GPIO_enableInterrupt                           
0000c24f  GPIO_getEnabledInterruptStatus                 
0000c167  GPIO_getInputPinValue                          
0000c1d9  GPIO_getInterruptStatus                        
0000c219  GPIO_interruptEdgeSelect                       
0000c30f  GPIO_registerInterrupt                         
0000bf0f  GPIO_setAsInputPin                             
0000c0c3  GPIO_setAsInputPinWithPullDownResistor         
0000c115  GPIO_setAsInputPinWithPullUpResistor           
0000bed5  GPIO_setAsOutputPin                            
0000bfd9  GPIO_setAsPeripheralModuleFunctionInputPin     
0000bf55  GPIO_setAsPeripheralModuleFunctionOutputPin    
0000c2cb  GPIO_setDriveStrengthHigh                      
0000c2ed  GPIO_setDriveStrengthLow                       
0000c05d  GPIO_setOutputHighOnPin                        
0000c07f  GPIO_setOutputLowOnPin                         
0000c0a1  GPIO_toggleOutputOnPin                         
0000c32f  GPIO_unregisterInterrupt                       
0000d801  GetLEDStatus                                   
00011565  HOSTclose                                      
00011055  HOSTlseek                                      
00011189  HOSTopen                                       
00011245  HOSTread                                       
00010fe9  HOSTrename                                     
000115a9  HOSTunlink                                     
0001129d  HOSTwrite                                      
00011b61  HardFault_Handler                              
20003b70  I1                                             
0000cee9  I2CB1_Init                                     
0000cfaf  I2CB1_Recv                                     
0000d203  I2CB1_Recv1                                    
0000cf37  I2CB1_Send                                     
0000d02b  I2CB1_Send1                                    
0000d087  I2CB1_Send2                                    
0000d0f7  I2CB1_Send3                                    
0000d175  I2CB1_Send4                                    
20004278  IFlags                                         
20003b74  ISRLast                                        
20003b78  ISRPeriod                                      
20003b7c  ISRTime                                        
0000d30f  InitTimer                                      
20003bf8  IntIsMasked                                    
0000c90f  Interrupt_disableInterrupt                     
0000c75f  Interrupt_disableMaster                        
0000cb0d  Interrupt_disableSleepOnIsrExit                
0000c89d  Interrupt_enableInterrupt                      
0000c74f  Interrupt_enableMaster                         
0000cafb  Interrupt_enableSleepOnIsrExit                 
0000c877  Interrupt_getPriority                          
0000c7ef  Interrupt_getPriorityGrouping                  
0000cadb  Interrupt_getPriorityMask                      
0000caf5  Interrupt_getVectorTableAddress                
0000c981  Interrupt_isEnabled                            
0000ca0d  Interrupt_pendInterrupt                        
0000c76f  Interrupt_registerInterrupt                    
0000c827  Interrupt_setPriority                          
0000c7d5  Interrupt_setPriorityGrouping                  
0000cacb  Interrupt_setPriorityMask                      
0000cae5  Interrupt_setVectorTableAddress                
0000ca7d  Interrupt_unpendInterrupt                      
0000c7c1  Interrupt_unregisterInterrupt                  
2000422c  Ki                                             
20004230  Kp                                             
20003b80  LPFSum                                         
20003b84  LPFSum2                                        
20003b88  LPFSum3                                        
0000aa81  LPF_Calc                                       
0000abd5  LPF_Calc2                                      
0000ad41  LPF_Calc3                                      
0000a9c1  LPF_Calc_old                                   
0000aa23  LPF_Init                                       
0000ab79  LPF_Init2                                      
0000aced  LPF_Init3                                      
0000a96d  LPF_Init_old                                   
00010491  LaunchPad_Init                                 
00010501  LaunchPad_Input                                
0001051f  LaunchPad_LED                                  
0001053d  LaunchPad_Output                               
00003d03  Left                                           
20003bf9  LeftDir                                        
20003b8c  LeftDistance                                   
2000420c  LeftDuty                                       
20003b90  LeftSteps                                      
20003b94  LeftTach                                       
0000893f  MQTTClient                                     
00008e85  MQTTConnect                                    
0000fa5d  MQTTDeserialize_ack                            
0000cdaf  MQTTDeserialize_connack                        
0000f9a5  MQTTDeserialize_publish                        
0000e6df  MQTTDeserialize_suback                         
0000f23b  MQTTDeserialize_unsuback                       
0000922b  MQTTDisconnect                                 
0000c3ab  MQTTPacket_decode                              
0000c491  MQTTPacket_decodeBuf                           
0000c355  MQTTPacket_encode                              
0000c66d  MQTTPacket_equals                              
0000c413  MQTTPacket_len                                 
0000c6d1  MQTTPacket_read                                
00009101  MQTTPublish                                    
0000e475  MQTTSerialize_ack                              
0000cbf5  MQTTSerialize_connect                          
0000cb3d  MQTTSerialize_connectLength                    
0000ce9f  MQTTSerialize_disconnect                       
0000ceb5  MQTTSerialize_pingreq                          
0000e4ff  MQTTSerialize_puback                           
0000e54d  MQTTSerialize_pubcomp                          
0000e39f  MQTTSerialize_publish                          
0000e361  MQTTSerialize_publishLength                    
0000e523  MQTTSerialize_pubrel                           
0000e5dd  MQTTSerialize_subscribe                        
0000e579  MQTTSerialize_subscribeLength                  
0000f145  MQTTSerialize_unsubscribe                      
0000f0e1  MQTTSerialize_unsubscribeLength                
0000ce37  MQTTSerialize_zero                             
00008f4f  MQTTSubscribe                                  
00009057  MQTTUnsubscribe                                
00008e11  MQTTYield                                      
0000c641  MQTTstrlen                                     
0000d677  MaskIntHdlr                                    
0000ae59  Median                                         
00011b61  MemManage_Handler                              
20003b44  Messageb                                       
20003b98  Messageindexb                                  
20003b9c  MilliTimer                                     
20004228  Mode                                           
0000f52d  Motor_Backward                                 
0000f489  Motor_Forward                                  
0000f405  Motor_Init                                     
0000f4f3  Motor_Left                                     
0000f4b9  Motor_Right                                    
0000f45b  Motor_Stop                                     
00011b61  NMI_Handler                                    
00008881  NewMessageData                                 
0000d41b  NewNetwork                                     
0000aad5  Noise                                          
0000ac49  Noise2                                         
0000adad  Noise3                                         
0000b8e3  OPT3101_ArmInterrupts                          
0000b6a3  OPT3101_CalibrateInternalCrosstalk             
0000b849  OPT3101_CheckDistanceSensor                    
0000b815  OPT3101_GetAmplitude                           
0000b833  OPT3101_GetDistanceMillimeters                 
0000b861  OPT3101_GetMeasurement                         
0000b829  OPT3101_GetPhase                               
0000b80b  OPT3101_GetTxChannel                           
0000b51b  OPT3101_Init                                   
0000b7eb  OPT3101_MeasurementError                       
0000b7d3  OPT3101_ReadMeasurement                        
0000b4b1  OPT3101_ReadRegister                           
0000b579  OPT3101_Setup                                  
0000b785  OPT3101_StartMeasurement                       
0000b793  OPT3101_StartMeasurementChannel                
0000b4e1  OPT3101_WriteRegister                          
00011b61  PCM_IRQHandler                                 
00009a57  PCM_clearInterruptFlag                         
00009a2d  PCM_disableInterrupt                           
00009a05  PCM_disableRudeMode                            
00009a19  PCM_enableInterrupt                            
000099f3  PCM_enableRudeMode                             
000093ff  PCM_getCoreVoltageLevel                        
00009a47  PCM_getEnabledInterruptStatus                  
00009a41  PCM_getInterruptStatus                         
000093a5  PCM_getPowerMode                               
000099e7  PCM_getPowerState                              
00009919  PCM_gotoLPM0                                   
00009937  PCM_gotoLPM0InterruptSafe                      
00009953  PCM_gotoLPM3                                   
000099cb  PCM_gotoLPM3InterruptSafe                      
000098ed  PCM_gotoLPM4                                   
000098fd  PCM_gotoLPM4InterruptSafe                      
00009a6b  PCM_registerInterrupt                          
00009373  PCM_setCoreVoltageLevel                        
00009395  PCM_setCoreVoltageLevelNonBlocking             
00009383  PCM_setCoreVoltageLevelWithTimeout             
000095a5  PCM_setPowerMode                               
000095b5  PCM_setPowerModeNonBlocking                    
000095c5  PCM_setPowerModeWithTimeout                    
00009877  PCM_setPowerState                              
00009899  PCM_setPowerStateNonBlocking                   
00009887  PCM_setPowerStateWithTimeout                   
000098a9  PCM_shutdownDevice                             
00009a7f  PCM_unregisterInterrupt                        
0000475d  PORT1_IRQHandler                               
0000475d  PORT1_IRQHandler                               
0000d8e5  PORT2_IRQHandler                               
0000d8e5  PORT2_IRQHandler                               
00011b61  PORT3_IRQHandler                               
00011b61  PORT4_IRQHandler                               
00011b61  PORT5_IRQHandler                               
0000b939  PORT6_IRQHandler                               
0000b939  PORT6_IRQHandler                               
00011b61  PSS_IRQHandler                                 
20003ba0  PTxChan                                        
0000e223  PWM_Duty1                                      
0000e243  PWM_Duty2                                      
0000e2e7  PWM_Duty3                                      
0000e307  PWM_Duty4                                      
0000e139  PWM_Init1                                      
0000e19f  PWM_Init12                                     
0000e263  PWM_Init34                                     
20003ba4  Pamplitudes                                    
00003c35  Pause                                          
20003ba8  Pdistances                                     
00011b61  PendSV_Handler                                 
0000d8b3  Port1_ISR                                      
20004274  Postwait                                       
2000426c  Prewait                                        
20003bac  Pt                                             
20003bb0  Pt2                                            
20003bb4  Pt3                                            
00011b61  RTC_C_IRQHandler                               
0000be29  RTC_C_clearInterruptFlag                       
0000bc73  RTC_C_convertBCDToBinary                       
0000bc8b  RTC_C_convertBinaryToBCD                       
0000bbcf  RTC_C_definePrescaleEvent                      
0000bcf9  RTC_C_disableInterrupt                         
0000bca3  RTC_C_enableInterrupt                          
0000bb01  RTC_C_getCalendarTime                          
0000bdc9  RTC_C_getEnabledInterruptStatus                
0000bd61  RTC_C_getInterruptStatus                       
0000bbf7  RTC_C_getPrescaleValue                         
0000b9eb  RTC_C_holdClock                                
0000ba8f  RTC_C_initCalendar                             
0000be6f  RTC_C_registerInterrupt                        
0000bb67  RTC_C_setCalendarAlarm                         
0000bb9f  RTC_C_setCalendarEvent                         
0000ba39  RTC_C_setCalibrationData                       
0000ba09  RTC_C_setCalibrationFrequency                  
0000bc23  RTC_C_setPrescaleValue                         
0000ba65  RTC_C_setTemperatureCompensation               
0000b9cd  RTC_C_startClock                               
0000be8d  RTC_C_unregisterInterrupt                      
00011b55  Reset_Handler                                  
00003ce1  Right                                          
20003bfa  RightDir                                       
20003bb8  RightDistance                                  
2000420e  RightDuty                                      
20003bbc  RightSteps                                     
20003bc0  RightTach                                      
20004214  S1buttonDebounce                               
20004218  S2buttonDebounce                               
000059bb  SL_FD_CLR                                      
000059e1  SL_FD_ISSET                                    
00005999  SL_FD_SET                                      
00005a09  SL_FD_ZERO                                     
00011b61  SVC_Handler                                    
0000d86f  SelAntenna                                     
20004234  SetPoint                                       
00003777  SimpleLinkGeneralEventHandler                  
00003769  SimpleLinkHttpServerCallback                   
00003739  SimpleLinkNetAppEventHandler                   
00003783  SimpleLinkSockEventHandler                     
000036cd  SimpleLinkWlanEventHandler                     
20003bc4  Size                                           
00011a21  StartCritical                                  
20003bc8  StartTime                                      
0000e0e7  SysCtl_disableGlitchFilter                     
0000df77  SysCtl_disableNMISource                        
0000e07f  SysCtl_disablePeripheralAtCPUHalt              
0000dfc1  SysCtl_disableSRAMBank                         
0000e045  SysCtl_disableSRAMBankRetention                
0000e0db  SysCtl_enableGlitchFilter                      
0000df8b  SysCtl_enableNMISource                         
0000e06b  SysCtl_enablePeripheralAtCPUHalt               
0000dfa5  SysCtl_enableSRAMBank                          
0000e029  SysCtl_enableSRAMBankRetention                 
0000df71  SysCtl_getFlashSize                            
0000df9f  SysCtl_getNMISourceStatus                      
0000df6b  SysCtl_getSRAMSize                             
0000def5  SysCtl_getTLVInfo                              
0000e0f3  SysCtl_getTempCalibrationConstant              
0000e061  SysCtl_rebootDevice                            
0000e0b7  SysCtl_setWDTPasswordViolationResetType        
0000e093  SysCtl_setWDTTimeoutResetType                  
0000d28d  SysTick_Handler                                
0000d28d  SysTick_Handler                                
00010ed1  SysTick_disableInterrupt                       
00010ea1  SysTick_disableModule                          
00010ec5  SysTick_enableInterrupt                        
00010e95  SysTick_enableModule                           
00010eef  SysTick_getPeriod                              
00010ef7  SysTick_getValue                               
00010ead  SysTick_registerInterrupt                      
00010edd  SysTick_setPeriod                              
00010ebb  SysTick_unregisterInterrupt                    
200042ec  SystemCoreClock                                
0000d959  SystemCoreClockUpdate                          
0000dbcd  SystemInit                                     
00011b61  T32_INT1_IRQHandler                            
00011b61  T32_INT2_IRQHandler                            
00011b61  T32_INTC_IRQHandler                            
00011b61  TA0_0_IRQHandler                               
00011b61  TA0_N_IRQHandler                               
000047d1  TA1_0_IRQHandler                               
000047d1  TA1_0_IRQHandler                               
00011b61  TA1_N_IRQHandler                               
00011b61  TA2_0_IRQHandler                               
00011b61  TA2_N_IRQHandler                               
0000ec11  TA3_0_IRQHandler                               
0000ec11  TA3_0_IRQHandler                               
0000ec2b  TA3_N_IRQHandler                               
0000ec2b  TA3_N_IRQHandler                               
0000d441  TLSConnectNetwork                              
20003bf0  Tachometer_FirstLeftTime                       
20003bf2  Tachometer_FirstRightTime                      
0000f637  Tachometer_Get                                 
0000f60d  Tachometer_Init                                
200042b1  Tachometer_LeftDir                             
200042ac  Tachometer_LeftSteps                           
200042b0  Tachometer_RightDir                            
200042a8  Tachometer_RightSteps                          
20003bf4  Tachometer_SecondLeftTime                      
20003bf6  Tachometer_SecondRightTime                     
20003bcc  TimeToConvert                                  
0000eb91  TimerA3Capture_Init01                          
0000ec6b  TimerA3Capture_Init02                          
00009f7f  Timer_A_clearCaptureCompareInterrupt           
00009f69  Timer_A_clearInterruptFlag                     
00009de7  Timer_A_clearTimer                             
00009c0f  Timer_A_configureContinuousMode                
00009c9d  Timer_A_configureUpDownMode                    
00009c3f  Timer_A_configureUpMode                        
0000a00d  Timer_A_disableCaptureCompareInterrupt         
00009fbb  Timer_A_disableInterrupt                       
00009fe1  Timer_A_enableCaptureCompareInterrupt          
00009fa7  Timer_A_enableInterrupt                        
00009eb3  Timer_A_generatePWM                            
00009e59  Timer_A_getCaptureCompareCount                 
0000a075  Timer_A_getCaptureCompareEnabledInterruptStatus
0000a035  Timer_A_getCaptureCompareInterruptStatus       
00009d9b  Timer_A_getCounterValue                        
0000a05d  Timer_A_getEnabledInterruptStatus              
00009fcf  Timer_A_getInterruptStatus                     
00009e2b  Timer_A_getOutputForOutputModeOutBitValue      
00009dfb  Timer_A_getSynchronizedCaptureCompareInput     
00009cfb  Timer_A_initCapture                            
00009d4d  Timer_A_initCompare                            
0000a0b1  Timer_A_registerInterrupt                      
00009f3d  Timer_A_setCompareValue                        
00009e7b  Timer_A_setOutputForOutputModeOutBitValue      
00009bf9  Timer_A_startCounter                           
00009f29  Timer_A_stopTimer                              
0000a183  Timer_A_unregisterInterrupt                    
20003bd0  TxChannel                                      
0000a293  UART0_InChar                                   
0000a73d  UART0_InString                                 
0000a2dd  UART0_InUDec                                   
0000a5f1  UART0_InUHex                                   
0000a24d  UART0_Init                                     
0000a89f  UART0_Initprintf                               
0000a2a3  UART0_OutChar                                  
0000a391  UART0_OutSDec                                  
0000a2bf  UART0_OutString                                
0000a361  UART0_OutUDec                                  
0000a505  UART0_OutUDec4                                 
0000a54d  UART0_OutUDec5                                 
0000a57f  UART0_OutUFix1                                 
0000a5a7  UART0_OutUFix2                                 
0000a6b5  UART0_OutUHex                                  
0000a721  UART0_OutUHex2                                 
20003bd4  UL                                             
20003bd8  UR                                             
0000d67f  UnMaskIntHdlr                                  
00011b61  UsageFault_Handler                             
4000480c  WDTCTL_SYM                                     
00011b61  WDT_A_IRQHandler                               
00010789  WDT_A_clearTimer                               
00010749  WDT_A_holdTimer                                
000107c5  WDT_A_initIntervalTimer                        
000107a9  WDT_A_initWatchdogTimer                        
000107f9  WDT_A_registerInterrupt                        
000107e1  WDT_A_setPasswordViolationReset                
000107ed  WDT_A_setTimeoutReset                          
00010769  WDT_A_startTimer                               
0001080d  WDT_A_unregisterInterrupt                      
00011a33  WaitForInterrupt                               
00011fb0  _SlAcceptCmdCtrl                               
00011e44  _SlActionLookupTable                           
00000fb1  _SlAsyncEventGenericHandler                    
00011fb4  _SlDeviceGetCmdCtrl                            
00011fb8  _SlDeviceSetCmdCtrl                            
000019c9  _SlDrvBasicCmd                                 
00001677  _SlDrvClassifyRxMsg                            
000002af  _SlDrvCmdOp                                    
0000035f  _SlDrvCmdSend                                  
000003b5  _SlDrvDataReadOp                               
000005b9  _SlDrvDataWriteOp                              
0000b431  _SlDrvDeviceEventHandler                       
000001c9  _SlDrvDriverCBDeinit                           
000000e5  _SlDrvDriverCBInit                             
00010d63  _SlDrvFlowContDeinit                           
00010d25  _SlDrvFlowContInit                             
00000979  _SlDrvMsgRead                                  
00001499  _SlDrvMsgReadCmdCtx                            
00001593  _SlDrvMsgReadSpawnCtx                          
00000785  _SlDrvMsgWrite                                 
00007261  _SlDrvNetAppEventHandler                       
00001ec1  _SlDrvObjDeInit                                
00001e45  _SlDrvObjInit                                  
00001c39  _SlDrvReleasePoolObj                           
000017c5  _SlDrvRxHdrRead                                
0000026d  _SlDrvRxIrqHandler                             
0000177d  _SlDrvShiftDWord                               
00001a31  _SlDrvWaitForPoolObj                           
00011fbc  _SlEventMaskGetCmdCtrl                         
00011fc0  _SlEventMaskSetCmdCtrl                         
00001f9f  _SlFindAndSetActiveObj                         
00011fc4  _SlGetHostByNameCtrl                           
00011fc8  _SlGetHostByServiceCtrl                        
00011fcc  _SlGetServiceListeCtrl                         
00011fd0  _SlGetSockOptCmdCtrl                           
00011fd4  _SlListenCmdCtrl                               
00011fd8  _SlNetAppGetCmdCtrl                            
00011fdc  _SlNetAppSendTokenValueCmdCtrl                 
00011fe0  _SlNetAppSetCmdCtrl                            
00011fe4  _SlNetAppStartCtrl                             
00011fe8  _SlNetAppStopCtrl                              
00011fec  _SlNetCfgGetCmdCtrl                            
00011ff0  _SlNetCfgSetCmdCtrl                            
0000fcd9  _SlNonOsMainLoopTask                           
0000fc2d  _SlNonOsSemGet                                 
0000fc15  _SlNonOsSemSet                                 
0000fc89  _SlNonOsSpawn                                  
00011ff4  _SlPolicyGetCmdCtrl                            
00011ff8  _SlPolicySetCmdCtrl                            
00011ffc  _SlProfileDelCmdCtrl                           
00012000  _SlProfileGetCmdCtrl                           
00012004  _SlRecvCmdCtrl                                 
00012008  _SlRecvfomCmdCtrl                              
0001200c  _SlRegisterServiceCtrl                         
00001ee1  _SlRemoveFromList                              
00012010  _SlRxFilterAddtCmdCtrl                         
00012014  _SlRxFilterGetCmdCtrl                          
00012018  _SlRxFilterSetCmdCtrl                          
0001201c  _SlSelectCmdCtrl                               
00012020  _SlSendCmdCtrl                                 
00012024  _SlSetSockOptCmdCtrl                           
00012028  _SlSmartConfigStartCmdCtrl                     
0001202c  _SlSockCloseCmdCtrl                            
00012030  _SlSockSocketCmdCtrl                           
00012034  _SlStopCmdCtrl                                 
00012038  _SlWlanCfgGetCmdCtrl                           
0001203c  _SlWlanCfgSetCmdCtrl                           
00012040  _SlWlanGetNetworkListCtrl                      
00012044  _SlWlanSetModeCmdCtrl                          
20003890  __CIOBUF_                                      
0000358b  __FlashCtl_remaskBurstDataPost                 
00003471  __FlashCtl_remaskBurstDataPre                  
000032b5  __FlashCtl_remaskData32Post                    
00003399  __FlashCtl_remaskData32Pre                     
00003197  __FlashCtl_remaskData8Post                     
00003217  __FlashCtl_remaskData8Pre                      
20010000  __STACK_END                                    
00000200  __STACK_SIZE                                   
00000400  __SYSMEM_SIZE                                  
00012150  __TI_CINIT_Base                                
00012168  __TI_CINIT_Limit                               
00012134  __TI_Handler_Table_Base                        
00012140  __TI_Handler_Table_Limit                       
000115ed  __TI_auto_init_nobinit_nopinit                 
000117e1  __TI_cleanup                                   
20004290  __TI_cleanup_ptr                               
00010e21  __TI_closefile                                 
000110bd  __TI_decompress_lzss                           
00011b47  __TI_decompress_none                           
000113f1  __TI_doflush                                   
20004294  __TI_dtors_ptr                                 
20004298  __TI_enable_exit_profile_output                
20004280  __TI_ft_end                                    
0001134b  __TI_ltoa                                      
ffffffff  __TI_pprof_out_hndl                            
00007e31  __TI_printfi                                   
ffffffff  __TI_prof_data_size                            
ffffffff  __TI_prof_data_start                           
00011815  __TI_readmsg                                   
00000000  __TI_static_base__                             
200039b0  __TI_tmpnams                                   
00011771  __TI_writemsg                                  
00011b63  __TI_zero_init                                 
00010c17  __aeabi_cdcmpeq                                
00010c17  __aeabi_cdcmple                                
00010c9d  __aeabi_cdrcmple                               
0001151d  __aeabi_d2iz                                   
0000ef33  __aeabi_dadd                                   
0000fadd  __aeabi_ddiv                                   
00010395  __aeabi_dmul                                   
0000ef29  __aeabi_dsub                                   
00011b79  __aeabi_errno_addr                             
00011911  __aeabi_i2d                                    
0000f0df  __aeabi_idiv0                                  
0000f0df  __aeabi_ldiv0                                  
00010da5  __aeabi_memclr                                 
00010da5  __aeabi_memclr4                                
00010da5  __aeabi_memclr8                                
00010ae5  __aeabi_memcpy                                 
00010ae5  __aeabi_memcpy4                                
00010ae5  __aeabi_memcpy8                                
00010da7  __aeabi_memset                                 
00010da7  __aeabi_memset4                                
00010da7  __aeabi_memset8                                
2000428c  __aeabi_stderr                                 
20004284  __aeabi_stdin                                  
20004288  __aeabi_stdout                                 
00010b81  __aeabi_uldivmod                               
ffffffff  __binit__                                      
ffffffff  __c_args__                                     
UNDEFED   __mpu_init                                     
2000fe00  __stack                                        
20000000  __start___llvm_prf_cnts                        
20000000  __stop___llvm_prf_cnts                         
00011849  _c_int00_noargs                                
00011b90  _ctypes_                                       
200040f0  _device                                        
20004000  _ftable                                        
200042c0  _lock                                          
0000887f  _nop                                           
00004be5  _sl_BuildAddress                               
0000aefd  _sl_GetStartResponseConvert                    
000055f9  _sl_HandleAsync_Accept                         
000051f3  _sl_HandleAsync_Connect                        
00006c7b  _sl_HandleAsync_DnsGetHostByAddr               
00006dc9  _sl_HandleAsync_DnsGetHostByName               
00006bad  _sl_HandleAsync_DnsGetHostByService            
0000b061  _sl_HandleAsync_InitComplete                   
00006ecd  _sl_HandleAsync_PingResponse                   
00005a21  _sl_HandleAsync_Select                         
0000b113  _sl_HandleAsync_Stop                           
00004cfd  _sl_ParseAddress                               
00004c35  _sl_TruncatePayloadByProtocol                  
20004168  _stream                                        
20003c00  _sys_memory                                    
UNDEFED   _system_post_cinit                             
00011b89  _system_pre_init                               
200042c4  _unlock                                        
00011b8d  abort                                          
000108dd  add_device                                     
00010199  aligned_alloc                                  
0001143d  atoi                                           
0000f683  avg                                            
ffffffff  binit                                          
0000c459  bufchar                                        
0000d40b  cc3100_disconnect                              
0000d31f  cc3100_read                                    
0000d3a1  cc3100_write                                   
20004210  channel                                        
0000d693  clear_rts                                      
200042d4  cli_have_cmd                                   
000111e9  close                                          
00011a95  copysign                                       
00011a95  copysignl                                      
0000d2cf  countdown                                      
0000d2b7  countdown_ms                                   
20004208  crashes                                        
00008ca5  cycle                                          
000089b1  decodePacket                                   
0000eac1  delay                                          
00008b89  deliverMessage                                 
200042dc  errno                                          
000114d5  exit                                           
0000d297  expired                                        
0000a7d1  ferror                                         
0000a7b7  fgetc                                          
000118e1  finddevice                                     
00010a49  fopen                                          
00010589  free                                           
0001187d  freopen                                        
00011125  frexp                                          
00011125  frexpl                                         
200042bc  gFirstCmdMode                                  
200030e4  g_AppData                                      
00011f28  g_H2NCnysPattern                               
00011f30  g_H2NSyncPattern                               
2000372c  g_StatMem                                      
20004224  g_Status                                       
20003aac  g__SlNonOsCB                                   
200042b4  g_pCB                                          
20000000  g_pfnRAMVectors                                
20003bdc  g_ucUARTBuffer                                 
0000c57d  getLenStringLen                                
[...]
0000f795  CLI_Write                                      
0000f7e9  CLI_Configure                                  
0000f9a5  MQTTDeserialize_publish                        
0000fa5d  MQTTDeserialize_ack                            
0000fadd  __aeabi_ddiv                                   
0000fc15  _SlNonOsSemSet                                 
0000fc2d  _SlNonOsSemGet                                 
0000fc89  _SlNonOsSpawn                                  
0000fcd9  _SlNonOsMainLoopTask                           
0000ff79  sl_NetCfgSet                                   
0000ffdf  sl_NetCfgGet                                   
00010089  ldexp                                          
00010089  ldexpl                                         
00010089  scalbn                                         
00010089  scalbnl                                        
00010199  aligned_alloc                                  
00010199  memalign                                       
00010299  Bump_Init                                      
000102d1  Bump_Read                                      
00010395  __aeabi_dmul                                   
00010491  LaunchPad_Init                                 
00010501  LaunchPad_Input                                
0001051f  LaunchPad_LED                                  
0001053d  LaunchPad_Output                               
00010589  free                                           
0001066d  setvbuf                                        
00010749  WDT_A_holdTimer                                
00010769  WDT_A_startTimer                               
00010789  WDT_A_clearTimer                               
000107a9  WDT_A_initWatchdogTimer                        
000107c5  WDT_A_initIntervalTimer                        
000107e1  WDT_A_setPasswordViolationReset                
000107ed  WDT_A_setTimeoutReset                          
000107f9  WDT_A_registerInterrupt                        
0001080d  WDT_A_unregisterInterrupt                      
00010821  open                                           
000108dd  add_device                                     
00010a49  fopen                                          
00010ae5  __aeabi_memcpy                                 
00010ae5  __aeabi_memcpy4                                
00010ae5  __aeabi_memcpy8                                
00010ae5  memcpy                                         
00010b81  __aeabi_uldivmod                               
00010c17  __aeabi_cdcmpeq                                
00010c17  __aeabi_cdcmple                                
00010c9d  __aeabi_cdrcmple                               
00010d25  _SlDrvFlowContInit                             
00010d63  _SlDrvFlowContDeinit                           
00010da5  __aeabi_memclr                                 
00010da5  __aeabi_memclr4                                
00010da5  __aeabi_memclr8                                
00010da7  __aeabi_memset                                 
00010da7  __aeabi_memset4                                
00010da7  __aeabi_memset8                                
00010dad  memset                                         
00010e21  __TI_closefile                                 
00010e95  SysTick_enableModule                           
00010ea1  SysTick_disableModule                          
00010ead  SysTick_registerInterrupt                      
00010ebb  SysTick_unregisterInterrupt                    
00010ec5  SysTick_enableInterrupt                        
00010ed1  SysTick_disableInterrupt                       
00010edd  SysTick_setPeriod                              
00010eef  SysTick_getPeriod                              
00010ef7  SysTick_getValue                               
00010fe9  HOSTrename                                     
00011055  HOSTlseek                                      
000110bd  __TI_decompress_lzss                           
00011125  frexp                                          
00011125  frexpl                                         
00011189  HOSTopen                                       
000111e9  close                                          
00011245  HOSTread                                       
0001129d  HOSTwrite                                      
0001134b  __TI_ltoa                                      
000113f1  __TI_doflush                                   
0001143d  atoi                                           
00011489  snprintf                                       
000114d5  exit                                           
0001151d  __aeabi_d2iz                                   
00011565  HOSTclose                                      
000115a9  HOSTunlink                                     
000115ed  __TI_auto_init_nobinit_nopinit                 
00011631  getdevice                                      
00011675  sprintf                                        
000116b5  strtok                                         
00011733  CPU_cpsid                                      
0001173f  CPU_primask                                    
00011749  CPU_cpsie                                      
00011755  CPU_wfi                                        
00011759  CPU_basepriSet                                 
00011767  CPU_basepriGet                                 
00011771  __TI_writemsg                                  
0001179f  C$$IO$$                                        
000117a9  strncpy                                        
000117e1  __TI_cleanup                                   
00011815  __TI_readmsg                                   
00011849  _c_int00_noargs                                
0001187d  freopen                                        
000118e1  finddevice                                     
00011911  __aeabi_i2d                                    
0001193f  strncmp                                        
0001196d  remove                                         
0001196d  unlink                                         
00011999  strspn                                         
000119ed  write                                          
00011a15  DisableInterrupts                              
00011a1b  EnableInterrupts                               
00011a21  StartCritical                                  
00011a2b  EndCritical                                    
00011a33  WaitForInterrupt                               
00011a39  strcspn                                        
00011a79  memccpy                                        
00011a95  copysign                                       
00011a95  copysignl                                      
00011adf  strcmp                                         
00011af7  strchr                                         
00011b0d  strcpy                                         
00011b21  strlen                                         
00011b35  wcslen                                         
00011b47  __TI_decompress_none                           
00011b55  Reset_Handler                                  
00011b61  ADC14_IRQHandler                               
00011b61  AES256_IRQHandler                              
00011b61  BusFault_Handler                               
00011b61  COMP_E0_IRQHandler                             
00011b61  COMP_E1_IRQHandler                             
00011b61  CS_IRQHandler                                  
00011b61  DMA_ERR_IRQHandler                             
00011b61  DMA_INT0_IRQHandler                            
00011b61  DMA_INT1_IRQHandler                            
00011b61  DMA_INT2_IRQHandler                            
00011b61  DMA_INT3_IRQHandler                            
00011b61  DebugMon_Handler                               
00011b61  Default_Handler                                
00011b61  EUSCIA1_IRQHandler                             
00011b61  EUSCIA2_IRQHandler                             
00011b61  EUSCIA3_IRQHandler                             
00011b61  EUSCIB0_IRQHandler                             
00011b61  EUSCIB1_IRQHandler                             
00011b61  EUSCIB2_IRQHandler                             
00011b61  EUSCIB3_IRQHandler                             
00011b61  FLCTL_IRQHandler                               
00011b61  FPU_IRQHandler                                 
00011b61  HardFault_Handler                              
00011b61  MemManage_Handler                              
00011b61  NMI_Handler                                    
00011b61  PCM_IRQHandler                                 
00011b61  PORT3_IRQHandler                               
00011b61  PORT4_IRQHandler                               
00011b61  PORT5_IRQHandler                               
00011b61  PSS_IRQHandler                                 
00011b61  PendSV_Handler                                 
00011b61  RTC_C_IRQHandler                               
00011b61  SVC_Handler                                    
00011b61  T32_INT1_IRQHandler                            
00011b61  T32_INT2_IRQHandler                            
00011b61  T32_INTC_IRQHandler                            
00011b61  TA0_0_IRQHandler                               
00011b61  TA0_N_IRQHandler                               
00011b61  TA1_N_IRQHandler                               
00011b61  TA2_0_IRQHandler                               
00011b61  TA2_N_IRQHandler                               
00011b61  UsageFault_Handler                             
00011b61  WDT_A_IRQHandler                               
00011b63  __TI_zero_init                                 
00011b79  __aeabi_errno_addr                             
00011b81  malloc                                         
00011b89  _system_pre_init                               
00011b8d  C$$EXIT                                        
00011b8d  abort                                          
00011b90  _ctypes_                                       
00011e44  _SlActionLookupTable                           
00011f28  g_H2NCnysPattern                               
00011f30  g_H2NSyncPattern                               
00011fb0  _SlAcceptCmdCtrl                               
00011fb4  _SlDeviceGetCmdCtrl                            
00011fb8  _SlDeviceSetCmdCtrl                            
00011fbc  _SlEventMaskGetCmdCtrl                         
00011fc0  _SlEventMaskSetCmdCtrl                         
00011fc4  _SlGetHostByNameCtrl                           
00011fc8  _SlGetHostByServiceCtrl                        
00011fcc  _SlGetServiceListeCtrl                         
00011fd0  _SlGetSockOptCmdCtrl                           
00011fd4  _SlListenCmdCtrl                               
00011fd8  _SlNetAppGetCmdCtrl                            
00011fdc  _SlNetAppSendTokenValueCmdCtrl                 
00011fe0  _SlNetAppSetCmdCtrl                            
00011fe4  _SlNetAppStartCtrl                             
00011fe8  _SlNetAppStopCtrl                              
00011fec  _SlNetCfgGetCmdCtrl                            
00011ff0  _SlNetCfgSetCmdCtrl                            
00011ff4  _SlPolicyGetCmdCtrl                            
00011ff8  _SlPolicySetCmdCtrl                            
00011ffc  _SlProfileDelCmdCtrl                           
00012000  _SlProfileGetCmdCtrl                           
00012004  _SlRecvCmdCtrl                                 
00012008  _SlRecvfomCmdCtrl                              
0001200c  _SlRegisterServiceCtrl                         
00012010  _SlRxFilterAddtCmdCtrl                         
00012014  _SlRxFilterGetCmdCtrl                          
00012018  _SlRxFilterSetCmdCtrl                          
0001201c  _SlSelectCmdCtrl                               
00012020  _SlSendCmdCtrl                                 
00012024  _SlSetSockOptCmdCtrl                           
00012028  _SlSmartConfigStartCmdCtrl                     
0001202c  _SlSockCloseCmdCtrl                            
00012030  _SlSockSocketCmdCtrl                           
00012034  _SlStopCmdCtrl                                 
00012038  _SlWlanCfgGetCmdCtrl                           
0001203c  _SlWlanCfgSetCmdCtrl                           
00012040  _SlWlanGetNetworkListCtrl                      
00012044  _SlWlanSetModeCmdCtrl                          
00012134  __TI_Handler_Table_Base                        
00012140  __TI_Handler_Table_Limit                       
00012150  __TI_CINIT_Base                                
00012168  __TI_CINIT_Limit                               
20000000  __start___llvm_prf_cnts                        
20000000  __stop___llvm_prf_cnts                         
20000000  g_pfnRAMVectors                                
200000e4  x                                              
200010e4  x2                                             
200020e4  x3                                             
200030e4  g_AppData                                      
2000372c  g_StatMem                                      
20003890  __CIOBUF_                                      
200039b0  __TI_tmpnams                                   
20003a50  hMQTTClient                                    
20003aac  g__SlNonOsCB                                   
20003ad4  macStr                                         
20003ae8  n                                              
20003af8  Amplitudes                                     
20003b04  ChannelCount                                   
20003b10  Distances                                      
20003b1c  FilteredDistances                              
20003b28  uniqueID                                       
20003b44  Messageb                                       
20003b4c  macAddressVal                                  
20003b54  parmbuf                                        
20003b60  Average_RPM_L                                  
20003b64  Average_RPM_R                                  
20003b68  CenterDistance                                 
20003b6c  Error                                          
20003b70  I1                                             
20003b74  ISRLast                                        
20003b78  ISRPeriod                                      
20003b7c  ISRTime                                        
20003b80  LPFSum                                         
20003b84  LPFSum2                                        
20003b88  LPFSum3                                        
20003b8c  LeftDistance                                   
20003b90  LeftSteps                                      
20003b94  LeftTach                                       
20003b98  Messageindexb                                  
20003b9c  MilliTimer                                     
20003ba0  PTxChan                                        
20003ba4  Pamplitudes                                    
20003ba8  Pdistances                                     
20003bac  Pt                                             
20003bb0  Pt2                                            
20003bb4  Pt3                                            
20003bb8  RightDistance                                  
20003bbc  RightSteps                                     
20003bc0  RightTach                                      
20003bc4  Size                                           
20003bc8  StartTime                                      
20003bcc  TimeToConvert                                  
20003bd0  TxChannel                                      
20003bd4  UL                                             
20003bd8  UR                                             
20003bdc  g_ucUARTBuffer                                 
20003be0  u1                                             
20003be4  u2                                             
20003be8  u3                                             
20003bec  ActualL                                        
20003bee  ActualR                                        
20003bf0  Tachometer_FirstLeftTime                       
20003bf2  Tachometer_FirstRightTime                      
20003bf4  Tachometer_SecondLeftTime                      
20003bf6  Tachometer_SecondRightTime                     
20003bf8  IntIsMasked                                    
20003bf9  LeftDir                                        
20003bfa  RightDir                                       
20003c00  _sys_memory                                    
20004000  _ftable                                        
200040f0  _device                                        
20004168  _stream                                        
200041f8  i_tach                                         
200041fc  n_tach                                         
20004200  stop_tach                                      
20004204  wall_follow                                    
20004208  crashes                                        
2000420c  LeftDuty                                       
2000420e  RightDuty                                      
20004210  channel                                        
20004214  S1buttonDebounce                               
20004218  S2buttonDebounce                               
2000421c  publishID                                      
20004220  macAddressLen                                  
20004224  g_Status                                       
20004228  Mode                                           
2000422c  Ki                                             
20004230  Kp                                             
20004234  SetPoint                                       
20004268  ClockFrequency                                 
2000426c  Prewait                                        
20004270  CPMwait                                        
20004274  Postwait                                       
20004278  IFlags                                         
2000427c  Crystalstable                                  
20004280  __TI_ft_end                                    
20004284  __aeabi_stdin                                  
20004288  __aeabi_stdout                                 
2000428c  __aeabi_stderr                                 
20004290  __TI_cleanup_ptr                               
20004294  __TI_dtors_ptr                                 
20004298  __TI_enable_exit_profile_output                
2000429c  CaptureTask0                                   
200042a0  CaptureTask1                                   
200042a4  CaptureTask2                                   
200042a8  Tachometer_RightSteps                          
200042ac  Tachometer_LeftSteps                           
200042b0  Tachometer_RightDir                            
200042b1  Tachometer_LeftDir                             
200042b4  g_pCB                                          
200042b8  pPingCallBackFunc                              
200042bc  gFirstCmdMode                                  
200042c0  _lock                                          
200042c4  _unlock                                        
200042d0  pIraEventHandler                               
200042d4  cli_have_cmd                                   
200042dc  errno                                          
200042ec  SystemCoreClock                                
2000fe00  __stack                                        
20010000  __STACK_END                                    
4000480c  WDTCTL_SYM                                     
ffffffff  __TI_pprof_out_hndl                            
ffffffff  __TI_prof_data_size                            
ffffffff  __TI_prof_data_start                           
ffffffff  __binit__                                      
ffffffff  __c_args__                                     
ffffffff  binit                                          
UNDEFED   __mpu_init                                     
UNDEFED   _system_post_cinit                             

[864 symbols]
