<?xml version="1.0" encoding="ISO-8859-1" ?>
<link_info>
   <banner>TI ARM Linker PC v20.2.7.LTS</banner>
   <copyright>Copyright (c) 1996-2018 Texas Instruments Incorporated</copyright>
   <link_time>0x661c7689</link_time>
   <link_errors>0x0</link_errors>
   <output_file>CC3100BOOST_MQTT-TwitterLED_MSP432P401R.out</output_file>
   <entry_point>
      <name>_c_int00_noargs</name>
      <address>0x109ed</address>
   </entry_point>
   <input_file_list>
      <input_file id="fl-2">
         <path>.\</path>
         <kind>object</kind>
         <file>Bump.obj</file>
         <name>Bump.obj</name>
      </input_file>
      <input_file id="fl-3">
         <path>.\</path>
         <kind>object</kind>
         <file>Clock.obj</file>
         <name>Clock.obj</name>
      </input_file>
      <input_file id="fl-4">
         <path>.\</path>
         <kind>object</kind>
         <file>CortexM.obj</file>
         <name>CortexM.obj</name>
      </input_file>
      <input_file id="fl-5">
         <path>.\</path>
         <kind>object</kind>
         <file>FFT.obj</file>
         <name>FFT.obj</name>
      </input_file>
      <input_file id="fl-6">
         <path>.\</path>
         <kind>object</kind>
         <file>I2CB1.obj</file>
         <name>I2CB1.obj</name>
      </input_file>
      <input_file id="fl-7">
         <path>.\</path>
         <kind>object</kind>
         <file>LPF.obj</file>
         <name>LPF.obj</name>
      </input_file>
      <input_file id="fl-8">
         <path>.\</path>
         <kind>object</kind>
         <file>LaunchPad.obj</file>
         <name>LaunchPad.obj</name>
      </input_file>
      <input_file id="fl-9">
         <path>.\</path>
         <kind>object</kind>
         <file>Motor.obj</file>
         <name>Motor.obj</name>
      </input_file>
      <input_file id="fl-a">
         <path>.\</path>
         <kind>object</kind>
         <file>PWM.obj</file>
         <name>PWM.obj</name>
      </input_file>
      <input_file id="fl-b">
         <path>.\</path>
         <kind>object</kind>
         <file>TA3InputCapture.obj</file>
         <name>TA3InputCapture.obj</name>
      </input_file>
      <input_file id="fl-c">
         <path>.\</path>
         <kind>object</kind>
         <file>Tachometer.obj</file>
         <name>Tachometer.obj</name>
      </input_file>
      <input_file id="fl-d">
         <path>.\</path>
         <kind>object</kind>
         <file>blinker.obj</file>
         <name>blinker.obj</name>
      </input_file>
      <input_file id="fl-e">
         <path>.\</path>
         <kind>object</kind>
         <file>fixed.obj</file>
         <name>fixed.obj</name>
      </input_file>
      <input_file id="fl-f">
         <path>.\</path>
         <kind>object</kind>
         <file>main.obj</file>
         <name>main.obj</name>
      </input_file>
      <input_file id="fl-10">
         <path>.\</path>
         <kind>object</kind>
         <file>opt3101.obj</file>
         <name>opt3101.obj</name>
      </input_file>
      <input_file id="fl-11">
         <path>.\</path>
         <kind>object</kind>
         <file>startup_msp432p401r_ccs.obj</file>
         <name>startup_msp432p401r_ccs.obj</name>
      </input_file>
      <input_file id="fl-12">
         <path>.\</path>
         <kind>object</kind>
         <file>system_msp432p401r.obj</file>
         <name>system_msp432p401r.obj</name>
      </input_file>
      <input_file id="fl-13">
         <path>.\board\</path>
         <kind>object</kind>
         <file>board.obj</file>
         <name>board.obj</name>
      </input_file>
      <input_file id="fl-14">
         <path>.\cli_uart\</path>
         <kind>object</kind>
         <file>cli_uart.obj</file>
         <name>cli_uart.obj</name>
      </input_file>
      <input_file id="fl-15">
         <path>.\driverlib\MSP432P4xx\</path>
         <kind>object</kind>
         <file>adc14.obj</file>
         <name>adc14.obj</name>
      </input_file>
      <input_file id="fl-16">
         <path>.\driverlib\MSP432P4xx\</path>
         <kind>object</kind>
         <file>aes256.obj</file>
         <name>aes256.obj</name>
      </input_file>
      <input_file id="fl-17">
         <path>.\driverlib\MSP432P4xx\</path>
         <kind>object</kind>
         <file>comp_e.obj</file>
         <name>comp_e.obj</name>
      </input_file>
      <input_file id="fl-18">
         <path>.\driverlib\MSP432P4xx\</path>
         <kind>object</kind>
         <file>cpu.obj</file>
         <name>cpu.obj</name>
      </input_file>
      <input_file id="fl-19">
         <path>.\driverlib\MSP432P4xx\</path>
         <kind>object</kind>
         <file>crc32.obj</file>
         <name>crc32.obj</name>
      </input_file>
      <input_file id="fl-1a">
         <path>.\driverlib\MSP432P4xx\</path>
         <kind>object</kind>
         <file>cs.obj</file>
         <name>cs.obj</name>
      </input_file>
      <input_file id="fl-1b">
         <path>.\driverlib\MSP432P4xx\</path>
         <kind>object</kind>
         <file>dma.obj</file>
         <name>dma.obj</name>
      </input_file>
      <input_file id="fl-1c">
         <path>.\driverlib\MSP432P4xx\</path>
         <kind>object</kind>
         <file>flash.obj</file>
         <name>flash.obj</name>
      </input_file>
      <input_file id="fl-1d">
         <path>.\driverlib\MSP432P4xx\</path>
         <kind>object</kind>
         <file>fpu.obj</file>
         <name>fpu.obj</name>
      </input_file>
      <input_file id="fl-1e">
         <path>.\driverlib\MSP432P4xx\</path>
         <kind>object</kind>
         <file>gpio.obj</file>
         <name>gpio.obj</name>
      </input_file>
      <input_file id="fl-1f">
         <path>.\driverlib\MSP432P4xx\</path>
         <kind>object</kind>
         <file>i2c.obj</file>
         <name>i2c.obj</name>
      </input_file>
      <input_file id="fl-20">
         <path>.\driverlib\MSP432P4xx\</path>
         <kind>object</kind>
         <file>interrupt.obj</file>
         <name>interrupt.obj</name>
      </input_file>
      <input_file id="fl-21">
         <path>.\driverlib\MSP432P4xx\</path>
         <kind>object</kind>
         <file>mpu.obj</file>
         <name>mpu.obj</name>
      </input_file>
      <input_file id="fl-22">
         <path>.\driverlib\MSP432P4xx\</path>
         <kind>object</kind>
         <file>pcm.obj</file>
         <name>pcm.obj</name>
      </input_file>
      <input_file id="fl-23">
         <path>.\driverlib\MSP432P4xx\</path>
         <kind>object</kind>
         <file>pmap.obj</file>
         <name>pmap.obj</name>
      </input_file>
      <input_file id="fl-24">
         <path>.\driverlib\MSP432P4xx\</path>
         <kind>object</kind>
         <file>pss.obj</file>
         <name>pss.obj</name>
      </input_file>
      <input_file id="fl-25">
         <path>.\driverlib\MSP432P4xx\</path>
         <kind>object</kind>
         <file>ref_a.obj</file>
         <name>ref_a.obj</name>
      </input_file>
      <input_file id="fl-26">
         <path>.\driverlib\MSP432P4xx\</path>
         <kind>object</kind>
         <file>reset.obj</file>
         <name>reset.obj</name>
      </input_file>
      <input_file id="fl-27">
         <path>.\driverlib\MSP432P4xx\</path>
         <kind>object</kind>
         <file>rtc_c.obj</file>
         <name>rtc_c.obj</name>
      </input_file>
      <input_file id="fl-28">
         <path>.\driverlib\MSP432P4xx\</path>
         <kind>object</kind>
         <file>spi.obj</file>
         <name>spi.obj</name>
      </input_file>
      <input_file id="fl-29">
         <path>.\driverlib\MSP432P4xx\</path>
         <kind>object</kind>
         <file>sysctl.obj</file>
         <name>sysctl.obj</name>
      </input_file>
      <input_file id="fl-2a">
         <path>.\driverlib\MSP432P4xx\</path>
         <kind>object</kind>
         <file>systick.obj</file>
         <name>systick.obj</name>
      </input_file>
      <input_file id="fl-2b">
         <path>.\driverlib\MSP432P4xx\</path>
         <kind>object</kind>
         <file>timer32.obj</file>
         <name>timer32.obj</name>
      </input_file>
      <input_file id="fl-2c">
         <path>.\driverlib\MSP432P4xx\</path>
         <kind>object</kind>
         <file>timer_a.obj</file>
         <name>timer_a.obj</name>
      </input_file>
      <input_file id="fl-2d">
         <path>.\driverlib\MSP432P4xx\</path>
         <kind>object</kind>
         <file>uart.obj</file>
         <name>uart.obj</name>
      </input_file>
      <input_file id="fl-2e">
         <path>.\driverlib\MSP432P4xx\</path>
         <kind>object</kind>
         <file>wdt_a.obj</file>
         <name>wdt_a.obj</name>
      </input_file>
      <input_file id="fl-2f">
         <path>.\mqtt\</path>
         <kind>object</kind>
         <file>MQTTCC3100.obj</file>
         <name>MQTTCC3100.obj</name>
      </input_file>
      <input_file id="fl-30">
         <path>.\mqtt\</path>
         <kind>object</kind>
         <file>MQTTClient.obj</file>
         <name>MQTTClient.obj</name>
      </input_file>
      <input_file id="fl-31">
         <path>.\mqtt\</path>
         <kind>object</kind>
         <file>MQTTConnectClient.obj</file>
         <name>MQTTConnectClient.obj</name>
      </input_file>
      <input_file id="fl-32">
         <path>.\mqtt\</path>
         <kind>object</kind>
         <file>MQTTConnectServer.obj</file>
         <name>MQTTConnectServer.obj</name>
      </input_file>
      <input_file id="fl-33">
         <path>.\mqtt\</path>
         <kind>object</kind>
         <file>MQTTDeserializePublish.obj</file>
         <name>MQTTDeserializePublish.obj</name>
      </input_file>
      <input_file id="fl-34">
         <path>.\mqtt\</path>
         <kind>object</kind>
         <file>MQTTFormat.obj</file>
         <name>MQTTFormat.obj</name>
      </input_file>
      <input_file id="fl-35">
         <path>.\mqtt\</path>
         <kind>object</kind>
         <file>MQTTPacket.obj</file>
         <name>MQTTPacket.obj</name>
      </input_file>
      <input_file id="fl-36">
         <path>.\mqtt\</path>
         <kind>object</kind>
         <file>MQTTSerializePublish.obj</file>
         <name>MQTTSerializePublish.obj</name>
      </input_file>
      <input_file id="fl-37">
         <path>.\mqtt\</path>
         <kind>object</kind>
         <file>MQTTSubscribeClient.obj</file>
         <name>MQTTSubscribeClient.obj</name>
      </input_file>
      <input_file id="fl-38">
         <path>.\mqtt\</path>
         <kind>object</kind>
         <file>MQTTSubscribeServer.obj</file>
         <name>MQTTSubscribeServer.obj</name>
      </input_file>
      <input_file id="fl-39">
         <path>.\mqtt\</path>
         <kind>object</kind>
         <file>MQTTUnsubscribeClient.obj</file>
         <name>MQTTUnsubscribeClient.obj</name>
      </input_file>
      <input_file id="fl-3a">
         <path>.\mqtt\</path>
         <kind>object</kind>
         <file>MQTTUnsubscribeServer.obj</file>
         <name>MQTTUnsubscribeServer.obj</name>
      </input_file>
      <input_file id="fl-3b">
         <path>.\simplelink\source\</path>
         <kind>object</kind>
         <file>device.obj</file>
         <name>device.obj</name>
      </input_file>
      <input_file id="fl-3c">
         <path>.\simplelink\source\</path>
         <kind>object</kind>
         <file>driver.obj</file>
         <name>driver.obj</name>
      </input_file>
      <input_file id="fl-3d">
         <path>.\simplelink\source\</path>
         <kind>object</kind>
         <file>flowcont.obj</file>
         <name>flowcont.obj</name>
      </input_file>
      <input_file id="fl-3e">
         <path>.\simplelink\source\</path>
         <kind>object</kind>
         <file>fs.obj</file>
         <name>fs.obj</name>
      </input_file>
      <input_file id="fl-3f">
         <path>.\simplelink\source\</path>
         <kind>object</kind>
         <file>netapp.obj</file>
         <name>netapp.obj</name>
      </input_file>
      <input_file id="fl-40">
         <path>.\simplelink\source\</path>
         <kind>object</kind>
         <file>netcfg.obj</file>
         <name>netcfg.obj</name>
      </input_file>
      <input_file id="fl-41">
         <path>.\simplelink\source\</path>
         <kind>object</kind>
         <file>nonos.obj</file>
         <name>nonos.obj</name>
      </input_file>
      <input_file id="fl-42">
         <path>.\simplelink\source\</path>
         <kind>object</kind>
         <file>socket.obj</file>
         <name>socket.obj</name>
      </input_file>
      <input_file id="fl-43">
         <path>.\simplelink\source\</path>
         <kind>object</kind>
         <file>spawn.obj</file>
         <name>spawn.obj</name>
      </input_file>
      <input_file id="fl-44">
         <path>.\simplelink\source\</path>
         <kind>object</kind>
         <file>wlan.obj</file>
         <name>wlan.obj</name>
      </input_file>
      <input_file id="fl-45">
         <path>.\spi_cc3100\</path>
         <kind>object</kind>
         <file>spi_cc3100.obj</file>
         <name>spi_cc3100.obj</name>
      </input_file>
      <input_file id="fl-46">
         <path>.\uart_cc3100\</path>
         <kind>object</kind>
         <file>uart_cc3100.obj</file>
         <name>uart_cc3100.obj</name>
      </input_file>
      <input_file id="fl-4a">
         <kind>object</kind>
         <file>&lt;internal&gt;</file>
         <name>&lt;internal&gt;</name>
      </input_file>
      <input_file id="fl-100">
         <path>C:\ti\ccs1260\ccs\tools\compiler\ti-cgt-arm_20.2.7.LTS\lib\</path>
         <kind>archive</kind>
         <file>rtsv7M4_T_le_v4SPD16_eabi.lib</file>
         <name>snprintf.c.obj</name>
      </input_file>
      <input_file id="fl-101">
         <path>C:\ti\ccs1260\ccs\tools\compiler\ti-cgt-arm_20.2.7.LTS\lib\</path>
         <kind>archive</kind>
         <file>rtsv7M4_T_le_v4SPD16_eabi.lib</file>
         <name>sprintf.c.obj</name>
      </input_file>
      <input_file id="fl-102">
         <path>C:\ti\ccs1260\ccs\tools\compiler\ti-cgt-arm_20.2.7.LTS\lib\</path>
         <kind>archive</kind>
         <file>rtsv7M4_T_le_v4SPD16_eabi.lib</file>
         <name>memcpy_t2.asm.obj</name>
      </input_file>
      <input_file id="fl-103">
         <path>C:\ti\ccs1260\ccs\tools\compiler\ti-cgt-arm_20.2.7.LTS\lib\</path>
         <kind>archive</kind>
         <file>rtsv7M4_T_le_v4SPD16_eabi.lib</file>
         <name>memset_t2.asm.obj</name>
      </input_file>
      <input_file id="fl-104">
         <path>C:\ti\ccs1260\ccs\tools\compiler\ti-cgt-arm_20.2.7.LTS\lib\</path>
         <kind>archive</kind>
         <file>rtsv7M4_T_le_v4SPD16_eabi.lib</file>
         <name>copy_zero_init.c.obj</name>
      </input_file>
      <input_file id="fl-105">
         <path>C:\ti\ccs1260\ccs\tools\compiler\ti-cgt-arm_20.2.7.LTS\lib\</path>
         <kind>archive</kind>
         <file>rtsv7M4_T_le_v4SPD16_eabi.lib</file>
         <name>copy_decompress_none.c.obj</name>
      </input_file>
      <input_file id="fl-106">
         <path>C:\ti\ccs1260\ccs\tools\compiler\ti-cgt-arm_20.2.7.LTS\lib\</path>
         <kind>archive</kind>
         <file>rtsv7M4_T_le_v4SPD16_eabi.lib</file>
         <name>copy_decompress_lzss.c.obj</name>
      </input_file>
      <input_file id="fl-107">
         <path>C:\ti\ccs1260\ccs\tools\compiler\ti-cgt-arm_20.2.7.LTS\lib\</path>
         <kind>archive</kind>
         <file>rtsv7M4_T_le_v4SPD16_eabi.lib</file>
         <name>memcmp.c.obj</name>
      </input_file>
      <input_file id="fl-108">
         <path>C:\ti\ccs1260\ccs\tools\compiler\ti-cgt-arm_20.2.7.LTS\lib\</path>
         <kind>archive</kind>
         <file>rtsv7M4_T_le_v4SPD16_eabi.lib</file>
         <name>memory.c.obj</name>
      </input_file>
      <input_file id="fl-109">
         <path>C:\ti\ccs1260\ccs\tools\compiler\ti-cgt-arm_20.2.7.LTS\lib\</path>
         <kind>archive</kind>
         <file>rtsv7M4_T_le_v4SPD16_eabi.lib</file>
         <name>strcmp.c.obj</name>
      </input_file>
      <input_file id="fl-10a">
         <path>C:\ti\ccs1260\ccs\tools\compiler\ti-cgt-arm_20.2.7.LTS\lib\</path>
         <kind>archive</kind>
         <file>rtsv7M4_T_le_v4SPD16_eabi.lib</file>
         <name>strlen.c.obj</name>
      </input_file>
      <input_file id="fl-10b">
         <path>C:\ti\ccs1260\ccs\tools\compiler\ti-cgt-arm_20.2.7.LTS\lib\</path>
         <kind>archive</kind>
         <file>rtsv7M4_T_le_v4SPD16_eabi.lib</file>
         <name>strncmp.c.obj</name>
      </input_file>
      <input_file id="fl-10c">
         <path>C:\ti\ccs1260\ccs\tools\compiler\ti-cgt-arm_20.2.7.LTS\lib\</path>
         <kind>archive</kind>
         <file>rtsv7M4_T_le_v4SPD16_eabi.lib</file>
         <name>strncpy.c.obj</name>
      </input_file>
      <input_file id="fl-10d">
         <path>C:\ti\ccs1260\ccs\tools\compiler\ti-cgt-arm_20.2.7.LTS\lib\</path>
         <kind>archive</kind>
         <file>rtsv7M4_T_le_v4SPD16_eabi.lib</file>
         <name>strtok.c.obj</name>
      </input_file>
      <input_file id="fl-10e">
         <path>C:\ti\ccs1260\ccs\tools\compiler\ti-cgt-arm_20.2.7.LTS\lib\</path>
         <kind>archive</kind>
         <file>rtsv7M4_T_le_v4SPD16_eabi.lib</file>
         <name>boot_cortex_m.c.obj</name>
      </input_file>
      <input_file id="fl-10f">
         <path>C:\ti\ccs1260\ccs\tools\compiler\ti-cgt-arm_20.2.7.LTS\lib\</path>
         <kind>archive</kind>
         <file>rtsv7M4_T_le_v4SPD16_eabi.lib</file>
         <name>_printfi.c.obj</name>
      </input_file>
      <input_file id="fl-110">
         <path>C:\ti\ccs1260\ccs\tools\compiler\ti-cgt-arm_20.2.7.LTS\lib\</path>
         <kind>archive</kind>
         <file>rtsv7M4_T_le_v4SPD16_eabi.lib</file>
         <name>fd_add_t2.asm.obj</name>
      </input_file>
      <input_file id="fl-111">
         <path>C:\ti\ccs1260\ccs\tools\compiler\ti-cgt-arm_20.2.7.LTS\lib\</path>
         <kind>archive</kind>
         <file>rtsv7M4_T_le_v4SPD16_eabi.lib</file>
         <name>fd_cmp_t2.asm.obj</name>
      </input_file>
      <input_file id="fl-112">
         <path>C:\ti\ccs1260\ccs\tools\compiler\ti-cgt-arm_20.2.7.LTS\lib\</path>
         <kind>archive</kind>
         <file>rtsv7M4_T_le_v4SPD16_eabi.lib</file>
         <name>fd_div_t2.asm.obj</name>
      </input_file>
      <input_file id="fl-113">
         <path>C:\ti\ccs1260\ccs\tools\compiler\ti-cgt-arm_20.2.7.LTS\lib\</path>
         <kind>archive</kind>
         <file>rtsv7M4_T_le_v4SPD16_eabi.lib</file>
         <name>fd_mul_t2.asm.obj</name>
      </input_file>
      <input_file id="fl-114">
         <path>C:\ti\ccs1260\ccs\tools\compiler\ti-cgt-arm_20.2.7.LTS\lib\</path>
         <kind>archive</kind>
         <file>rtsv7M4_T_le_v4SPD16_eabi.lib</file>
         <name>fd_toi_t2.asm.obj</name>
      </input_file>
      <input_file id="fl-115">
         <path>C:\ti\ccs1260\ccs\tools\compiler\ti-cgt-arm_20.2.7.LTS\lib\</path>
         <kind>archive</kind>
         <file>rtsv7M4_T_le_v4SPD16_eabi.lib</file>
         <name>i_tofd_t2.asm.obj</name>
      </input_file>
      <input_file id="fl-116">
         <path>C:\ti\ccs1260\ccs\tools\compiler\ti-cgt-arm_20.2.7.LTS\lib\</path>
         <kind>archive</kind>
         <file>rtsv7M4_T_le_v4SPD16_eabi.lib</file>
         <name>ull_div_t2.asm.obj</name>
      </input_file>
      <input_file id="fl-117">
         <path>C:\ti\ccs1260\ccs\tools\compiler\ti-cgt-arm_20.2.7.LTS\lib\</path>
         <kind>archive</kind>
         <file>rtsv7M4_T_le_v4SPD16_eabi.lib</file>
         <name>autoinit.c.obj</name>
      </input_file>
      <input_file id="fl-118">
         <path>C:\ti\ccs1260\ccs\tools\compiler\ti-cgt-arm_20.2.7.LTS\lib\</path>
         <kind>archive</kind>
         <file>rtsv7M4_T_le_v4SPD16_eabi.lib</file>
         <name>pre_init.c.obj</name>
      </input_file>
      <input_file id="fl-119">
         <path>C:\ti\ccs1260\ccs\tools\compiler\ti-cgt-arm_20.2.7.LTS\lib\</path>
         <kind>archive</kind>
         <file>rtsv7M4_T_le_v4SPD16_eabi.lib</file>
         <name>cpy_tbl.c.obj</name>
      </input_file>
      <input_file id="fl-11a">
         <path>C:\ti\ccs1260\ccs\tools\compiler\ti-cgt-arm_20.2.7.LTS\lib\</path>
         <kind>archive</kind>
         <file>rtsv7M4_T_le_v4SPD16_eabi.lib</file>
         <name>exit.c.obj</name>
      </input_file>
      <input_file id="fl-11b">
         <path>C:\ti\ccs1260\ccs\tools\compiler\ti-cgt-arm_20.2.7.LTS\lib\</path>
         <kind>archive</kind>
         <file>rtsv7M4_T_le_v4SPD16_eabi.lib</file>
         <name>_lock.c.obj</name>
      </input_file>
      <input_file id="fl-11c">
         <path>C:\ti\ccs1260\ccs\tools\compiler\ti-cgt-arm_20.2.7.LTS\lib\</path>
         <kind>archive</kind>
         <file>rtsv7M4_T_le_v4SPD16_eabi.lib</file>
         <name>_ltoa.c.obj</name>
      </input_file>
      <input_file id="fl-11d">
         <path>C:\ti\ccs1260\ccs\tools\compiler\ti-cgt-arm_20.2.7.LTS\lib\</path>
         <kind>archive</kind>
         <file>rtsv7M4_T_le_v4SPD16_eabi.lib</file>
         <name>args_main.c.obj</name>
      </input_file>
      <input_file id="fl-11e">
         <path>C:\ti\ccs1260\ccs\tools\compiler\ti-cgt-arm_20.2.7.LTS\lib\</path>
         <kind>archive</kind>
         <file>rtsv7M4_T_le_v4SPD16_eabi.lib</file>
         <name>atoi.c.obj</name>
      </input_file>
      <input_file id="fl-11f">
         <path>C:\ti\ccs1260\ccs\tools\compiler\ti-cgt-arm_20.2.7.LTS\lib\</path>
         <kind>archive</kind>
         <file>rtsv7M4_T_le_v4SPD16_eabi.lib</file>
         <name>ctype.c.obj</name>
      </input_file>
      <input_file id="fl-120">
         <path>C:\ti\ccs1260\ccs\tools\compiler\ti-cgt-arm_20.2.7.LTS\lib\</path>
         <kind>archive</kind>
         <file>rtsv7M4_T_le_v4SPD16_eabi.lib</file>
         <name>memccpy.c.obj</name>
      </input_file>
      <input_file id="fl-121">
         <path>C:\ti\ccs1260\ccs\tools\compiler\ti-cgt-arm_20.2.7.LTS\lib\</path>
         <kind>archive</kind>
         <file>rtsv7M4_T_le_v4SPD16_eabi.lib</file>
         <name>strchr.c.obj</name>
      </input_file>
      <input_file id="fl-122">
         <path>C:\ti\ccs1260\ccs\tools\compiler\ti-cgt-arm_20.2.7.LTS\lib\</path>
         <kind>archive</kind>
         <file>rtsv7M4_T_le_v4SPD16_eabi.lib</file>
         <name>strcspn.c.obj</name>
      </input_file>
      <input_file id="fl-123">
         <path>C:\ti\ccs1260\ccs\tools\compiler\ti-cgt-arm_20.2.7.LTS\lib\</path>
         <kind>archive</kind>
         <file>rtsv7M4_T_le_v4SPD16_eabi.lib</file>
         <name>strspn.c.obj</name>
      </input_file>
      <input_file id="fl-124">
         <path>C:\ti\ccs1260\ccs\tools\compiler\ti-cgt-arm_20.2.7.LTS\lib\</path>
         <kind>archive</kind>
         <file>rtsv7M4_T_le_v4SPD16_eabi.lib</file>
         <name>errno.c.obj</name>
      </input_file>
      <input_file id="fl-125">
         <path>C:\ti\ccs1260\ccs\tools\compiler\ti-cgt-arm_20.2.7.LTS\lib\</path>
         <kind>archive</kind>
         <file>rtsv7M4_T_le_v4SPD16_eabi.lib</file>
         <name>wcslen.c.obj</name>
      </input_file>
      <input_file id="fl-126">
         <path>C:\ti\ccs1260\ccs\tools\compiler\ti-cgt-arm_20.2.7.LTS\lib\</path>
         <kind>archive</kind>
         <file>rtsv7M4_T_le_v4SPD16_eabi.lib</file>
         <name>s_frexp.c.obj</name>
      </input_file>
      <input_file id="fl-127">
         <path>C:\ti\ccs1260\ccs\tools\compiler\ti-cgt-arm_20.2.7.LTS\lib\</path>
         <kind>archive</kind>
         <file>rtsv7M4_T_le_v4SPD16_eabi.lib</file>
         <name>s_scalbn.c.obj</name>
      </input_file>
      <input_file id="fl-128">
         <path>C:\ti\ccs1260\ccs\tools\compiler\ti-cgt-arm_20.2.7.LTS\lib\</path>
         <kind>archive</kind>
         <file>rtsv7M4_T_le_v4SPD16_eabi.lib</file>
         <name>div0.asm.obj</name>
      </input_file>
      <input_file id="fl-129">
         <path>C:\ti\ccs1260\ccs\tools\compiler\ti-cgt-arm_20.2.7.LTS\lib\</path>
         <kind>archive</kind>
         <file>rtsv7M4_T_le_v4SPD16_eabi.lib</file>
         <name>s_copysign.c.obj</name>
      </input_file>
   </input_file_list>
   <object_component_list>
      <object_component id="oc-26">
         <name>.intvecs:retain</name>
         <load_address>0x0</load_address>
         <run_address>0x0</run_address>
         <size>0xe4</size>
         <input_file_ref idref="fl-11"/>
      </object_component>
      <object_component id="oc-26f">
         <name>.text</name>
         <load_address>0xe4</load_address>
         <run_address>0xe4</run_address>
         <size>0x2034</size>
         <input_file_ref idref="fl-3c"/>
      </object_component>
      <object_component id="oc-76">
         <name>.text</name>
         <load_address>0x2118</load_address>
         <run_address>0x2118</run_address>
         <size>0x166c</size>
         <input_file_ref idref="fl-f"/>
      </object_component>
      <object_component id="oc-1eb">
         <name>.text</name>
         <load_address>0x3784</load_address>
         <run_address>0x3784</run_address>
         <size>0x1598</size>
         <input_file_ref idref="fl-1c"/>
      </object_component>
      <object_component id="oc-d1">
         <name>.text</name>
         <load_address>0x4d1c</load_address>
         <run_address>0x4d1c</run_address>
         <size>0xed4</size>
         <input_file_ref idref="fl-42"/>
      </object_component>
      <object_component id="oc-1e5">
         <name>.text</name>
         <load_address>0x5bf0</load_address>
         <run_address>0x5bf0</run_address>
         <size>0xd7c</size>
         <input_file_ref idref="fl-1a"/>
      </object_component>
      <object_component id="oc-e0">
         <name>.text</name>
         <load_address>0x696c</load_address>
         <run_address>0x696c</run_address>
         <size>0xb3c</size>
         <input_file_ref idref="fl-3f"/>
      </object_component>
      <object_component id="oc-199">
         <name>.text</name>
         <load_address>0x74a8</load_address>
         <run_address>0x74a8</run_address>
         <size>0xac0</size>
         <input_file_ref idref="fl-44"/>
      </object_component>
      <object_component id="oc-37a">
         <name>.text:__TI_printfi</name>
         <load_address>0x7f68</load_address>
         <run_address>0x7f68</run_address>
         <size>0xa4e</size>
         <input_file_ref idref="fl-10f"/>
      </object_component>
      <object_component id="oc-5fb">
         <name>.text:_nop</name>
         <load_address>0x89b6</load_address>
         <run_address>0x89b6</run_address>
         <size>0x2</size>
         <input_file_ref idref="fl-11b"/>
      </object_component>
      <object_component id="oc-143">
         <name>.text</name>
         <load_address>0x89b8</load_address>
         <run_address>0x89b8</run_address>
         <size>0x9fc</size>
         <input_file_ref idref="fl-30"/>
      </object_component>
      <object_component id="oc-1d8">
         <name>.text</name>
         <load_address>0x93b4</load_address>
         <run_address>0x93b4</run_address>
         <size>0x838</size>
         <input_file_ref idref="fl-22"/>
      </object_component>
      <object_component id="oc-18d">
         <name>.text</name>
         <load_address>0x9bec</load_address>
         <run_address>0x9bec</run_address>
         <size>0x798</size>
         <input_file_ref idref="fl-2c"/>
      </object_component>
      <object_component id="oc-123">
         <name>.text</name>
         <load_address>0xa384</load_address>
         <run_address>0xa384</run_address>
         <size>0x5d0</size>
         <input_file_ref idref="fl-7"/>
      </object_component>
      <object_component id="oc-131">
         <name>.text</name>
         <load_address>0xa954</load_address>
         <run_address>0xa954</run_address>
         <size>0x5b4</size>
         <input_file_ref idref="fl-3b"/>
      </object_component>
      <object_component id="oc-8e">
         <name>.text</name>
         <load_address>0xaf08</load_address>
         <run_address>0xaf08</run_address>
         <size>0x51c</size>
         <input_file_ref idref="fl-10"/>
      </object_component>
      <object_component id="oc-490">
         <name>.text</name>
         <load_address>0xb424</load_address>
         <run_address>0xb424</run_address>
         <size>0x508</size>
         <input_file_ref idref="fl-27"/>
      </object_component>
      <object_component id="oc-187">
         <name>.text</name>
         <load_address>0xb92c</load_address>
         <run_address>0xb92c</run_address>
         <size>0x480</size>
         <input_file_ref idref="fl-1e"/>
      </object_component>
      <object_component id="oc-39d">
         <name>.text</name>
         <load_address>0xbdac</load_address>
         <run_address>0xbdac</run_address>
         <size>0x3f8</size>
         <input_file_ref idref="fl-35"/>
      </object_component>
      <object_component id="oc-1d2">
         <name>.text</name>
         <load_address>0xc1a4</load_address>
         <run_address>0xc1a4</run_address>
         <size>0x3f0</size>
         <input_file_ref idref="fl-20"/>
      </object_component>
      <object_component id="oc-3a3">
         <name>.text</name>
         <load_address>0xc594</load_address>
         <run_address>0xc594</run_address>
         <size>0x3ac</size>
         <input_file_ref idref="fl-31"/>
      </object_component>
      <object_component id="oc-11d">
         <name>.text</name>
         <load_address>0xc940</load_address>
         <run_address>0xc940</run_address>
         <size>0x3a4</size>
         <input_file_ref idref="fl-6"/>
      </object_component>
      <object_component id="oc-70">
         <name>.text</name>
         <load_address>0xcce4</load_address>
         <run_address>0xcce4</run_address>
         <size>0x388</size>
         <input_file_ref idref="fl-2f"/>
      </object_component>
      <object_component id="oc-88">
         <name>.text</name>
         <load_address>0xd06c</load_address>
         <run_address>0xd06c</run_address>
         <size>0x344</size>
         <input_file_ref idref="fl-13"/>
      </object_component>
      <object_component id="oc-ca">
         <name>.text</name>
         <load_address>0xd3b0</load_address>
         <run_address>0xd3b0</run_address>
         <size>0x32c</size>
         <input_file_ref idref="fl-12"/>
      </object_component>
      <object_component id="oc-57a">
         <name>.text:_pconv_a</name>
         <load_address>0xd6dc</load_address>
         <run_address>0xd6dc</run_address>
         <size>0x270</size>
         <input_file_ref idref="fl-10f"/>
      </object_component>
      <object_component id="oc-49f">
         <name>.text</name>
         <load_address>0xd94c</load_address>
         <run_address>0xd94c</run_address>
         <size>0x244</size>
         <input_file_ref idref="fl-29"/>
      </object_component>
      <object_component id="oc-325">
         <name>.text</name>
         <load_address>0xdb90</load_address>
         <run_address>0xdb90</run_address>
         <size>0x228</size>
         <input_file_ref idref="fl-a"/>
      </object_component>
      <object_component id="oc-3b2">
         <name>.text</name>
         <load_address>0xddb8</load_address>
         <run_address>0xddb8</run_address>
         <size>0x218</size>
         <input_file_ref idref="fl-36"/>
      </object_component>
      <object_component id="oc-3b8">
         <name>.text</name>
         <load_address>0xdfd0</load_address>
         <run_address>0xdfd0</run_address>
         <size>0x218</size>
         <input_file_ref idref="fl-37"/>
      </object_component>
      <object_component id="oc-351">
         <name>.text</name>
         <load_address>0xe1e8</load_address>
         <run_address>0xe1e8</run_address>
         <size>0x214</size>
         <input_file_ref idref="fl-45"/>
      </object_component>
      <object_component id="oc-105">
         <name>.text</name>
         <load_address>0xe3fc</load_address>
         <run_address>0xe3fc</run_address>
         <size>0x1e0</size>
         <input_file_ref idref="fl-3"/>
      </object_component>
      <object_component id="oc-7c">
         <name>.text</name>
         <load_address>0xe5dc</load_address>
         <run_address>0xe5dc</run_address>
         <size>0x1d4</size>
         <input_file_ref idref="fl-b"/>
      </object_component>
      <object_component id="oc-568">
         <name>.text:_pconv_g</name>
         <load_address>0xe7b0</load_address>
         <run_address>0xe7b0</run_address>
         <size>0x1d0</size>
         <input_file_ref idref="fl-10f"/>
      </object_component>
      <object_component id="oc-6c7">
         <name>.text</name>
         <load_address>0xe980</load_address>
         <run_address>0xe980</run_address>
         <size>0x1b6</size>
         <input_file_ref idref="fl-110"/>
      </object_component>
      <object_component id="oc-75f">
         <name>.text</name>
         <load_address>0xeb36</load_address>
         <run_address>0xeb36</run_address>
         <size>0x2</size>
         <input_file_ref idref="fl-128"/>
      </object_component>
      <object_component id="oc-3be">
         <name>.text</name>
         <load_address>0xeb38</load_address>
         <run_address>0xeb38</run_address>
         <size>0x1a0</size>
         <input_file_ref idref="fl-39"/>
      </object_component>
      <object_component id="oc-169">
         <name>.text</name>
         <load_address>0xecd8</load_address>
         <run_address>0xecd8</run_address>
         <size>0x184</size>
         <input_file_ref idref="fl-19"/>
      </object_component>
      <object_component id="oc-fa">
         <name>.text</name>
         <load_address>0xee5c</load_address>
         <run_address>0xee5c</run_address>
         <size>0x17c</size>
         <input_file_ref idref="fl-9"/>
      </object_component>
      <object_component id="oc-12b">
         <name>.text</name>
         <load_address>0xefd8</load_address>
         <run_address>0xefd8</run_address>
         <size>0x17c</size>
         <input_file_ref idref="fl-c"/>
      </object_component>
      <object_component id="oc-82">
         <name>.text</name>
         <load_address>0xf154</load_address>
         <run_address>0xf154</run_address>
         <size>0x16c</size>
         <input_file_ref idref="fl-14"/>
      </object_component>
      <object_component id="oc-574">
         <name>.text:_pconv_e</name>
         <load_address>0xf2c0</load_address>
         <run_address>0xf2c0</run_address>
         <size>0x13c</size>
         <input_file_ref idref="fl-10f"/>
      </object_component>
      <object_component id="oc-3ac">
         <name>.text</name>
         <load_address>0xf3fc</load_address>
         <run_address>0xf3fc</run_address>
         <size>0x138</size>
         <input_file_ref idref="fl-33"/>
      </object_component>
      <object_component id="oc-6ad">
         <name>.text</name>
         <load_address>0xf534</load_address>
         <run_address>0xf534</run_address>
         <size>0x136</size>
         <input_file_ref idref="fl-112"/>
      </object_component>
      <object_component id="oc-193">
         <name>.text</name>
         <load_address>0xf66c</load_address>
         <run_address>0xf66c</run_address>
         <size>0x130</size>
         <input_file_ref idref="fl-41"/>
      </object_component>
      <object_component id="oc-6d9">
         <name>.text:fcvt</name>
         <load_address>0xf79c</load_address>
         <run_address>0xf79c</run_address>
         <size>0x124</size>
         <input_file_ref idref="fl-10f"/>
      </object_component>
      <object_component id="oc-137">
         <name>.text</name>
         <load_address>0xf8c0</load_address>
         <run_address>0xf8c0</run_address>
         <size>0x110</size>
         <input_file_ref idref="fl-40"/>
      </object_component>
      <object_component id="oc-6ed">
         <name>.text:scalbn</name>
         <load_address>0xf9d0</load_address>
         <run_address>0xf9d0</run_address>
         <size>0x110</size>
         <input_file_ref idref="fl-127"/>
      </object_component>
      <object_component id="oc-3de">
         <name>.text:aligned_alloc</name>
         <load_address>0xfae0</load_address>
         <run_address>0xfae0</run_address>
         <size>0x100</size>
         <input_file_ref idref="fl-108"/>
      </object_component>
      <object_component id="oc-111">
         <name>.text</name>
         <load_address>0xfbe0</load_address>
         <run_address>0xfbe0</run_address>
         <size>0xfc</size>
         <input_file_ref idref="fl-2"/>
      </object_component>
      <object_component id="oc-6a8">
         <name>.text</name>
         <load_address>0xfcdc</load_address>
         <run_address>0xfcdc</run_address>
         <size>0xfc</size>
         <input_file_ref idref="fl-113"/>
      </object_component>
      <object_component id="oc-10b">
         <name>.text</name>
         <load_address>0xfdd8</load_address>
         <run_address>0xfdd8</run_address>
         <size>0xf8</size>
         <input_file_ref idref="fl-8"/>
      </object_component>
      <object_component id="oc-158">
         <name>.text:free</name>
         <load_address>0xfed0</load_address>
         <run_address>0xfed0</run_address>
         <size>0xe4</size>
         <input_file_ref idref="fl-108"/>
      </object_component>
      <object_component id="oc-48a">
         <name>.text</name>
         <load_address>0xffb4</load_address>
         <run_address>0xffb4</run_address>
         <size>0xd8</size>
         <input_file_ref idref="fl-2e"/>
      </object_component>
      <object_component id="oc-55d">
         <name>.text:_ltostr</name>
         <load_address>0x1008c</load_address>
         <run_address>0x1008c</run_address>
         <size>0xb1</size>
         <input_file_ref idref="fl-10f"/>
      </object_component>
      <object_component id="oc-3a">
         <name>.text</name>
         <load_address>0x1013e</load_address>
         <run_address>0x1013e</run_address>
         <size>0x9c</size>
         <input_file_ref idref="fl-102"/>
      </object_component>
      <object_component id="oc-6a1">
         <name>.text</name>
         <load_address>0x101da</load_address>
         <run_address>0x101da</run_address>
         <size>0x96</size>
         <input_file_ref idref="fl-116"/>
      </object_component>
      <object_component id="oc-563">
         <name>.text:__aeabi_cdcmple</name>
         <load_address>0x10270</load_address>
         <run_address>0x10270</run_address>
         <size>0x86</size>
         <input_file_ref idref="fl-111"/>
      </object_component>
      <object_component id="oc-6b2">
         <name>.text:__aeabi_cdrcmple</name>
         <load_address>0x102f6</load_address>
         <run_address>0x102f6</run_address>
         <size>0x86</size>
         <input_file_ref idref="fl-111"/>
      </object_component>
      <object_component id="oc-4d3">
         <name>.text</name>
         <load_address>0x1037c</load_address>
         <run_address>0x1037c</run_address>
         <size>0x80</size>
         <input_file_ref idref="fl-3d"/>
      </object_component>
      <object_component id="oc-b2">
         <name>.text</name>
         <load_address>0x103fc</load_address>
         <run_address>0x103fc</run_address>
         <size>0x7a</size>
         <input_file_ref idref="fl-103"/>
      </object_component>
      <object_component id="oc-e6">
         <name>.text</name>
         <load_address>0x10478</load_address>
         <run_address>0x10478</run_address>
         <size>0x74</size>
         <input_file_ref idref="fl-2a"/>
      </object_component>
      <object_component id="oc-5ef">
         <name>.text:split</name>
         <load_address>0x104ec</load_address>
         <run_address>0x104ec</run_address>
         <size>0x70</size>
         <input_file_ref idref="fl-108"/>
      </object_component>
      <object_component id="oc-6d2">
         <name>.text:_mcpy</name>
         <load_address>0x1055c</load_address>
         <run_address>0x1055c</run_address>
         <size>0x6e</size>
         <input_file_ref idref="fl-10f"/>
      </object_component>
      <object_component id="oc-17">
         <name>.text:decompress:lzss:__TI_decompress_lzss</name>
         <load_address>0x105ca</load_address>
         <run_address>0x105ca</run_address>
         <size>0x68</size>
         <input_file_ref idref="fl-106"/>
      </object_component>
      <object_component id="oc-6e7">
         <name>.text:frexp</name>
         <load_address>0x10634</load_address>
         <run_address>0x10634</run_address>
         <size>0x64</size>
         <input_file_ref idref="fl-126"/>
      </object_component>
      <object_component id="oc-56e">
         <name>.text:_pconv_f</name>
         <load_address>0x10698</load_address>
         <run_address>0x10698</run_address>
         <size>0x56</size>
         <input_file_ref idref="fl-10f"/>
      </object_component>
      <object_component id="oc-6bc">
         <name>.text:__TI_ltoa</name>
         <load_address>0x106ee</load_address>
         <run_address>0x106ee</run_address>
         <size>0x54</size>
         <input_file_ref idref="fl-11c"/>
      </object_component>
      <object_component id="oc-6cc">
         <name>.text:_ecpy</name>
         <load_address>0x10742</load_address>
         <run_address>0x10742</run_address>
         <size>0x52</size>
         <input_file_ref idref="fl-10f"/>
      </object_component>
      <object_component id="oc-557">
         <name>.text:atoi</name>
         <load_address>0x10794</load_address>
         <run_address>0x10794</run_address>
         <size>0x4c</size>
         <input_file_ref idref="fl-11e"/>
      </object_component>
      <object_component id="oc-13d">
         <name>.text:snprintf</name>
         <load_address>0x107e0</load_address>
         <run_address>0x107e0</run_address>
         <size>0x4c</size>
         <input_file_ref idref="fl-100"/>
      </object_component>
      <object_component id="oc-6b7">
         <name>.text</name>
         <load_address>0x1082c</load_address>
         <run_address>0x1082c</run_address>
         <size>0x48</size>
         <input_file_ref idref="fl-114"/>
      </object_component>
      <object_component id="oc-239">
         <name>.text:__TI_auto_init_nobinit_nopinit:__TI_auto_init_nobinit_nopinit</name>
         <load_address>0x10874</load_address>
         <run_address>0x10874</run_address>
         <size>0x44</size>
         <input_file_ref idref="fl-117"/>
      </object_component>
      <object_component id="oc-16f">
         <name>.text:sprintf</name>
         <load_address>0x108b8</load_address>
         <run_address>0x108b8</run_address>
         <size>0x40</size>
         <input_file_ref idref="fl-101"/>
      </object_component>
      <object_component id="oc-17b">
         <name>.text:strtok</name>
         <load_address>0x108f8</load_address>
         <run_address>0x108f8</run_address>
         <size>0x40</size>
         <input_file_ref idref="fl-10d"/>
      </object_component>
      <object_component id="oc-6df">
         <name>.text:_fcpy</name>
         <load_address>0x10938</load_address>
         <run_address>0x10938</run_address>
         <size>0x3e</size>
         <input_file_ref idref="fl-10f"/>
      </object_component>
      <object_component id="oc-46d">
         <name>.text</name>
         <load_address>0x10976</load_address>
         <run_address>0x10976</run_address>
         <size>0x3e</size>
         <input_file_ref idref="fl-18"/>
      </object_component>
      <object_component id="oc-175">
         <name>.text:strncpy</name>
         <load_address>0x109b4</load_address>
         <run_address>0x109b4</run_address>
         <size>0x36</size>
         <input_file_ref idref="fl-10c"/>
      </object_component>
      <object_component id="oc-58">
         <name>.text:_c_int00_noargs:_c_int00_noargs</name>
         <load_address>0x109ec</load_address>
         <run_address>0x109ec</run_address>
         <size>0x34</size>
         <input_file_ref idref="fl-10e"/>
      </object_component>
      <object_component id="oc-380">
         <name>.text:_outs</name>
         <load_address>0x10a20</load_address>
         <run_address>0x10a20</run_address>
         <size>0x30</size>
         <input_file_ref idref="fl-100"/>
      </object_component>
      <object_component id="oc-6c2">
         <name>.text</name>
         <load_address>0x10a50</load_address>
         <run_address>0x10a50</run_address>
         <size>0x2e</size>
         <input_file_ref idref="fl-115"/>
      </object_component>
      <object_component id="oc-5a2">
         <name>.text:strncmp</name>
         <load_address>0x10a7e</load_address>
         <run_address>0x10a7e</run_address>
         <size>0x2c</size>
         <input_file_ref idref="fl-10b"/>
      </object_component>
      <object_component id="oc-406">
         <name>.text:strspn</name>
         <load_address>0x10aaa</load_address>
         <run_address>0x10aaa</run_address>
         <size>0x2a</size>
         <input_file_ref idref="fl-123"/>
      </object_component>
      <object_component id="oc-3eb">
         <name>.text:free_list_insert</name>
         <load_address>0x10ad4</load_address>
         <run_address>0x10ad4</run_address>
         <size>0x28</size>
         <input_file_ref idref="fl-108"/>
      </object_component>
      <object_component id="oc-117">
         <name>.text</name>
         <load_address>0x10afc</load_address>
         <run_address>0x10afc</run_address>
         <size>0x24</size>
         <input_file_ref idref="fl-4"/>
      </object_component>
      <object_component id="oc-40c">
         <name>.text:strcspn</name>
         <load_address>0x10b20</load_address>
         <run_address>0x10b20</run_address>
         <size>0x24</size>
         <input_file_ref idref="fl-122"/>
      </object_component>
      <object_component id="oc-3e5">
         <name>.text:free_list_remove</name>
         <load_address>0x10b44</load_address>
         <run_address>0x10b44</run_address>
         <size>0x1c</size>
         <input_file_ref idref="fl-108"/>
      </object_component>
      <object_component id="oc-580">
         <name>.text:memccpy</name>
         <load_address>0x10b60</load_address>
         <run_address>0x10b60</run_address>
         <size>0x1c</size>
         <input_file_ref idref="fl-120"/>
      </object_component>
      <object_component id="oc-778">
         <name>.text:copysign</name>
         <load_address>0x10b7c</load_address>
         <run_address>0x10b7c</run_address>
         <size>0x1a</size>
         <input_file_ref idref="fl-129"/>
      </object_component>
      <object_component id="oc-386">
         <name>.text:_outc</name>
         <load_address>0x10b96</load_address>
         <run_address>0x10b96</run_address>
         <size>0x18</size>
         <input_file_ref idref="fl-100"/>
      </object_component>
      <object_component id="oc-3f6">
         <name>.text:_outs</name>
         <load_address>0x10bae</load_address>
         <run_address>0x10bae</run_address>
         <size>0x18</size>
         <input_file_ref idref="fl-101"/>
      </object_component>
      <object_component id="oc-181">
         <name>.text:strcmp</name>
         <load_address>0x10bc6</load_address>
         <run_address>0x10bc6</run_address>
         <size>0x18</size>
         <input_file_ref idref="fl-109"/>
      </object_component>
      <object_component id="oc-6f3">
         <name>.text:strchr</name>
         <load_address>0x10bde</load_address>
         <run_address>0x10bde</run_address>
         <size>0x16</size>
         <input_file_ref idref="fl-121"/>
      </object_component>
      <object_component id="oc-da">
         <name>.text:strlen</name>
         <load_address>0x10bf4</load_address>
         <run_address>0x10bf4</run_address>
         <size>0x14</size>
         <input_file_ref idref="fl-10a"/>
      </object_component>
      <object_component id="oc-586">
         <name>.text:wcslen</name>
         <load_address>0x10c08</load_address>
         <run_address>0x10c08</run_address>
         <size>0x12</size>
         <input_file_ref idref="fl-125"/>
      </object_component>
      <object_component id="oc-1d">
         <name>.text:decompress:none:__TI_decompress_none</name>
         <load_address>0x10c1a</load_address>
         <run_address>0x10c1a</run_address>
         <size>0xe</size>
         <input_file_ref idref="fl-105"/>
      </object_component>
      <object_component id="oc-6a">
         <name>.text</name>
         <load_address>0x10c28</load_address>
         <run_address>0x10c28</run_address>
         <size>0xe</size>
         <input_file_ref idref="fl-11"/>
      </object_component>
      <object_component id="oc-4c">
         <name>.text:decompress:ZI:__TI_zero_init</name>
         <load_address>0x10c36</load_address>
         <run_address>0x10c36</run_address>
         <size>0xc</size>
         <input_file_ref idref="fl-104"/>
      </object_component>
      <object_component id="oc-3fc">
         <name>.text:_outc</name>
         <load_address>0x10c42</load_address>
         <run_address>0x10c42</run_address>
         <size>0xa</size>
         <input_file_ref idref="fl-101"/>
      </object_component>
      <object_component id="oc-58c">
         <name>.text:__aeabi_errno_addr</name>
         <load_address>0x10c4c</load_address>
         <run_address>0x10c4c</run_address>
         <size>0x8</size>
         <input_file_ref idref="fl-124"/>
      </object_component>
      <object_component id="oc-152">
         <name>.text:malloc</name>
         <load_address>0x10c54</load_address>
         <run_address>0x10c54</run_address>
         <size>0x8</size>
         <input_file_ref idref="fl-108"/>
      </object_component>
      <object_component id="oc-b8">
         <name>.text:_system_pre_init</name>
         <load_address>0x10c5c</load_address>
         <run_address>0x10c5c</run_address>
         <size>0x4</size>
         <input_file_ref idref="fl-118"/>
      </object_component>
      <object_component id="oc-22d">
         <name>.text:abort:abort</name>
         <load_address>0x10c60</load_address>
         <run_address>0x10c60</run_address>
         <size>0x4</size>
         <input_file_ref idref="fl-11a"/>
      </object_component>
      <object_component id="oc-69c">
         <name>.const:.string:_ctypes_</name>
         <load_address>0x10c64</load_address>
         <run_address>0x10c64</run_address>
         <size>0x101</size>
         <input_file_ref idref="fl-11f"/>
      </object_component>
      <object_component id="oc-427">
         <name>.const:$P$T0$1</name>
         <load_address>0x10d68</load_address>
         <run_address>0x10d68</run_address>
         <size>0xb0</size>
         <input_file_ref idref="fl-44"/>
      </object_component>
      <object_component id="oc-14e">
         <name>.const:$P$T0$1</name>
         <load_address>0x10e18</load_address>
         <run_address>0x10e18</run_address>
         <size>0x58</size>
         <input_file_ref idref="fl-f"/>
      </object_component>
      <object_component id="oc-3c4">
         <name>.const:$P$T1$2</name>
         <load_address>0x10e70</load_address>
         <run_address>0x10e70</run_address>
         <size>0x58</size>
         <input_file_ref idref="fl-30"/>
      </object_component>
      <object_component id="oc-479">
         <name>.const:g_pulRegs</name>
         <load_address>0x10ec8</load_address>
         <run_address>0x10ec8</run_address>
         <size>0x50</size>
         <input_file_ref idref="fl-20"/>
      </object_component>
      <object_component id="oc-4e5">
         <name>.const:_SlActionLookupTable</name>
         <load_address>0x10f18</load_address>
         <run_address>0x10f18</run_address>
         <size>0x38</size>
         <input_file_ref idref="fl-3c"/>
      </object_component>
      <object_component id="oc-19f">
         <name>.const:$P$T1$2</name>
         <load_address>0x10f50</load_address>
         <run_address>0x10f50</run_address>
         <size>0x2c</size>
         <input_file_ref idref="fl-f"/>
      </object_component>
      <object_component id="oc-476">
         <name>.const:g_pulPriority</name>
         <load_address>0x10f7c</load_address>
         <run_address>0x10f7c</run_address>
         <size>0x20</size>
         <input_file_ref idref="fl-20"/>
      </object_component>
      <object_component id="oc-41c">
         <name>.const:GPIO_PORT_TO_INT</name>
         <load_address>0x10f9c</load_address>
         <run_address>0x10f9c</run_address>
         <size>0x1c</size>
         <input_file_ref idref="fl-1e"/>
      </object_component>
      <object_component id="oc-1a2">
         <name>.const:$P$T2$3</name>
         <load_address>0x10fb8</load_address>
         <run_address>0x10fb8</run_address>
         <size>0x14</size>
         <input_file_ref idref="fl-f"/>
      </object_component>
      <object_component id="oc-3c7">
         <name>.const:$P$T2$3</name>
         <load_address>0x10fcc</load_address>
         <run_address>0x10fcc</run_address>
         <size>0xc</size>
         <input_file_ref idref="fl-30"/>
      </object_component>
      <object_component id="oc-3ca">
         <name>.const:$P$T3$4</name>
         <load_address>0x10fd8</load_address>
         <run_address>0x10fd8</run_address>
         <size>0xc</size>
         <input_file_ref idref="fl-30"/>
      </object_component>
      <object_component id="oc-1a5">
         <name>.const:$P$T3$4</name>
         <load_address>0x10fe4</load_address>
         <run_address>0x10fe4</run_address>
         <size>0xc</size>
         <input_file_ref idref="fl-f"/>
      </object_component>
      <object_component id="oc-3cd">
         <name>.const:$P$T4$5</name>
         <load_address>0x10ff0</load_address>
         <run_address>0x10ff0</run_address>
         <size>0xc</size>
         <input_file_ref idref="fl-30"/>
      </object_component>
      <object_component id="oc-4df">
         <name>.const:g_H2NCnysPattern</name>
         <load_address>0x10ffc</load_address>
         <run_address>0x10ffc</run_address>
         <size>0x8</size>
         <input_file_ref idref="fl-3c"/>
      </object_component>
      <object_component id="oc-4dc">
         <name>.const:g_H2NSyncPattern</name>
         <load_address>0x11004</load_address>
         <run_address>0x11004</run_address>
         <size>0x8</size>
         <input_file_ref idref="fl-3c"/>
      </object_component>
      <object_component id="oc-47f">
         <name>.const:g_pulDisRegs</name>
         <load_address>0x1100c</load_address>
         <run_address>0x1100c</run_address>
         <size>0x8</size>
         <input_file_ref idref="fl-20"/>
      </object_component>
      <object_component id="oc-47c">
         <name>.const:g_pulEnRegs</name>
         <load_address>0x11014</load_address>
         <run_address>0x11014</run_address>
         <size>0x8</size>
         <input_file_ref idref="fl-20"/>
      </object_component>
      <object_component id="oc-482">
         <name>.const:g_pulPendRegs</name>
         <load_address>0x1101c</load_address>
         <run_address>0x1101c</run_address>
         <size>0x8</size>
         <input_file_ref idref="fl-20"/>
      </object_component>
      <object_component id="oc-485">
         <name>.const:g_pulUnpendRegs</name>
         <load_address>0x11024</load_address>
         <run_address>0x11024</run_address>
         <size>0x8</size>
         <input_file_ref idref="fl-20"/>
      </object_component>
      <object_component id="oc-3a9">
         <name>.const:$P$T0$1</name>
         <load_address>0x1102c</load_address>
         <run_address>0x1102c</run_address>
         <size>0x4</size>
         <input_file_ref idref="fl-30"/>
      </object_component>
      <object_component id="oc-5b0">
         <name>.const:$P$T0$1</name>
         <load_address>0x11030</load_address>
         <run_address>0x11030</run_address>
         <size>0x4</size>
         <input_file_ref idref="fl-31"/>
      </object_component>
      <object_component id="oc-5c3">
         <name>.const:$P$T0$1</name>
         <load_address>0x11034</load_address>
         <run_address>0x11034</run_address>
         <size>0x4</size>
         <input_file_ref idref="fl-33"/>
      </object_component>
      <object_component id="oc-5ab">
         <name>.const:$P$T0$1</name>
         <load_address>0x11038</load_address>
         <run_address>0x11038</run_address>
         <size>0x4</size>
         <input_file_ref idref="fl-35"/>
      </object_component>
      <object_component id="oc-5cb">
         <name>.const:$P$T0$1</name>
         <load_address>0x1103c</load_address>
         <run_address>0x1103c</run_address>
         <size>0x4</size>
         <input_file_ref idref="fl-36"/>
      </object_component>
      <object_component id="oc-5d3">
         <name>.const:$P$T0$1</name>
         <load_address>0x11040</load_address>
         <run_address>0x11040</run_address>
         <size>0x4</size>
         <input_file_ref idref="fl-37"/>
      </object_component>
      <object_component id="oc-5db">
         <name>.const:$P$T0$1</name>
         <load_address>0x11044</load_address>
         <run_address>0x11044</run_address>
         <size>0x4</size>
         <input_file_ref idref="fl-39"/>
      </object_component>
      <object_component id="oc-4e2">
         <name>.const:$P$T0$1</name>
         <load_address>0x11048</load_address>
         <run_address>0x11048</run_address>
         <size>0x4</size>
         <input_file_ref idref="fl-3c"/>
      </object_component>
      <object_component id="oc-2e4">
         <name>.const:$P$T0$1</name>
         <load_address>0x1104c</load_address>
         <run_address>0x1104c</run_address>
         <size>0x4</size>
         <input_file_ref idref="fl-3f"/>
      </object_component>
      <object_component id="oc-27b">
         <name>.const:$P$T0$1</name>
         <load_address>0x11050</load_address>
         <run_address>0x11050</run_address>
         <size>0x4</size>
         <input_file_ref idref="fl-42"/>
      </object_component>
      <object_component id="oc-5b3">
         <name>.const:$P$T1$2</name>
         <load_address>0x11054</load_address>
         <run_address>0x11054</run_address>
         <size>0x4</size>
         <input_file_ref idref="fl-31"/>
      </object_component>
      <object_component id="oc-5c6">
         <name>.const:$P$T1$2</name>
         <load_address>0x11058</load_address>
         <run_address>0x11058</run_address>
         <size>0x4</size>
         <input_file_ref idref="fl-33"/>
      </object_component>
      <object_component id="oc-5ce">
         <name>.const:$P$T1$2</name>
         <load_address>0x1105c</load_address>
         <run_address>0x1105c</run_address>
         <size>0x4</size>
         <input_file_ref idref="fl-36"/>
      </object_component>
      <object_component id="oc-5d6">
         <name>.const:$P$T1$2</name>
         <load_address>0x11060</load_address>
         <run_address>0x11060</run_address>
         <size>0x4</size>
         <input_file_ref idref="fl-37"/>
      </object_component>
      <object_component id="oc-27e">
         <name>.const:$P$T1$2</name>
         <load_address>0x11064</load_address>
         <run_address>0x11064</run_address>
         <size>0x4</size>
         <input_file_ref idref="fl-42"/>
      </object_component>
      <object_component id="oc-42a">
         <name>.const:$P$T1$2</name>
         <load_address>0x11068</load_address>
         <run_address>0x11068</run_address>
         <size>0x4</size>
         <input_file_ref idref="fl-44"/>
      </object_component>
      <object_component id="oc-5b6">
         <name>.const:$P$T2$3</name>
         <load_address>0x1106c</load_address>
         <run_address>0x1106c</run_address>
         <size>0x4</size>
         <input_file_ref idref="fl-31"/>
      </object_component>
      <object_component id="oc-284">
         <name>.const:$P$T2$3</name>
         <load_address>0x11070</load_address>
         <run_address>0x11070</run_address>
         <size>0x4</size>
         <input_file_ref idref="fl-42"/>
      </object_component>
      <object_component id="oc-433">
         <name>.const:$P$T2$3</name>
         <load_address>0x11074</load_address>
         <run_address>0x11074</run_address>
         <size>0x4</size>
         <input_file_ref idref="fl-44"/>
      </object_component>
      <object_component id="oc-5b9">
         <name>.const:$P$T3$4</name>
         <load_address>0x11078</load_address>
         <run_address>0x11078</run_address>
         <size>0x4</size>
         <input_file_ref idref="fl-31"/>
      </object_component>
      <object_component id="oc-448">
         <name>.const:$P$T3$4</name>
         <load_address>0x1107c</load_address>
         <run_address>0x1107c</run_address>
         <size>0x4</size>
         <input_file_ref idref="fl-44"/>
      </object_component>
      <object_component id="oc-5bc">
         <name>.const:$P$T4$5</name>
         <load_address>0x11080</load_address>
         <run_address>0x11080</run_address>
         <size>0x4</size>
         <input_file_ref idref="fl-31"/>
      </object_component>
      <object_component id="oc-290">
         <name>.const:_SlAcceptCmdCtrl</name>
         <load_address>0x11084</load_address>
         <run_address>0x11084</run_address>
         <size>0x4</size>
         <input_file_ref idref="fl-42"/>
      </object_component>
      <object_component id="oc-360">
         <name>.const:_SlDeviceGetCmdCtrl</name>
         <load_address>0x11088</load_address>
         <run_address>0x11088</run_address>
         <size>0x4</size>
         <input_file_ref idref="fl-3b"/>
      </object_component>
      <object_component id="oc-363">
         <name>.const:_SlDeviceSetCmdCtrl</name>
         <load_address>0x1108c</load_address>
         <run_address>0x1108c</run_address>
         <size>0x4</size>
         <input_file_ref idref="fl-3b"/>
      </object_component>
      <object_component id="oc-35d">
         <name>.const:_SlEventMaskGetCmdCtrl</name>
         <load_address>0x11090</load_address>
         <run_address>0x11090</run_address>
         <size>0x4</size>
         <input_file_ref idref="fl-3b"/>
      </object_component>
      <object_component id="oc-35a">
         <name>.const:_SlEventMaskSetCmdCtrl</name>
         <load_address>0x11094</load_address>
         <run_address>0x11094</run_address>
         <size>0x4</size>
         <input_file_ref idref="fl-3b"/>
      </object_component>
      <object_component id="oc-2e1">
         <name>.const:_SlGetHostByNameCtrl</name>
         <load_address>0x11098</load_address>
         <run_address>0x11098</run_address>
         <size>0x4</size>
         <input_file_ref idref="fl-3f"/>
      </object_component>
      <object_component id="oc-2de">
         <name>.const:_SlGetHostByServiceCtrl</name>
         <load_address>0x1109c</load_address>
         <run_address>0x1109c</run_address>
         <size>0x4</size>
         <input_file_ref idref="fl-3f"/>
      </object_component>
      <object_component id="oc-2d8">
         <name>.const:_SlGetServiceListeCtrl</name>
         <load_address>0x110a0</load_address>
         <run_address>0x110a0</run_address>
         <size>0x4</size>
         <input_file_ref idref="fl-3f"/>
      </object_component>
      <object_component id="oc-299">
         <name>.const:_SlGetSockOptCmdCtrl</name>
         <load_address>0x110a4</load_address>
         <run_address>0x110a4</run_address>
         <size>0x4</size>
         <input_file_ref idref="fl-42"/>
      </object_component>
      <object_component id="oc-28d">
         <name>.const:_SlListenCmdCtrl</name>
         <load_address>0x110a8</load_address>
         <run_address>0x110a8</run_address>
         <size>0x4</size>
         <input_file_ref idref="fl-42"/>
      </object_component>
      <object_component id="oc-2ed">
         <name>.const:_SlNetAppGetCmdCtrl</name>
         <load_address>0x110ac</load_address>
         <run_address>0x110ac</run_address>
         <size>0x4</size>
         <input_file_ref idref="fl-3f"/>
      </object_component>
      <object_component id="oc-2ea">
         <name>.const:_SlNetAppSendTokenValueCmdCtrl</name>
         <load_address>0x110b0</load_address>
         <run_address>0x110b0</run_address>
         <size>0x4</size>
         <input_file_ref idref="fl-3f"/>
      </object_component>
      <object_component id="oc-2e7">
         <name>.const:_SlNetAppSetCmdCtrl</name>
         <load_address>0x110b4</load_address>
         <run_address>0x110b4</run_address>
         <size>0x4</size>
         <input_file_ref idref="fl-3f"/>
      </object_component>
      <object_component id="oc-2d2">
         <name>.const:_SlNetAppStartCtrl</name>
         <load_address>0x110b8</load_address>
         <run_address>0x110b8</run_address>
         <size>0x4</size>
         <input_file_ref idref="fl-3f"/>
      </object_component>
      <object_component id="oc-2d5">
         <name>.const:_SlNetAppStopCtrl</name>
         <load_address>0x110bc</load_address>
         <run_address>0x110bc</run_address>
         <size>0x4</size>
         <input_file_ref idref="fl-3f"/>
      </object_component>
      <object_component id="oc-370">
         <name>.const:_SlNetCfgGetCmdCtrl</name>
         <load_address>0x110c0</load_address>
         <run_address>0x110c0</run_address>
         <size>0x4</size>
         <input_file_ref idref="fl-40"/>
      </object_component>
      <object_component id="oc-36d">
         <name>.const:_SlNetCfgSetCmdCtrl</name>
         <load_address>0x110c4</load_address>
         <run_address>0x110c4</run_address>
         <size>0x4</size>
         <input_file_ref idref="fl-40"/>
      </object_component>
      <object_component id="oc-430">
         <name>.const:_SlPolicyGetCmdCtrl</name>
         <load_address>0x110c8</load_address>
         <run_address>0x110c8</run_address>
         <size>0x4</size>
         <input_file_ref idref="fl-44"/>
      </object_component>
      <object_component id="oc-42d">
         <name>.const:_SlPolicySetCmdCtrl</name>
         <load_address>0x110cc</load_address>
         <run_address>0x110cc</run_address>
         <size>0x4</size>
         <input_file_ref idref="fl-44"/>
      </object_component>
      <object_component id="oc-439">
         <name>.const:_SlProfileDelCmdCtrl</name>
         <load_address>0x110d0</load_address>
         <run_address>0x110d0</run_address>
         <size>0x4</size>
         <input_file_ref idref="fl-44"/>
      </object_component>
      <object_component id="oc-436">
         <name>.const:_SlProfileGetCmdCtrl</name>
         <load_address>0x110d4</load_address>
         <run_address>0x110d4</run_address>
         <size>0x4</size>
         <input_file_ref idref="fl-44"/>
      </object_component>
      <object_component id="oc-293">
         <name>.const:_SlRecvCmdCtrl</name>
         <load_address>0x110d8</load_address>
         <run_address>0x110d8</run_address>
         <size>0x4</size>
         <input_file_ref idref="fl-42"/>
      </object_component>
      <object_component id="oc-281">
         <name>.const:_SlRecvfomCmdCtrl</name>
         <load_address>0x110dc</load_address>
         <run_address>0x110dc</run_address>
         <size>0x4</size>
         <input_file_ref idref="fl-42"/>
      </object_component>
      <object_component id="oc-2db">
         <name>.const:_SlRegisterServiceCtrl</name>
         <load_address>0x110e0</load_address>
         <run_address>0x110e0</run_address>
         <size>0x4</size>
         <input_file_ref idref="fl-3f"/>
      </object_component>
      <object_component id="oc-43f">
         <name>.const:_SlRxFilterAddtCmdCtrl</name>
         <load_address>0x110e4</load_address>
         <run_address>0x110e4</run_address>
         <size>0x4</size>
         <input_file_ref idref="fl-44"/>
      </object_component>
      <object_component id="oc-445">
         <name>.const:_SlRxFilterGetCmdCtrl</name>
         <load_address>0x110e8</load_address>
         <run_address>0x110e8</run_address>
         <size>0x4</size>
         <input_file_ref idref="fl-44"/>
      </object_component>
      <object_component id="oc-442">
         <name>.const:_SlRxFilterSetCmdCtrl</name>
         <load_address>0x110ec</load_address>
         <run_address>0x110ec</run_address>
         <size>0x4</size>
         <input_file_ref idref="fl-44"/>
      </object_component>
      <object_component id="oc-29c">
         <name>.const:_SlSelectCmdCtrl</name>
         <load_address>0x110f0</load_address>
         <run_address>0x110f0</run_address>
         <size>0x4</size>
         <input_file_ref idref="fl-42"/>
      </object_component>
      <object_component id="oc-28a">
         <name>.const:_SlSendCmdCtrl</name>
         <load_address>0x110f4</load_address>
         <run_address>0x110f4</run_address>
         <size>0x4</size>
         <input_file_ref idref="fl-42"/>
      </object_component>
      <object_component id="oc-296">
         <name>.const:_SlSetSockOptCmdCtrl</name>
         <load_address>0x110f8</load_address>
         <run_address>0x110f8</run_address>
         <size>0x4</size>
         <input_file_ref idref="fl-42"/>
      </object_component>
      <object_component id="oc-44b">
         <name>.const:_SlSmartConfigStartCmdCtrl</name>
         <load_address>0x110fc</load_address>
         <run_address>0x110fc</run_address>
         <size>0x4</size>
         <input_file_ref idref="fl-44"/>
      </object_component>
      <object_component id="oc-278">
         <name>.const:_SlSockCloseCmdCtrl</name>
         <load_address>0x11100</load_address>
         <run_address>0x11100</run_address>
         <size>0x4</size>
         <input_file_ref idref="fl-42"/>
      </object_component>
      <object_component id="oc-275">
         <name>.const:_SlSockSocketCmdCtrl</name>
         <load_address>0x11104</load_address>
         <run_address>0x11104</run_address>
         <size>0x4</size>
         <input_file_ref idref="fl-42"/>
      </object_component>
      <object_component id="oc-357">
         <name>.const:_SlStopCmdCtrl</name>
         <load_address>0x11108</load_address>
         <run_address>0x11108</run_address>
         <size>0x4</size>
         <input_file_ref idref="fl-3b"/>
      </object_component>
      <object_component id="oc-454">
         <name>.const:_SlWlanCfgGetCmdCtrl</name>
         <load_address>0x1110c</load_address>
         <run_address>0x1110c</run_address>
         <size>0x4</size>
         <input_file_ref idref="fl-44"/>
      </object_component>
      <object_component id="oc-451">
         <name>.const:_SlWlanCfgSetCmdCtrl</name>
         <load_address>0x11110</load_address>
         <run_address>0x11110</run_address>
         <size>0x4</size>
         <input_file_ref idref="fl-44"/>
      </object_component>
      <object_component id="oc-43c">
         <name>.const:_SlWlanGetNetworkListCtrl</name>
         <load_address>0x11114</load_address>
         <run_address>0x11114</run_address>
         <size>0x4</size>
         <input_file_ref idref="fl-44"/>
      </object_component>
      <object_component id="oc-44e">
         <name>.const:_SlWlanSetModeCmdCtrl</name>
         <load_address>0x11118</load_address>
         <run_address>0x11118</run_address>
         <size>0x4</size>
         <input_file_ref idref="fl-44"/>
      </object_component>
      <object_component id="oc-7d9">
         <name>.cinit..data.load</name>
         <load_address>0x11120</load_address>
         <run_address>0x11120</run_address>
         <size>0x93</size>
      </object_component>
      <object_component id="oc-7d6">
         <name>__TI_handler_table</name>
         <load_address>0x111b4</load_address>
         <run_address>0x111b4</run_address>
         <size>0xc</size>
      </object_component>
      <object_component id="oc-7da">
         <name>.cinit..bss.load</name>
         <load_address>0x111c0</load_address>
         <run_address>0x111c0</run_address>
         <size>0x8</size>
      </object_component>
      <object_component id="oc-7d8">
         <name>.cinit..vtable.load</name>
         <load_address>0x111c8</load_address>
         <run_address>0x111c8</run_address>
         <size>0x8</size>
      </object_component>
      <object_component id="oc-7d7">
         <name>__TI_cinit_table</name>
         <load_address>0x111d0</load_address>
         <run_address>0x111d0</run_address>
         <size>0x18</size>
      </object_component>
      <object_component id="oc-7aa">
         <name>.binit</name>
         <load_address>0x0</load_address>
         <run_address>0x0</run_address>
         <size>0x0</size>
      </object_component>
      <object_component id="oc-473">
         <name>.vtable</name>
         <uninitialized>true</uninitialized>
         <run_address>0x20000000</run_address>
         <size>0xe4</size>
         <input_file_ref idref="fl-20"/>
      </object_component>
      <object_component id="oc-32c">
         <name>.data</name>
         <load_address>0x20003ed4</load_address>
         <run_address>0x20003ed4</run_address>
         <size>0x18</size>
         <input_file_ref idref="fl-3"/>
      </object_component>
      <object_component id="oc-1cd">
         <name>.data</name>
         <load_address>0x20003eec</load_address>
         <run_address>0x20003eec</run_address>
         <size>0xc</size>
         <input_file_ref idref="fl-b"/>
      </object_component>
      <object_component id="oc-34b">
         <name>.data</name>
         <load_address>0x20003ef8</load_address>
         <run_address>0x20003ef8</run_address>
         <size>0xa</size>
         <input_file_ref idref="fl-c"/>
      </object_component>
      <object_component id="oc-f7">
         <name>.data</name>
         <load_address>0x20003e68</load_address>
         <run_address>0x20003e68</run_address>
         <size>0x3c</size>
         <input_file_ref idref="fl-f"/>
      </object_component>
      <object_component id="oc-26b">
         <name>.data</name>
         <load_address>0x20003f30</load_address>
         <run_address>0x20003f30</run_address>
         <size>0x4</size>
         <input_file_ref idref="fl-12"/>
      </object_component>
      <object_component id="oc-1f1">
         <name>.data</name>
         <load_address>0x20003f20</load_address>
         <run_address>0x20003f20</run_address>
         <size>0x4</size>
         <input_file_ref idref="fl-13"/>
      </object_component>
      <object_component id="oc-1e1">
         <name>.data</name>
         <load_address>0x20003f24</load_address>
         <run_address>0x20003f24</run_address>
         <size>0x4</size>
         <input_file_ref idref="fl-14"/>
      </object_component>
      <object_component id="oc-4a7">
         <name>.data:__getBurstProgramRegs</name>
         <load_address>0x20003e28</load_address>
         <run_address>0x20003e28</run_address>
         <size>0x40</size>
         <input_file_ref idref="fl-1c"/>
      </object_component>
      <object_component id="oc-419">
         <name>.data:GPIO_PORT_TO_BASE</name>
         <load_address>0x20003ea4</load_address>
         <run_address>0x20003ea4</run_address>
         <size>0x30</size>
         <input_file_ref idref="fl-1e"/>
      </object_component>
      <object_component id="oc-287">
         <name>.data</name>
         <load_address>0x20003f04</load_address>
         <run_address>0x20003f04</run_address>
         <size>0x9</size>
         <input_file_ref idref="fl-3c"/>
      </object_component>
      <object_component id="oc-5f5">
         <name>.data:$O1$$</name>
         <load_address>0x20003f18</load_address>
         <run_address>0x20003f18</run_address>
         <size>0x8</size>
         <input_file_ref idref="fl-108"/>
      </object_component>
      <object_component id="oc-412">
         <name>.data</name>
         <load_address>0x20003f2c</load_address>
         <run_address>0x20003f2c</run_address>
         <size>0x4</size>
         <input_file_ref idref="fl-10d"/>
      </object_component>
      <object_component id="oc-3f1">
         <name>.data:$O1$$</name>
         <load_address>0x20003f10</load_address>
         <run_address>0x20003f10</run_address>
         <size>0x8</size>
         <input_file_ref idref="fl-11b"/>
      </object_component>
      <object_component id="oc-703">
         <name>.data</name>
         <load_address>0x20003f28</load_address>
         <run_address>0x20003f28</run_address>
         <size>0x4</size>
         <input_file_ref idref="fl-124"/>
      </object_component>
      <object_component id="oc-1fd">
         <name>.bss</name>
         <uninitialized>true</uninitialized>
         <run_address>0x2000397c</run_address>
         <size>0x8</size>
         <input_file_ref idref="fl-10"/>
      </object_component>
      <object_component id="oc-49c">
         <name>.bss</name>
         <uninitialized>true</uninitialized>
         <run_address>0x20003974</run_address>
         <size>0x8</size>
         <input_file_ref idref="fl-1a"/>
      </object_component>
      <object_component id="oc-5a8">
         <name>.bss</name>
         <uninitialized>true</uninitialized>
         <run_address>0x2000398c</run_address>
         <size>0x4</size>
         <input_file_ref idref="fl-35"/>
      </object_component>
      <object_component id="oc-33a">
         <name>.common:Size</name>
         <uninitialized>true</uninitialized>
         <run_address>0x200039f0</run_address>
         <size>0x4</size>
      </object_component>
      <object_component id="oc-339">
         <name>.common:x</name>
         <uninitialized>true</uninitialized>
         <run_address>0x200000e4</run_address>
         <size>0x1000</size>
      </object_component>
      <object_component id="oc-336">
         <name>.common:Pt</name>
         <uninitialized>true</uninitialized>
         <run_address>0x200039d8</run_address>
         <size>0x4</size>
      </object_component>
      <object_component id="oc-33c">
         <name>.common:I1</name>
         <uninitialized>true</uninitialized>
         <run_address>0x200039a0</run_address>
         <size>0x4</size>
      </object_component>
      <object_component id="oc-33b">
         <name>.common:LPFSum</name>
         <uninitialized>true</uninitialized>
         <run_address>0x200039b0</run_address>
         <size>0x4</size>
      </object_component>
      <object_component id="oc-33e">
         <name>.common:x2</name>
         <uninitialized>true</uninitialized>
         <run_address>0x200010e4</run_address>
         <size>0x1000</size>
      </object_component>
      <object_component id="oc-33d">
         <name>.common:Pt2</name>
         <uninitialized>true</uninitialized>
         <run_address>0x200039dc</run_address>
         <size>0x4</size>
      </object_component>
      <object_component id="oc-33f">
         <name>.common:LPFSum2</name>
         <uninitialized>true</uninitialized>
         <run_address>0x200039b4</run_address>
         <size>0x4</size>
      </object_component>
      <object_component id="oc-341">
         <name>.common:x3</name>
         <uninitialized>true</uninitialized>
         <run_address>0x200020e4</run_address>
         <size>0x1000</size>
      </object_component>
      <object_component id="oc-340">
         <name>.common:Pt3</name>
         <uninitialized>true</uninitialized>
         <run_address>0x200039e0</run_address>
         <size>0x4</size>
      </object_component>
      <object_component id="oc-342">
         <name>.common:LPFSum3</name>
         <uninitialized>true</uninitialized>
         <run_address>0x200039b8</run_address>
         <size>0x4</size>
      </object_component>
      <object_component id="oc-345">
         <name>.common:u1</name>
         <uninitialized>true</uninitialized>
         <run_address>0x20003a0c</run_address>
         <size>0x4</size>
      </object_component>
      <object_component id="oc-344">
         <name>.common:u2</name>
         <uninitialized>true</uninitialized>
[...]
      </symbol>
      <symbol id="sm-1543">
         <name>sl_WlanProfileGet</name>
         <value>0x7a69</value>
         <object_component_ref idref="oc-199"/>
      </symbol>
      <symbol id="sm-1544">
         <name>_SlWlanSetModeCmdCtrl</name>
         <value>0x11118</value>
         <object_component_ref idref="oc-44e"/>
      </symbol>
      <symbol id="sm-1545">
         <name>sl_WlanPolicyGet</name>
         <value>0x7755</value>
         <object_component_ref idref="oc-199"/>
      </symbol>
      <symbol id="sm-1546">
         <name>_SlWlanCfgSetCmdCtrl</name>
         <value>0x11110</value>
         <object_component_ref idref="oc-451"/>
      </symbol>
      <symbol id="sm-1547">
         <name>_SlWlanCfgGetCmdCtrl</name>
         <value>0x1110c</value>
         <object_component_ref idref="oc-454"/>
      </symbol>
      <symbol id="sm-1548">
         <name>sl_WlanGet</name>
         <value>0x7eb1</value>
         <object_component_ref idref="oc-199"/>
      </symbol>
      <symbol id="sm-1549">
         <name>sl_WlanRxStatStop</name>
         <value>0x7d2f</value>
         <object_component_ref idref="oc-199"/>
      </symbol>
      <symbol id="sm-154a">
         <name>sl_WlanSmartConfigStart</name>
         <value>0x7d81</value>
         <object_component_ref idref="oc-199"/>
      </symbol>
      <symbol id="sm-154b">
         <name>sl_WlanRxFilterAdd</name>
         <value>0x7beb</value>
         <object_component_ref idref="oc-199"/>
      </symbol>
      <symbol id="sm-154c">
         <name>sl_WlanProfileDel</name>
         <value>0x7b4b</value>
         <object_component_ref idref="oc-199"/>
      </symbol>
      <symbol id="sm-154d">
         <name>_SlRxFilterAddtCmdCtrl</name>
         <value>0x110e4</value>
         <object_component_ref idref="oc-43f"/>
      </symbol>
      <symbol id="sm-154e">
         <name>sl_WlanRxFilterSet</name>
         <value>0x7c59</value>
         <object_component_ref idref="oc-199"/>
      </symbol>
      <symbol id="sm-154f">
         <name>sl_WlanConnect</name>
         <value>0x74a9</value>
         <object_component_ref idref="oc-199"/>
      </symbol>
      <symbol id="sm-1550">
         <name>sl_WlanSet</name>
         <value>0x7e3d</value>
         <object_component_ref idref="oc-199"/>
      </symbol>
      <symbol id="sm-1551">
         <name>_SlSmartConfigStartCmdCtrl</name>
         <value>0x110fc</value>
         <object_component_ref idref="oc-44b"/>
      </symbol>
      <symbol id="sm-1552">
         <name>sl_WlanGetNetworkList</name>
         <value>0x7b79</value>
         <object_component_ref idref="oc-199"/>
      </symbol>
      <symbol id="sm-1553">
         <name>sl_WlanSetMode</name>
         <value>0x7e0d</value>
         <object_component_ref idref="oc-199"/>
      </symbol>
      <symbol id="sm-1580">
         <name>spi_Read</name>
         <value>0xe341</value>
         <object_component_ref idref="oc-351"/>
      </symbol>
      <symbol id="sm-1581">
         <name>spi_Close</name>
         <value>0xe1e9</value>
         <object_component_ref idref="oc-351"/>
      </symbol>
      <symbol id="sm-1582">
         <name>spi_Write</name>
         <value>0xe2e7</value>
         <object_component_ref idref="oc-351"/>
      </symbol>
      <symbol id="sm-1583">
         <name>spi_Open</name>
         <value>0xe1f5</value>
         <object_component_ref idref="oc-351"/>
      </symbol>
      <symbol id="sm-15b3">
         <name>snprintf</name>
         <value>0x107e1</value>
         <object_component_ref idref="oc-13d"/>
      </symbol>
      <symbol id="sm-15d5">
         <name>sprintf</name>
         <value>0x108b9</value>
         <object_component_ref idref="oc-16f"/>
      </symbol>
      <symbol id="sm-15f0">
         <name>memcpy</name>
         <value>0x1013f</value>
         <object_component_ref idref="oc-3a"/>
      </symbol>
      <symbol id="sm-15f1">
         <name>__aeabi_memcpy</name>
         <value>0x1013f</value>
         <object_component_ref idref="oc-3a"/>
      </symbol>
      <symbol id="sm-15f2">
         <name>__aeabi_memcpy8</name>
         <value>0x1013f</value>
         <object_component_ref idref="oc-3a"/>
      </symbol>
      <symbol id="sm-15f3">
         <name>__aeabi_memcpy4</name>
         <value>0x1013f</value>
         <object_component_ref idref="oc-3a"/>
      </symbol>
      <symbol id="sm-1602">
         <name>__aeabi_memset</name>
         <value>0x103ff</value>
         <object_component_ref idref="oc-b2"/>
      </symbol>
      <symbol id="sm-1603">
         <name>memset</name>
         <value>0x10405</value>
         <object_component_ref idref="oc-b2"/>
      </symbol>
      <symbol id="sm-1604">
         <name>__aeabi_memset8</name>
         <value>0x103ff</value>
         <object_component_ref idref="oc-b2"/>
      </symbol>
      <symbol id="sm-1605">
         <name>__aeabi_memset4</name>
         <value>0x103ff</value>
         <object_component_ref idref="oc-b2"/>
      </symbol>
      <symbol id="sm-1606">
         <name>__aeabi_memclr8</name>
         <value>0x103fd</value>
         <object_component_ref idref="oc-b2"/>
      </symbol>
      <symbol id="sm-1607">
         <name>__aeabi_memclr4</name>
         <value>0x103fd</value>
         <object_component_ref idref="oc-b2"/>
      </symbol>
      <symbol id="sm-1608">
         <name>__aeabi_memclr</name>
         <value>0x103fd</value>
         <object_component_ref idref="oc-b2"/>
      </symbol>
      <symbol id="sm-161a">
         <name>__TI_zero_init</name>
         <value>0x10c37</value>
         <object_component_ref idref="oc-4c"/>
      </symbol>
      <symbol id="sm-1631">
         <name>__TI_decompress_none</name>
         <value>0x10c1b</value>
         <object_component_ref idref="oc-1d"/>
      </symbol>
      <symbol id="sm-1654">
         <name>__TI_decompress_lzss</name>
         <value>0x105cb</value>
         <object_component_ref idref="oc-17"/>
      </symbol>
      <symbol id="sm-16de">
         <name>_sys_memory</name>
         <value>0x20003a28</value>
         <object_component_ref idref="oc-29"/>
      </symbol>
      <symbol id="sm-16df">
         <name>free</name>
         <value>0xfed1</value>
         <object_component_ref idref="oc-158"/>
      </symbol>
      <symbol id="sm-16e0">
         <name>memalign</name>
         <value>0xfae1</value>
         <object_component_ref idref="oc-3de"/>
      </symbol>
      <symbol id="sm-16e1">
         <name>malloc</name>
         <value>0x10c55</value>
         <object_component_ref idref="oc-152"/>
      </symbol>
      <symbol id="sm-16e2">
         <name>aligned_alloc</name>
         <value>0xfae1</value>
         <object_component_ref idref="oc-3de"/>
      </symbol>
      <symbol id="sm-16f1">
         <name>strcmp</name>
         <value>0x10bc7</value>
         <object_component_ref idref="oc-181"/>
      </symbol>
      <symbol id="sm-16ff">
         <name>strlen</name>
         <value>0x10bf5</value>
         <object_component_ref idref="oc-da"/>
      </symbol>
      <symbol id="sm-170f">
         <name>strncmp</name>
         <value>0x10a7f</value>
         <object_component_ref idref="oc-5a2"/>
      </symbol>
      <symbol id="sm-171f">
         <name>strncpy</name>
         <value>0x109b5</value>
         <object_component_ref idref="oc-175"/>
      </symbol>
      <symbol id="sm-1737">
         <name>strtok</name>
         <value>0x108f9</value>
         <object_component_ref idref="oc-17b"/>
      </symbol>
      <symbol id="sm-174a">
         <name>__stack</name>
         <value>0x2000fe00</value>
         <object_component_ref idref="oc-2c"/>
      </symbol>
      <symbol id="sm-174b">
         <name>_c_int00_noargs</name>
         <value>0x109ed</value>
         <object_component_ref idref="oc-58"/>
      </symbol>
      <symbol id="sm-18b0">
         <name>__TI_printfi</name>
         <value>0x7f69</value>
         <object_component_ref idref="oc-37a"/>
      </symbol>
      <symbol id="sm-18c7">
         <name>__aeabi_dsub</name>
         <value>0xe981</value>
         <object_component_ref idref="oc-6c7"/>
      </symbol>
      <symbol id="sm-18c8">
         <name>__aeabi_dadd</name>
         <value>0xe98b</value>
         <object_component_ref idref="oc-6c7"/>
      </symbol>
      <symbol id="sm-18ea">
         <name>__aeabi_cdcmpeq</name>
         <value>0x10271</value>
         <object_component_ref idref="oc-563"/>
      </symbol>
      <symbol id="sm-18eb">
         <name>__aeabi_cdcmple</name>
         <value>0x10271</value>
         <object_component_ref idref="oc-563"/>
      </symbol>
      <symbol id="sm-18ec">
         <name>__aeabi_cdrcmple</name>
         <value>0x102f7</value>
         <object_component_ref idref="oc-6b2"/>
      </symbol>
      <symbol id="sm-1900">
         <name>__aeabi_ddiv</name>
         <value>0xf535</value>
         <object_component_ref idref="oc-6ad"/>
      </symbol>
      <symbol id="sm-190b">
         <name>__aeabi_dmul</name>
         <value>0xfcdd</value>
         <object_component_ref idref="oc-6a8"/>
      </symbol>
      <symbol id="sm-1915">
         <name>__aeabi_d2iz</name>
         <value>0x1082d</value>
         <object_component_ref idref="oc-6b7"/>
      </symbol>
      <symbol id="sm-191f">
         <name>__aeabi_i2d</name>
         <value>0x10a51</value>
         <object_component_ref idref="oc-6c2"/>
      </symbol>
      <symbol id="sm-192c">
         <name>__aeabi_uldivmod</name>
         <value>0x101db</value>
         <object_component_ref idref="oc-6a1"/>
      </symbol>
      <symbol id="sm-1954">
         <name>__TI_auto_init_nobinit_nopinit</name>
         <value>0x10875</value>
         <object_component_ref idref="oc-239"/>
      </symbol>
      <symbol id="sm-195e">
         <name>_system_pre_init</name>
         <value>0x10c5d</value>
         <object_component_ref idref="oc-b8"/>
      </symbol>
      <symbol id="sm-196a">
         <name>C$$EXIT</name>
         <value>0x10c61</value>
         <object_component_ref idref="oc-22d"/>
      </symbol>
      <symbol id="sm-196b">
         <name>abort</name>
         <value>0x10c61</value>
         <object_component_ref idref="oc-22d"/>
      </symbol>
      <symbol id="sm-1980">
         <name>_nop</name>
         <value>0x89b7</value>
         <object_component_ref idref="oc-5fb"/>
      </symbol>
      <symbol id="sm-1981">
         <name>_lock</name>
         <value>0x20003f10</value>
         <object_component_ref idref="oc-3f1"/>
      </symbol>
      <symbol id="sm-1982">
         <name>_unlock</name>
         <value>0x20003f14</value>
         <object_component_ref idref="oc-3f1"/>
      </symbol>
      <symbol id="sm-1991">
         <name>__TI_ltoa</name>
         <value>0x106ef</value>
         <object_component_ref idref="oc-6bc"/>
      </symbol>
      <symbol id="sm-19a8">
         <name>atoi</name>
         <value>0x10795</value>
         <object_component_ref idref="oc-557"/>
      </symbol>
      <symbol id="sm-19b3">
         <name>_ctypes_</name>
         <value>0x10c64</value>
         <object_component_ref idref="oc-69c"/>
      </symbol>
      <symbol id="sm-19c3">
         <name>memccpy</name>
         <value>0x10b61</value>
         <object_component_ref idref="oc-580"/>
      </symbol>
      <symbol id="sm-19d3">
         <name>strchr</name>
         <value>0x10bdf</value>
         <object_component_ref idref="oc-6f3"/>
      </symbol>
      <symbol id="sm-19e4">
         <name>strcspn</name>
         <value>0x10b21</value>
         <object_component_ref idref="oc-40c"/>
      </symbol>
      <symbol id="sm-19f6">
         <name>strspn</name>
         <value>0x10aab</value>
         <object_component_ref idref="oc-406"/>
      </symbol>
      <symbol id="sm-1a0c">
         <name>__aeabi_errno_addr</name>
         <value>0x10c4d</value>
         <object_component_ref idref="oc-58c"/>
      </symbol>
      <symbol id="sm-1a0d">
         <name>errno</name>
         <value>0x20003f28</value>
         <object_component_ref idref="oc-703"/>
      </symbol>
      <symbol id="sm-1a26">
         <name>wcslen</name>
         <value>0x10c09</value>
         <object_component_ref idref="oc-586"/>
      </symbol>
      <symbol id="sm-1a46">
         <name>frexpl</name>
         <value>0x10635</value>
         <object_component_ref idref="oc-6e7"/>
      </symbol>
      <symbol id="sm-1a47">
         <name>frexp</name>
         <value>0x10635</value>
         <object_component_ref idref="oc-6e7"/>
      </symbol>
      <symbol id="sm-1a64">
         <name>scalbn</name>
         <value>0xf9d1</value>
         <object_component_ref idref="oc-6ed"/>
      </symbol>
      <symbol id="sm-1a65">
         <name>scalbnl</name>
         <value>0xf9d1</value>
         <object_component_ref idref="oc-6ed"/>
      </symbol>
      <symbol id="sm-1a66">
         <name>ldexpl</name>
         <value>0xf9d1</value>
         <object_component_ref idref="oc-6ed"/>
      </symbol>
      <symbol id="sm-1a67">
         <name>ldexp</name>
         <value>0xf9d1</value>
         <object_component_ref idref="oc-6ed"/>
      </symbol>
      <symbol id="sm-1a71">
         <name>__aeabi_idiv0</name>
         <value>0xeb37</value>
         <object_component_ref idref="oc-75f"/>
      </symbol>
      <symbol id="sm-1a72">
         <name>__aeabi_ldiv0</name>
         <value>0xeb37</value>
         <object_component_ref idref="oc-75f"/>
      </symbol>
      <symbol id="sm-1a7c">
         <name>copysign</name>
         <value>0x10b7d</value>
         <object_component_ref idref="oc-778"/>
      </symbol>
      <symbol id="sm-1a7d">
         <name>copysignl</name>
         <value>0x10b7d</value>
         <object_component_ref idref="oc-778"/>
      </symbol>
      <symbol id="sm-1a7e">
         <name>__TI_static_base__</name>
         <value>0x0</value>
      </symbol>
      <symbol id="sm-1a81">
         <name>__mpu_init</name>
         <value>0x0</value>
      </symbol>
      <symbol id="sm-1a82">
         <name>_system_post_cinit</name>
         <value>0x0</value>
      </symbol>
      <symbol id="sm-1a83">
         <name>NMI_Handler</name>
         <value>0x10c35</value>
      </symbol>
      <symbol id="sm-1a84">
         <name>HardFault_Handler</name>
         <value>0x10c35</value>
      </symbol>
      <symbol id="sm-1a85">
         <name>MemManage_Handler</name>
         <value>0x10c35</value>
      </symbol>
      <symbol id="sm-1a86">
         <name>BusFault_Handler</name>
         <value>0x10c35</value>
      </symbol>
      <symbol id="sm-1a87">
         <name>UsageFault_Handler</name>
         <value>0x10c35</value>
      </symbol>
      <symbol id="sm-1a88">
         <name>SVC_Handler</name>
         <value>0x10c35</value>
      </symbol>
      <symbol id="sm-1a89">
         <name>DebugMon_Handler</name>
         <value>0x10c35</value>
      </symbol>
      <symbol id="sm-1a8a">
         <name>PendSV_Handler</name>
         <value>0x10c35</value>
      </symbol>
      <symbol id="sm-1a8b">
         <name>SysTick_Handler</name>
         <value>0xcce5</value>
      </symbol>
      <symbol id="sm-1a8c">
         <name>PSS_IRQHandler</name>
         <value>0x10c35</value>
      </symbol>
      <symbol id="sm-1a8d">
         <name>CS_IRQHandler</name>
         <value>0x10c35</value>
      </symbol>
      <symbol id="sm-1a8e">
         <name>PCM_IRQHandler</name>
         <value>0x10c35</value>
      </symbol>
      <symbol id="sm-1a8f">
         <name>WDT_A_IRQHandler</name>
         <value>0x10c35</value>
      </symbol>
      <symbol id="sm-1a90">
         <name>FPU_IRQHandler</name>
         <value>0x10c35</value>
      </symbol>
      <symbol id="sm-1a91">
         <name>FLCTL_IRQHandler</name>
         <value>0x10c35</value>
      </symbol>
      <symbol id="sm-1a92">
         <name>COMP_E0_IRQHandler</name>
         <value>0x10c35</value>
      </symbol>
      <symbol id="sm-1a93">
         <name>COMP_E1_IRQHandler</name>
         <value>0x10c35</value>
      </symbol>
      <symbol id="sm-1a94">
         <name>TA0_0_IRQHandler</name>
         <value>0x10c35</value>
      </symbol>
      <symbol id="sm-1a95">
         <name>TA0_N_IRQHandler</name>
         <value>0x10c35</value>
      </symbol>
      <symbol id="sm-1a96">
         <name>TA1_0_IRQHandler</name>
         <value>0x3375</value>
      </symbol>
      <symbol id="sm-1a97">
         <name>TA1_N_IRQHandler</name>
         <value>0x10c35</value>
      </symbol>
      <symbol id="sm-1a98">
         <name>TA2_0_IRQHandler</name>
         <value>0x10c35</value>
      </symbol>
      <symbol id="sm-1a99">
         <name>TA2_N_IRQHandler</name>
         <value>0x10c35</value>
      </symbol>
      <symbol id="sm-1a9a">
         <name>TA3_0_IRQHandler</name>
         <value>0xe669</value>
      </symbol>
      <symbol id="sm-1a9b">
         <name>TA3_N_IRQHandler</name>
         <value>0xe683</value>
      </symbol>
      <symbol id="sm-1a9c">
         <name>EUSCIA0_IRQHandler</name>
         <value>0xf155</value>
      </symbol>
      <symbol id="sm-1a9d">
         <name>EUSCIA1_IRQHandler</name>
         <value>0x10c35</value>
      </symbol>
      <symbol id="sm-1a9e">
         <name>EUSCIA2_IRQHandler</name>
         <value>0x10c35</value>
      </symbol>
      <symbol id="sm-1a9f">
         <name>EUSCIA3_IRQHandler</name>
         <value>0x10c35</value>
      </symbol>
      <symbol id="sm-1aa0">
         <name>EUSCIB0_IRQHandler</name>
         <value>0x10c35</value>
      </symbol>
      <symbol id="sm-1aa1">
         <name>EUSCIB1_IRQHandler</name>
         <value>0x10c35</value>
      </symbol>
      <symbol id="sm-1aa2">
         <name>EUSCIB2_IRQHandler</name>
         <value>0x10c35</value>
      </symbol>
      <symbol id="sm-1aa3">
         <name>EUSCIB3_IRQHandler</name>
         <value>0x10c35</value>
      </symbol>
      <symbol id="sm-1aa4">
         <name>ADC14_IRQHandler</name>
         <value>0x10c35</value>
      </symbol>
      <symbol id="sm-1aa5">
         <name>T32_INT1_IRQHandler</name>
         <value>0x10c35</value>
      </symbol>
      <symbol id="sm-1aa6">
         <name>T32_INT2_IRQHandler</name>
         <value>0x10c35</value>
      </symbol>
      <symbol id="sm-1aa7">
         <name>T32_INTC_IRQHandler</name>
         <value>0x10c35</value>
      </symbol>
      <symbol id="sm-1aa8">
         <name>AES256_IRQHandler</name>
         <value>0x10c35</value>
      </symbol>
      <symbol id="sm-1aa9">
         <name>RTC_C_IRQHandler</name>
         <value>0x10c35</value>
      </symbol>
      <symbol id="sm-1aaa">
         <name>DMA_ERR_IRQHandler</name>
         <value>0x10c35</value>
      </symbol>
      <symbol id="sm-1aab">
         <name>DMA_INT3_IRQHandler</name>
         <value>0x10c35</value>
      </symbol>
      <symbol id="sm-1aac">
         <name>DMA_INT2_IRQHandler</name>
         <value>0x10c35</value>
      </symbol>
      <symbol id="sm-1aad">
         <name>DMA_INT1_IRQHandler</name>
         <value>0x10c35</value>
      </symbol>
      <symbol id="sm-1aae">
         <name>DMA_INT0_IRQHandler</name>
         <value>0x10c35</value>
      </symbol>
      <symbol id="sm-1aaf">
         <name>PORT1_IRQHandler</name>
         <value>0x3305</value>
      </symbol>
      <symbol id="sm-1ab0">
         <name>PORT2_IRQHandler</name>
         <value>0xd33d</value>
      </symbol>
      <symbol id="sm-1ab1">
         <name>PORT3_IRQHandler</name>
         <value>0x10c35</value>
      </symbol>
      <symbol id="sm-1ab2">
         <name>PORT4_IRQHandler</name>
         <value>0x10c35</value>
      </symbol>
      <symbol id="sm-1ab3">
         <name>PORT5_IRQHandler</name>
         <value>0x10c35</value>
      </symbol>
      <symbol id="sm-1ab4">
         <name>PORT6_IRQHandler</name>
         <value>0xb391</value>
      </symbol>
   </symbol_table>
   <title>Link successful</title>
</link_info>
