<?xml version="1.0" encoding="ISO-8859-1" ?>
<link_info>
   <banner>TI ARM Linker PC v20.2.7.LTS</banner>
   <copyright>Copyright (c) 1996-2018 Texas Instruments Incorporated</copyright>
   <link_time>0x66207bd1</link_time>
   <link_errors>0x0</link_errors>
   <output_file>CC3100BOOST_MQTT-TwitterLED_MSP432P401R.out</output_file>
   <entry_point>
      <name>_c_int00_noargs</name>
      <address>0x11b01</address>
   </entry_point>
   <input_file_list>
      <input_file id="fl-2">
         <path>.\</path>
         <kind>object</kind>
         <file>Bump.obj</file>
         <name>Bump.obj</name>
      </input_file>
      <input_file id="fl-3">
         <path>.\</path>
         <kind>object</kind>
         <file>Clock.obj</file>
         <name>Clock.obj</name>
      </input_file>
      <input_file id="fl-4">
         <path>.\</path>
         <kind>object</kind>
         <file>CortexM.obj</file>
         <name>CortexM.obj</name>
      </input_file>
      <input_file id="fl-5">
         <path>.\</path>
         <kind>object</kind>
         <file>FFT.obj</file>
         <name>FFT.obj</name>
      </input_file>
      <input_file id="fl-6">
         <path>.\</path>
         <kind>object</kind>
         <file>I2CB1.obj</file>
         <name>I2CB1.obj</name>
      </input_file>
      <input_file id="fl-7">
         <path>.\</path>
         <kind>object</kind>
         <file>LPF.obj</file>
         <name>LPF.obj</name>
      </input_file>
      <input_file id="fl-8">
         <path>.\</path>
         <kind>object</kind>
         <file>LaunchPad.obj</file>
         <name>LaunchPad.obj</name>
      </input_file>
      <input_file id="fl-9">
         <path>.\</path>
         <kind>object</kind>
         <file>Motor.obj</file>
         <name>Motor.obj</name>
      </input_file>
      <input_file id="fl-a">
         <path>.\</path>
         <kind>object</kind>
         <file>PWM.obj</file>
         <name>PWM.obj</name>
      </input_file>
      <input_file id="fl-b">
         <path>.\</path>
         <kind>object</kind>
         <file>TA3InputCapture.obj</file>
         <name>TA3InputCapture.obj</name>
      </input_file>
      <input_file id="fl-c">
         <path>.\</path>
         <kind>object</kind>
         <file>Tachometer.obj</file>
         <name>Tachometer.obj</name>
      </input_file>
      <input_file id="fl-d">
         <path>.\</path>
         <kind>object</kind>
         <file>UART0.obj</file>
         <name>UART0.obj</name>
      </input_file>
      <input_file id="fl-e">
         <path>.\</path>
         <kind>object</kind>
         <file>blinker.obj</file>
         <name>blinker.obj</name>
      </input_file>
      <input_file id="fl-f">
         <path>.\</path>
         <kind>object</kind>
         <file>fixed.obj</file>
         <name>fixed.obj</name>
      </input_file>
      <input_file id="fl-10">
         <path>.\</path>
         <kind>object</kind>
         <file>main.obj</file>
         <name>main.obj</name>
      </input_file>
      <input_file id="fl-11">
         <path>.\</path>
         <kind>object</kind>
         <file>opt3101.obj</file>
         <name>opt3101.obj</name>
      </input_file>
      <input_file id="fl-12">
         <path>.\</path>
         <kind>object</kind>
         <file>startup_msp432p401r_ccs.obj</file>
         <name>startup_msp432p401r_ccs.obj</name>
      </input_file>
      <input_file id="fl-13">
         <path>.\</path>
         <kind>object</kind>
         <file>system_msp432p401r.obj</file>
         <name>system_msp432p401r.obj</name>
      </input_file>
      <input_file id="fl-14">
         <path>.\board\</path>
         <kind>object</kind>
         <file>board.obj</file>
         <name>board.obj</name>
      </input_file>
      <input_file id="fl-15">
         <path>.\cli_uart\</path>
         <kind>object</kind>
         <file>cli_uart.obj</file>
         <name>cli_uart.obj</name>
      </input_file>
      <input_file id="fl-16">
         <path>.\driverlib\MSP432P4xx\</path>
         <kind>object</kind>
         <file>adc14.obj</file>
         <name>adc14.obj</name>
      </input_file>
      <input_file id="fl-17">
         <path>.\driverlib\MSP432P4xx\</path>
         <kind>object</kind>
         <file>aes256.obj</file>
         <name>aes256.obj</name>
      </input_file>
      <input_file id="fl-18">
         <path>.\driverlib\MSP432P4xx\</path>
         <kind>object</kind>
         <file>comp_e.obj</file>
         <name>comp_e.obj</name>
      </input_file>
      <input_file id="fl-19">
         <path>.\driverlib\MSP432P4xx\</path>
         <kind>object</kind>
         <file>cpu.obj</file>
         <name>cpu.obj</name>
      </input_file>
      <input_file id="fl-1a">
         <path>.\driverlib\MSP432P4xx\</path>
         <kind>object</kind>
         <file>crc32.obj</file>
         <name>crc32.obj</name>
      </input_file>
      <input_file id="fl-1b">
         <path>.\driverlib\MSP432P4xx\</path>
         <kind>object</kind>
         <file>cs.obj</file>
         <name>cs.obj</name>
      </input_file>
      <input_file id="fl-1c">
         <path>.\driverlib\MSP432P4xx\</path>
         <kind>object</kind>
         <file>dma.obj</file>
         <name>dma.obj</name>
      </input_file>
      <input_file id="fl-1d">
         <path>.\driverlib\MSP432P4xx\</path>
         <kind>object</kind>
         <file>flash.obj</file>
         <name>flash.obj</name>
      </input_file>
      <input_file id="fl-1e">
         <path>.\driverlib\MSP432P4xx\</path>
         <kind>object</kind>
         <file>fpu.obj</file>
         <name>fpu.obj</name>
      </input_file>
      <input_file id="fl-1f">
         <path>.\driverlib\MSP432P4xx\</path>
         <kind>object</kind>
         <file>gpio.obj</file>
         <name>gpio.obj</name>
      </input_file>
      <input_file id="fl-20">
         <path>.\driverlib\MSP432P4xx\</path>
         <kind>object</kind>
         <file>i2c.obj</file>
         <name>i2c.obj</name>
      </input_file>
      <input_file id="fl-21">
         <path>.\driverlib\MSP432P4xx\</path>
         <kind>object</kind>
         <file>interrupt.obj</file>
         <name>interrupt.obj</name>
      </input_file>
      <input_file id="fl-22">
         <path>.\driverlib\MSP432P4xx\</path>
         <kind>object</kind>
         <file>mpu.obj</file>
         <name>mpu.obj</name>
      </input_file>
      <input_file id="fl-23">
         <path>.\driverlib\MSP432P4xx\</path>
         <kind>object</kind>
         <file>pcm.obj</file>
         <name>pcm.obj</name>
      </input_file>
      <input_file id="fl-24">
         <path>.\driverlib\MSP432P4xx\</path>
         <kind>object</kind>
         <file>pmap.obj</file>
         <name>pmap.obj</name>
      </input_file>
      <input_file id="fl-25">
         <path>.\driverlib\MSP432P4xx\</path>
         <kind>object</kind>
         <file>pss.obj</file>
         <name>pss.obj</name>
      </input_file>
      <input_file id="fl-26">
         <path>.\driverlib\MSP432P4xx\</path>
         <kind>object</kind>
         <file>ref_a.obj</file>
         <name>ref_a.obj</name>
      </input_file>
      <input_file id="fl-27">
         <path>.\driverlib\MSP432P4xx\</path>
         <kind>object</kind>
         <file>reset.obj</file>
         <name>reset.obj</name>
      </input_file>
      <input_file id="fl-28">
         <path>.\driverlib\MSP432P4xx\</path>
         <kind>object</kind>
         <file>rtc_c.obj</file>
         <name>rtc_c.obj</name>
      </input_file>
      <input_file id="fl-29">
         <path>.\driverlib\MSP432P4xx\</path>
         <kind>object</kind>
         <file>spi.obj</file>
         <name>spi.obj</name>
      </input_file>
      <input_file id="fl-2a">
         <path>.\driverlib\MSP432P4xx\</path>
         <kind>object</kind>
         <file>sysctl.obj</file>
         <name>sysctl.obj</name>
      </input_file>
      <input_file id="fl-2b">
         <path>.\driverlib\MSP432P4xx\</path>
         <kind>object</kind>
         <file>systick.obj</file>
         <name>systick.obj</name>
      </input_file>
      <input_file id="fl-2c">
         <path>.\driverlib\MSP432P4xx\</path>
         <kind>object</kind>
         <file>timer32.obj</file>
         <name>timer32.obj</name>
      </input_file>
      <input_file id="fl-2d">
         <path>.\driverlib\MSP432P4xx\</path>
         <kind>object</kind>
         <file>timer_a.obj</file>
         <name>timer_a.obj</name>
      </input_file>
      <input_file id="fl-2e">
         <path>.\driverlib\MSP432P4xx\</path>
         <kind>object</kind>
         <file>uart.obj</file>
         <name>uart.obj</name>
      </input_file>
      <input_file id="fl-2f">
         <path>.\driverlib\MSP432P4xx\</path>
         <kind>object</kind>
         <file>wdt_a.obj</file>
         <name>wdt_a.obj</name>
      </input_file>
      <input_file id="fl-30">
         <path>.\mqtt\</path>
         <kind>object</kind>
         <file>MQTTCC3100.obj</file>
         <name>MQTTCC3100.obj</name>
      </input_file>
      <input_file id="fl-31">
         <path>.\mqtt\</path>
         <kind>object</kind>
         <file>MQTTClient.obj</file>
         <name>MQTTClient.obj</name>
      </input_file>
      <input_file id="fl-32">
         <path>.\mqtt\</path>
         <kind>object</kind>
         <file>MQTTConnectClient.obj</file>
         <name>MQTTConnectClient.obj</name>
      </input_file>
      <input_file id="fl-33">
         <path>.\mqtt\</path>
         <kind>object</kind>
         <file>MQTTConnectServer.obj</file>
         <name>MQTTConnectServer.obj</name>
      </input_file>
      <input_file id="fl-34">
         <path>.\mqtt\</path>
         <kind>object</kind>
         <file>MQTTDeserializePublish.obj</file>
         <name>MQTTDeserializePublish.obj</name>
      </input_file>
      <input_file id="fl-35">
         <path>.\mqtt\</path>
         <kind>object</kind>
         <file>MQTTFormat.obj</file>
         <name>MQTTFormat.obj</name>
      </input_file>
      <input_file id="fl-36">
         <path>.\mqtt\</path>
         <kind>object</kind>
         <file>MQTTPacket.obj</file>
         <name>MQTTPacket.obj</name>
      </input_file>
      <input_file id="fl-37">
         <path>.\mqtt\</path>
         <kind>object</kind>
         <file>MQTTSerializePublish.obj</file>
         <name>MQTTSerializePublish.obj</name>
      </input_file>
      <input_file id="fl-38">
         <path>.\mqtt\</path>
         <kind>object</kind>
         <file>MQTTSubscribeClient.obj</file>
         <name>MQTTSubscribeClient.obj</name>
      </input_file>
      <input_file id="fl-39">
         <path>.\mqtt\</path>
         <kind>object</kind>
         <file>MQTTSubscribeServer.obj</file>
         <name>MQTTSubscribeServer.obj</name>
      </input_file>
      <input_file id="fl-3a">
         <path>.\mqtt\</path>
         <kind>object</kind>
         <file>MQTTUnsubscribeClient.obj</file>
         <name>MQTTUnsubscribeClient.obj</name>
      </input_file>
      <input_file id="fl-3b">
         <path>.\mqtt\</path>
         <kind>object</kind>
         <file>MQTTUnsubscribeServer.obj</file>
         <name>MQTTUnsubscribeServer.obj</name>
      </input_file>
      <input_file id="fl-3c">
         <path>.\simplelink\source\</path>
         <kind>object</kind>
         <file>device.obj</file>
         <name>device.obj</name>
      </input_file>
      <input_file id="fl-3d">
         <path>.\simplelink\source\</path>
         <kind>object</kind>
         <file>driver.obj</file>
         <name>driver.obj</name>
      </input_file>
      <input_file id="fl-3e">
         <path>.\simplelink\source\</path>
         <kind>object</kind>
         <file>flowcont.obj</file>
         <name>flowcont.obj</name>
      </input_file>
      <input_file id="fl-3f">
         <path>.\simplelink\source\</path>
         <kind>object</kind>
         <file>fs.obj</file>
         <name>fs.obj</name>
      </input_file>
      <input_file id="fl-40">
         <path>.\simplelink\source\</path>
         <kind>object</kind>
         <file>netapp.obj</file>
         <name>netapp.obj</name>
      </input_file>
      <input_file id="fl-41">
         <path>.\simplelink\source\</path>
         <kind>object</kind>
         <file>netcfg.obj</file>
         <name>netcfg.obj</name>
      </input_file>
      <input_file id="fl-42">
         <path>.\simplelink\source\</path>
         <kind>object</kind>
         <file>nonos.obj</file>
         <name>nonos.obj</name>
      </input_file>
      <input_file id="fl-43">
         <path>.\simplelink\source\</path>
         <kind>object</kind>
         <file>socket.obj</file>
         <name>socket.obj</name>
      </input_file>
      <input_file id="fl-44">
         <path>.\simplelink\source\</path>
         <kind>object</kind>
         <file>spawn.obj</file>
         <name>spawn.obj</name>
      </input_file>
      <input_file id="fl-45">
         <path>.\simplelink\source\</path>
         <kind>object</kind>
         <file>wlan.obj</file>
         <name>wlan.obj</name>
      </input_file>
      <input_file id="fl-46">
         <path>.\spi_cc3100\</path>
         <kind>object</kind>
         <file>spi_cc3100.obj</file>
         <name>spi_cc3100.obj</name>
      </input_file>
      <input_file id="fl-47">
         <path>.\uart_cc3100\</path>
         <kind>object</kind>
         <file>uart_cc3100.obj</file>
         <name>uart_cc3100.obj</name>
      </input_file>
      <input_file id="fl-4b">
         <kind>object</kind>
         <file>&lt;internal&gt;</file>
         <name>&lt;internal&gt;</name>
      </input_file>
      <input_file id="fl-101">
         <path>C:\ti\ccs1260\ccs\tools\compiler\ti-cgt-arm_20.2.7.LTS\lib\</path>
         <kind>archive</kind>
         <file>rtsv7M4_T_le_v4SPD16_eabi.lib</file>
         <name>snprintf.c.obj</name>
      </input_file>
      <input_file id="fl-102">
         <path>C:\ti\ccs1260\ccs\tools\compiler\ti-cgt-arm_20.2.7.LTS\lib\</path>
         <kind>archive</kind>
         <file>rtsv7M4_T_le_v4SPD16_eabi.lib</file>
         <name>sprintf.c.obj</name>
      </input_file>
      <input_file id="fl-103">
         <path>C:\ti\ccs1260\ccs\tools\compiler\ti-cgt-arm_20.2.7.LTS\lib\</path>
         <kind>archive</kind>
         <file>rtsv7M4_T_le_v4SPD16_eabi.lib</file>
         <name>fopen.c.obj</name>
      </input_file>
      <input_file id="fl-104">
         <path>C:\ti\ccs1260\ccs\tools\compiler\ti-cgt-arm_20.2.7.LTS\lib\</path>
         <kind>archive</kind>
         <file>rtsv7M4_T_le_v4SPD16_eabi.lib</file>
         <name>setvbuf.c.obj</name>
      </input_file>
      <input_file id="fl-105">
         <path>C:\ti\ccs1260\ccs\tools\compiler\ti-cgt-arm_20.2.7.LTS\lib\</path>
         <kind>archive</kind>
         <file>rtsv7M4_T_le_v4SPD16_eabi.lib</file>
         <name>fs_tod_t2.asm.obj</name>
      </input_file>
      <input_file id="fl-106">
         <path>C:\ti\ccs1260\ccs\tools\compiler\ti-cgt-arm_20.2.7.LTS\lib\</path>
         <kind>archive</kind>
         <file>rtsv7M4_T_le_v4SPD16_eabi.lib</file>
         <name>memcpy_t2.asm.obj</name>
      </input_file>
      <input_file id="fl-107">
         <path>C:\ti\ccs1260\ccs\tools\compiler\ti-cgt-arm_20.2.7.LTS\lib\</path>
         <kind>archive</kind>
         <file>rtsv7M4_T_le_v4SPD16_eabi.lib</file>
         <name>memset_t2.asm.obj</name>
      </input_file>
      <input_file id="fl-108">
         <path>C:\ti\ccs1260\ccs\tools\compiler\ti-cgt-arm_20.2.7.LTS\lib\</path>
         <kind>archive</kind>
         <file>rtsv7M4_T_le_v4SPD16_eabi.lib</file>
         <name>copy_zero_init.c.obj</name>
      </input_file>
      <input_file id="fl-109">
         <path>C:\ti\ccs1260\ccs\tools\compiler\ti-cgt-arm_20.2.7.LTS\lib\</path>
         <kind>archive</kind>
         <file>rtsv7M4_T_le_v4SPD16_eabi.lib</file>
         <name>copy_decompress_none.c.obj</name>
      </input_file>
      <input_file id="fl-10a">
         <path>C:\ti\ccs1260\ccs\tools\compiler\ti-cgt-arm_20.2.7.LTS\lib\</path>
         <kind>archive</kind>
         <file>rtsv7M4_T_le_v4SPD16_eabi.lib</file>
         <name>copy_decompress_lzss.c.obj</name>
      </input_file>
      <input_file id="fl-10b">
         <path>C:\ti\ccs1260\ccs\tools\compiler\ti-cgt-arm_20.2.7.LTS\lib\</path>
         <kind>archive</kind>
         <file>rtsv7M4_T_le_v4SPD16_eabi.lib</file>
         <name>exit.c.obj</name>
      </input_file>
      <input_file id="fl-10c">
         <path>C:\ti\ccs1260\ccs\tools\compiler\ti-cgt-arm_20.2.7.LTS\lib\</path>
         <kind>archive</kind>
         <file>rtsv7M4_T_le_v4SPD16_eabi.lib</file>
         <name>_lock.c.obj</name>
      </input_file>
      <input_file id="fl-10d">
         <path>C:\ti\ccs1260\ccs\tools\compiler\ti-cgt-arm_20.2.7.LTS\lib\</path>
         <kind>archive</kind>
         <file>rtsv7M4_T_le_v4SPD16_eabi.lib</file>
         <name>defs.c.obj</name>
      </input_file>
      <input_file id="fl-10e">
         <path>C:\ti\ccs1260\ccs\tools\compiler\ti-cgt-arm_20.2.7.LTS\lib\</path>
         <kind>archive</kind>
         <file>rtsv7M4_T_le_v4SPD16_eabi.lib</file>
         <name>memcmp.c.obj</name>
      </input_file>
      <input_file id="fl-10f">
         <path>C:\ti\ccs1260\ccs\tools\compiler\ti-cgt-arm_20.2.7.LTS\lib\</path>
         <kind>archive</kind>
         <file>rtsv7M4_T_le_v4SPD16_eabi.lib</file>
         <name>memory.c.obj</name>
      </input_file>
      <input_file id="fl-110">
         <path>C:\ti\ccs1260\ccs\tools\compiler\ti-cgt-arm_20.2.7.LTS\lib\</path>
         <kind>archive</kind>
         <file>rtsv7M4_T_le_v4SPD16_eabi.lib</file>
         <name>strcmp.c.obj</name>
      </input_file>
      <input_file id="fl-111">
         <path>C:\ti\ccs1260\ccs\tools\compiler\ti-cgt-arm_20.2.7.LTS\lib\</path>
         <kind>archive</kind>
         <file>rtsv7M4_T_le_v4SPD16_eabi.lib</file>
         <name>strlen.c.obj</name>
      </input_file>
      <input_file id="fl-112">
         <path>C:\ti\ccs1260\ccs\tools\compiler\ti-cgt-arm_20.2.7.LTS\lib\</path>
         <kind>archive</kind>
         <file>rtsv7M4_T_le_v4SPD16_eabi.lib</file>
         <name>strncmp.c.obj</name>
      </input_file>
      <input_file id="fl-113">
         <path>C:\ti\ccs1260\ccs\tools\compiler\ti-cgt-arm_20.2.7.LTS\lib\</path>
         <kind>archive</kind>
         <file>rtsv7M4_T_le_v4SPD16_eabi.lib</file>
         <name>strncpy.c.obj</name>
      </input_file>
      <input_file id="fl-114">
         <path>C:\ti\ccs1260\ccs\tools\compiler\ti-cgt-arm_20.2.7.LTS\lib\</path>
         <kind>archive</kind>
         <file>rtsv7M4_T_le_v4SPD16_eabi.lib</file>
         <name>strtok.c.obj</name>
      </input_file>
      <input_file id="fl-115">
         <path>C:\ti\ccs1260\ccs\tools\compiler\ti-cgt-arm_20.2.7.LTS\lib\</path>
         <kind>archive</kind>
         <file>rtsv7M4_T_le_v4SPD16_eabi.lib</file>
         <name>boot_cortex_m.c.obj</name>
      </input_file>
      <input_file id="fl-116">
         <path>C:\ti\ccs1260\ccs\tools\compiler\ti-cgt-arm_20.2.7.LTS\lib\</path>
         <kind>archive</kind>
         <file>rtsv7M4_T_le_v4SPD16_eabi.lib</file>
         <name>open.c.obj</name>
      </input_file>
      <input_file id="fl-117">
         <path>C:\ti\ccs1260\ccs\tools\compiler\ti-cgt-arm_20.2.7.LTS\lib\</path>
         <kind>archive</kind>
         <file>rtsv7M4_T_le_v4SPD16_eabi.lib</file>
         <name>add_device.c.obj</name>
      </input_file>
      <input_file id="fl-118">
         <path>C:\ti\ccs1260\ccs\tools\compiler\ti-cgt-arm_20.2.7.LTS\lib\</path>
         <kind>archive</kind>
         <file>rtsv7M4_T_le_v4SPD16_eabi.lib</file>
         <name>_printfi.c.obj</name>
      </input_file>
      <input_file id="fl-119">
         <path>C:\ti\ccs1260\ccs\tools\compiler\ti-cgt-arm_20.2.7.LTS\lib\</path>
         <kind>archive</kind>
         <file>rtsv7M4_T_le_v4SPD16_eabi.lib</file>
         <name>fclose.c.obj</name>
      </input_file>
      <input_file id="fl-11a">
         <path>C:\ti\ccs1260\ccs\tools\compiler\ti-cgt-arm_20.2.7.LTS\lib\</path>
         <kind>archive</kind>
         <file>rtsv7M4_T_le_v4SPD16_eabi.lib</file>
         <name>fflush.c.obj</name>
      </input_file>
      <input_file id="fl-11b">
         <path>C:\ti\ccs1260\ccs\tools\compiler\ti-cgt-arm_20.2.7.LTS\lib\</path>
         <kind>archive</kind>
         <file>rtsv7M4_T_le_v4SPD16_eabi.lib</file>
         <name>getdevice.c.obj</name>
      </input_file>
      <input_file id="fl-11c">
         <path>C:\ti\ccs1260\ccs\tools\compiler\ti-cgt-arm_20.2.7.LTS\lib\</path>
         <kind>archive</kind>
         <file>rtsv7M4_T_le_v4SPD16_eabi.lib</file>
         <name>fd_add_t2.asm.obj</name>
      </input_file>
      <input_file id="fl-11d">
         <path>C:\ti\ccs1260\ccs\tools\compiler\ti-cgt-arm_20.2.7.LTS\lib\</path>
         <kind>archive</kind>
         <file>rtsv7M4_T_le_v4SPD16_eabi.lib</file>
         <name>fd_cmp_t2.asm.obj</name>
      </input_file>
      <input_file id="fl-11e">
         <path>C:\ti\ccs1260\ccs\tools\compiler\ti-cgt-arm_20.2.7.LTS\lib\</path>
         <kind>archive</kind>
         <file>rtsv7M4_T_le_v4SPD16_eabi.lib</file>
         <name>fd_div_t2.asm.obj</name>
      </input_file>
      <input_file id="fl-11f">
         <path>C:\ti\ccs1260\ccs\tools\compiler\ti-cgt-arm_20.2.7.LTS\lib\</path>
         <kind>archive</kind>
         <file>rtsv7M4_T_le_v4SPD16_eabi.lib</file>
         <name>fd_mul_t2.asm.obj</name>
      </input_file>
      <input_file id="fl-120">
         <path>C:\ti\ccs1260\ccs\tools\compiler\ti-cgt-arm_20.2.7.LTS\lib\</path>
         <kind>archive</kind>
         <file>rtsv7M4_T_le_v4SPD16_eabi.lib</file>
         <name>fd_toi_t2.asm.obj</name>
      </input_file>
      <input_file id="fl-121">
         <path>C:\ti\ccs1260\ccs\tools\compiler\ti-cgt-arm_20.2.7.LTS\lib\</path>
         <kind>archive</kind>
         <file>rtsv7M4_T_le_v4SPD16_eabi.lib</file>
         <name>i_tofd_t2.asm.obj</name>
      </input_file>
      <input_file id="fl-122">
         <path>C:\ti\ccs1260\ccs\tools\compiler\ti-cgt-arm_20.2.7.LTS\lib\</path>
         <kind>archive</kind>
         <file>rtsv7M4_T_le_v4SPD16_eabi.lib</file>
         <name>ull_div_t2.asm.obj</name>
      </input_file>
      <input_file id="fl-123">
         <path>C:\ti\ccs1260\ccs\tools\compiler\ti-cgt-arm_20.2.7.LTS\lib\</path>
         <kind>archive</kind>
         <file>rtsv7M4_T_le_v4SPD16_eabi.lib</file>
         <name>autoinit.c.obj</name>
      </input_file>
      <input_file id="fl-124">
         <path>C:\ti\ccs1260\ccs\tools\compiler\ti-cgt-arm_20.2.7.LTS\lib\</path>
         <kind>archive</kind>
         <file>rtsv7M4_T_le_v4SPD16_eabi.lib</file>
         <name>pre_init.c.obj</name>
      </input_file>
      <input_file id="fl-125">
         <path>C:\ti\ccs1260\ccs\tools\compiler\ti-cgt-arm_20.2.7.LTS\lib\</path>
         <kind>archive</kind>
         <file>rtsv7M4_T_le_v4SPD16_eabi.lib</file>
         <name>cpy_tbl.c.obj</name>
      </input_file>
      <input_file id="fl-126">
         <path>C:\ti\ccs1260\ccs\tools\compiler\ti-cgt-arm_20.2.7.LTS\lib\</path>
         <kind>archive</kind>
         <file>rtsv7M4_T_le_v4SPD16_eabi.lib</file>
         <name>_ltoa.c.obj</name>
      </input_file>
      <input_file id="fl-127">
         <path>C:\ti\ccs1260\ccs\tools\compiler\ti-cgt-arm_20.2.7.LTS\lib\</path>
         <kind>archive</kind>
         <file>rtsv7M4_T_le_v4SPD16_eabi.lib</file>
         <name>args_main.c.obj</name>
      </input_file>
      <input_file id="fl-128">
         <path>C:\ti\ccs1260\ccs\tools\compiler\ti-cgt-arm_20.2.7.LTS\lib\</path>
         <kind>archive</kind>
         <file>rtsv7M4_T_le_v4SPD16_eabi.lib</file>
         <name>atoi.c.obj</name>
      </input_file>
      <input_file id="fl-129">
         <path>C:\ti\ccs1260\ccs\tools\compiler\ti-cgt-arm_20.2.7.LTS\lib\</path>
         <kind>archive</kind>
         <file>rtsv7M4_T_le_v4SPD16_eabi.lib</file>
         <name>ctype.c.obj</name>
      </input_file>
      <input_file id="fl-12a">
         <path>C:\ti\ccs1260\ccs\tools\compiler\ti-cgt-arm_20.2.7.LTS\lib\</path>
         <kind>archive</kind>
         <file>rtsv7M4_T_le_v4SPD16_eabi.lib</file>
         <name>memccpy.c.obj</name>
      </input_file>
      <input_file id="fl-12b">
         <path>C:\ti\ccs1260\ccs\tools\compiler\ti-cgt-arm_20.2.7.LTS\lib\</path>
         <kind>archive</kind>
         <file>rtsv7M4_T_le_v4SPD16_eabi.lib</file>
         <name>strchr.c.obj</name>
      </input_file>
      <input_file id="fl-12c">
         <path>C:\ti\ccs1260\ccs\tools\compiler\ti-cgt-arm_20.2.7.LTS\lib\</path>
         <kind>archive</kind>
         <file>rtsv7M4_T_le_v4SPD16_eabi.lib</file>
         <name>strcspn.c.obj</name>
      </input_file>
      <input_file id="fl-12d">
         <path>C:\ti\ccs1260\ccs\tools\compiler\ti-cgt-arm_20.2.7.LTS\lib\</path>
         <kind>archive</kind>
         <file>rtsv7M4_T_le_v4SPD16_eabi.lib</file>
         <name>strspn.c.obj</name>
      </input_file>
      <input_file id="fl-12e">
         <path>C:\ti\ccs1260\ccs\tools\compiler\ti-cgt-arm_20.2.7.LTS\lib\</path>
         <kind>archive</kind>
         <file>rtsv7M4_T_le_v4SPD16_eabi.lib</file>
         <name>write.c.obj</name>
      </input_file>
      <input_file id="fl-12f">
         <path>C:\ti\ccs1260\ccs\tools\compiler\ti-cgt-arm_20.2.7.LTS\lib\</path>
         <kind>archive</kind>
         <file>rtsv7M4_T_le_v4SPD16_eabi.lib</file>
         <name>host_device.c.obj</name>
      </input_file>
      <input_file id="fl-130">
         <path>C:\ti\ccs1260\ccs\tools\compiler\ti-cgt-arm_20.2.7.LTS\lib\</path>
         <kind>archive</kind>
         <file>rtsv7M4_T_le_v4SPD16_eabi.lib</file>
         <name>remove.c.obj</name>
      </input_file>
      <input_file id="fl-131">
         <path>C:\ti\ccs1260\ccs\tools\compiler\ti-cgt-arm_20.2.7.LTS\lib\</path>
         <kind>archive</kind>
         <file>rtsv7M4_T_le_v4SPD16_eabi.lib</file>
         <name>close.c.obj</name>
      </input_file>
      <input_file id="fl-132">
         <path>C:\ti\ccs1260\ccs\tools\compiler\ti-cgt-arm_20.2.7.LTS\lib\</path>
         <kind>archive</kind>
         <file>rtsv7M4_T_le_v4SPD16_eabi.lib</file>
         <name>errno.c.obj</name>
      </input_file>
      <input_file id="fl-133">
         <path>C:\ti\ccs1260\ccs\tools\compiler\ti-cgt-arm_20.2.7.LTS\lib\</path>
         <kind>archive</kind>
         <file>rtsv7M4_T_le_v4SPD16_eabi.lib</file>
         <name>wcslen.c.obj</name>
      </input_file>
      <input_file id="fl-134">
         <path>C:\ti\ccs1260\ccs\tools\compiler\ti-cgt-arm_20.2.7.LTS\lib\</path>
         <kind>archive</kind>
         <file>rtsv7M4_T_le_v4SPD16_eabi.lib</file>
         <name>s_frexp.c.obj</name>
      </input_file>
      <input_file id="fl-135">
         <path>C:\ti\ccs1260\ccs\tools\compiler\ti-cgt-arm_20.2.7.LTS\lib\</path>
         <kind>archive</kind>
         <file>rtsv7M4_T_le_v4SPD16_eabi.lib</file>
         <name>s_scalbn.c.obj</name>
      </input_file>
      <input_file id="fl-136">
         <path>C:\ti\ccs1260\ccs\tools\compiler\ti-cgt-arm_20.2.7.LTS\lib\</path>
         <kind>archive</kind>
         <file>rtsv7M4_T_le_v4SPD16_eabi.lib</file>
         <name>div0.asm.obj</name>
      </input_file>
      <input_file id="fl-137">
         <path>C:\ti\ccs1260\ccs\tools\compiler\ti-cgt-arm_20.2.7.LTS\lib\</path>
         <kind>archive</kind>
         <file>rtsv7M4_T_le_v4SPD16_eabi.lib</file>
         <name>unlink.c.obj</name>
      </input_file>
      <input_file id="fl-138">
         <path>C:\ti\ccs1260\ccs\tools\compiler\ti-cgt-arm_20.2.7.LTS\lib\</path>
         <kind>archive</kind>
         <file>rtsv7M4_T_le_v4SPD16_eabi.lib</file>
         <name>hostclose.c.obj</name>
      </input_file>
      <input_file id="fl-139">
         <path>C:\ti\ccs1260\ccs\tools\compiler\ti-cgt-arm_20.2.7.LTS\lib\</path>
         <kind>archive</kind>
         <file>rtsv7M4_T_le_v4SPD16_eabi.lib</file>
         <name>hostlseek.c.obj</name>
      </input_file>
      <input_file id="fl-13a">
         <path>C:\ti\ccs1260\ccs\tools\compiler\ti-cgt-arm_20.2.7.LTS\lib\</path>
         <kind>archive</kind>
         <file>rtsv7M4_T_le_v4SPD16_eabi.lib</file>
         <name>hostopen.c.obj</name>
      </input_file>
      <input_file id="fl-13b">
         <path>C:\ti\ccs1260\ccs\tools\compiler\ti-cgt-arm_20.2.7.LTS\lib\</path>
         <kind>archive</kind>
         <file>rtsv7M4_T_le_v4SPD16_eabi.lib</file>
         <name>hostread.c.obj</name>
      </input_file>
      <input_file id="fl-13c">
         <path>C:\ti\ccs1260\ccs\tools\compiler\ti-cgt-arm_20.2.7.LTS\lib\</path>
         <kind>archive</kind>
         <file>rtsv7M4_T_le_v4SPD16_eabi.lib</file>
         <name>hostrename.c.obj</name>
      </input_file>
      <input_file id="fl-13d">
         <path>C:\ti\ccs1260\ccs\tools\compiler\ti-cgt-arm_20.2.7.LTS\lib\</path>
         <kind>archive</kind>
         <file>rtsv7M4_T_le_v4SPD16_eabi.lib</file>
         <name>hostunlink.c.obj</name>
      </input_file>
      <input_file id="fl-13e">
         <path>C:\ti\ccs1260\ccs\tools\compiler\ti-cgt-arm_20.2.7.LTS\lib\</path>
         <kind>archive</kind>
         <file>rtsv7M4_T_le_v4SPD16_eabi.lib</file>
         <name>hostwrite.c.obj</name>
      </input_file>
      <input_file id="fl-13f">
         <path>C:\ti\ccs1260\ccs\tools\compiler\ti-cgt-arm_20.2.7.LTS\lib\</path>
         <kind>archive</kind>
         <file>rtsv7M4_T_le_v4SPD16_eabi.lib</file>
         <name>trgmsg.c.obj</name>
      </input_file>
      <input_file id="fl-140">
         <path>C:\ti\ccs1260\ccs\tools\compiler\ti-cgt-arm_20.2.7.LTS\lib\</path>
         <kind>archive</kind>
         <file>rtsv7M4_T_le_v4SPD16_eabi.lib</file>
         <name>s_copysign.c.obj</name>
      </input_file>
      <input_file id="fl-141">
         <path>C:\ti\ccs1260\ccs\tools\compiler\ti-cgt-arm_20.2.7.LTS\lib\</path>
         <kind>archive</kind>
         <file>rtsv7M4_T_le_v4SPD16_eabi.lib</file>
         <name>strcpy.c.obj</name>
      </input_file>
   </input_file_list>
   <object_component_list>
      <object_component id="oc-26">
         <name>.intvecs:retain</name>
         <load_address>0x0</load_address>
         <run_address>0x0</run_address>
         <size>0xe4</size>
         <input_file_ref idref="fl-12"/>
      </object_component>
      <object_component id="oc-274">
         <name>.text</name>
         <load_address>0xe4</load_address>
         <run_address>0xe4</run_address>
         <size>0x2034</size>
         <input_file_ref idref="fl-3d"/>
      </object_component>
      <object_component id="oc-76">
         <name>.text</name>
         <load_address>0x2118</load_address>
         <run_address>0x2118</run_address>
         <size>0x17b4</size>
         <input_file_ref idref="fl-10"/>
      </object_component>
      <object_component id="oc-1f0">
         <name>.text</name>
         <load_address>0x38cc</load_address>
         <run_address>0x38cc</run_address>
         <size>0x1598</size>
         <input_file_ref idref="fl-1d"/>
      </object_component>
      <object_component id="oc-d1">
         <name>.text</name>
         <load_address>0x4e64</load_address>
         <run_address>0x4e64</run_address>
         <size>0xed4</size>
         <input_file_ref idref="fl-43"/>
      </object_component>
      <object_component id="oc-1ea">
         <name>.text</name>
         <load_address>0x5d38</load_address>
         <run_address>0x5d38</run_address>
         <size>0xd7c</size>
         <input_file_ref idref="fl-1b"/>
      </object_component>
      <object_component id="oc-e0">
         <name>.text</name>
         <load_address>0x6ab4</load_address>
         <run_address>0x6ab4</run_address>
         <size>0xb3c</size>
         <input_file_ref idref="fl-40"/>
      </object_component>
      <object_component id="oc-19e">
         <name>.text</name>
         <load_address>0x75f0</load_address>
         <run_address>0x75f0</run_address>
         <size>0xac0</size>
         <input_file_ref idref="fl-45"/>
      </object_component>
      <object_component id="oc-3f2">
         <name>.text:__TI_printfi</name>
         <load_address>0x80b0</load_address>
         <run_address>0x80b0</run_address>
         <size>0xa4e</size>
         <input_file_ref idref="fl-118"/>
      </object_component>
      <object_component id="oc-5e4">
         <name>.text:_nop</name>
         <load_address>0x8afe</load_address>
         <run_address>0x8afe</run_address>
         <size>0x2</size>
         <input_file_ref idref="fl-10c"/>
      </object_component>
      <object_component id="oc-11d">
         <name>.text</name>
         <load_address>0x8b00</load_address>
         <run_address>0x8b00</run_address>
         <size>0x9fc</size>
         <input_file_ref idref="fl-31"/>
      </object_component>
      <object_component id="oc-1dd">
         <name>.text</name>
         <load_address>0x94fc</load_address>
         <run_address>0x94fc</run_address>
         <size>0x838</size>
         <input_file_ref idref="fl-23"/>
      </object_component>
      <object_component id="oc-192">
         <name>.text</name>
         <load_address>0x9d34</load_address>
         <run_address>0x9d34</run_address>
         <size>0x798</size>
         <input_file_ref idref="fl-2d"/>
      </object_component>
      <object_component id="oc-f2">
         <name>.text</name>
         <load_address>0xa4cc</load_address>
         <run_address>0xa4cc</run_address>
         <size>0x6e0</size>
         <input_file_ref idref="fl-d"/>
      </object_component>
      <object_component id="oc-136">
         <name>.text</name>
         <load_address>0xabac</load_address>
         <run_address>0xabac</run_address>
         <size>0x5d0</size>
         <input_file_ref idref="fl-7"/>
      </object_component>
      <object_component id="oc-13c">
         <name>.text</name>
         <load_address>0xb17c</load_address>
         <run_address>0xb17c</run_address>
         <size>0x5b4</size>
         <input_file_ref idref="fl-3c"/>
      </object_component>
      <object_component id="oc-8e">
         <name>.text</name>
         <load_address>0xb730</load_address>
         <run_address>0xb730</run_address>
         <size>0x51c</size>
         <input_file_ref idref="fl-11"/>
      </object_component>
      <object_component id="oc-4ba">
         <name>.text</name>
         <load_address>0xbc4c</load_address>
         <run_address>0xbc4c</run_address>
         <size>0x508</size>
         <input_file_ref idref="fl-28"/>
      </object_component>
      <object_component id="oc-18c">
         <name>.text</name>
         <load_address>0xc154</load_address>
         <run_address>0xc154</run_address>
         <size>0x480</size>
         <input_file_ref idref="fl-1f"/>
      </object_component>
      <object_component id="oc-35d">
         <name>.text</name>
         <load_address>0xc5d4</load_address>
         <run_address>0xc5d4</run_address>
         <size>0x3f8</size>
         <input_file_ref idref="fl-36"/>
      </object_component>
      <object_component id="oc-1d7">
         <name>.text</name>
         <load_address>0xc9cc</load_address>
         <run_address>0xc9cc</run_address>
         <size>0x3f0</size>
         <input_file_ref idref="fl-21"/>
      </object_component>
      <object_component id="oc-363">
         <name>.text</name>
         <load_address>0xcdbc</load_address>
         <run_address>0xcdbc</run_address>
         <size>0x3ac</size>
         <input_file_ref idref="fl-32"/>
      </object_component>
      <object_component id="oc-130">
         <name>.text</name>
         <load_address>0xd168</load_address>
         <run_address>0xd168</run_address>
         <size>0x3a4</size>
         <input_file_ref idref="fl-6"/>
      </object_component>
      <object_component id="oc-70">
         <name>.text</name>
         <load_address>0xd50c</load_address>
         <run_address>0xd50c</run_address>
         <size>0x388</size>
         <input_file_ref idref="fl-30"/>
      </object_component>
      <object_component id="oc-88">
         <name>.text</name>
         <load_address>0xd894</load_address>
         <run_address>0xd894</run_address>
         <size>0x344</size>
         <input_file_ref idref="fl-14"/>
      </object_component>
      <object_component id="oc-ca">
         <name>.text</name>
         <load_address>0xdbd8</load_address>
         <run_address>0xdbd8</run_address>
         <size>0x32c</size>
         <input_file_ref idref="fl-13"/>
      </object_component>
      <object_component id="oc-632">
         <name>.text:_pconv_a</name>
         <load_address>0xdf04</load_address>
         <run_address>0xdf04</run_address>
         <size>0x270</size>
         <input_file_ref idref="fl-118"/>
      </object_component>
      <object_component id="oc-4c9">
         <name>.text</name>
         <load_address>0xe174</load_address>
         <run_address>0xe174</run_address>
         <size>0x244</size>
         <input_file_ref idref="fl-2a"/>
      </object_component>
      <object_component id="oc-34f">
         <name>.text</name>
         <load_address>0xe3b8</load_address>
         <run_address>0xe3b8</run_address>
         <size>0x228</size>
         <input_file_ref idref="fl-a"/>
      </object_component>
      <object_component id="oc-372">
         <name>.text</name>
         <load_address>0xe5e0</load_address>
         <run_address>0xe5e0</run_address>
         <size>0x218</size>
         <input_file_ref idref="fl-37"/>
      </object_component>
      <object_component id="oc-378">
         <name>.text</name>
         <load_address>0xe7f8</load_address>
         <run_address>0xe7f8</run_address>
         <size>0x218</size>
         <input_file_ref idref="fl-38"/>
      </object_component>
      <object_component id="oc-3c9">
         <name>.text</name>
         <load_address>0xea10</load_address>
         <run_address>0xea10</run_address>
         <size>0x214</size>
         <input_file_ref idref="fl-46"/>
      </object_component>
      <object_component id="oc-10b">
         <name>.text</name>
         <load_address>0xec24</load_address>
         <run_address>0xec24</run_address>
         <size>0x1e0</size>
         <input_file_ref idref="fl-3"/>
      </object_component>
      <object_component id="oc-7c">
         <name>.text</name>
         <load_address>0xee04</load_address>
         <run_address>0xee04</run_address>
         <size>0x1d4</size>
         <input_file_ref idref="fl-b"/>
      </object_component>
      <object_component id="oc-620">
         <name>.text:_pconv_g</name>
         <load_address>0xefd8</load_address>
         <run_address>0xefd8</run_address>
         <size>0x1d0</size>
         <input_file_ref idref="fl-118"/>
      </object_component>
      <object_component id="oc-7b2">
         <name>.text</name>
         <load_address>0xf1a8</load_address>
         <run_address>0xf1a8</run_address>
         <size>0x1b6</size>
         <input_file_ref idref="fl-11c"/>
      </object_component>
      <object_component id="oc-862">
         <name>.text</name>
         <load_address>0xf35e</load_address>
         <run_address>0xf35e</run_address>
         <size>0x2</size>
         <input_file_ref idref="fl-136"/>
      </object_component>
      <object_component id="oc-37e">
         <name>.text</name>
         <load_address>0xf360</load_address>
         <run_address>0xf360</run_address>
         <size>0x1a0</size>
         <input_file_ref idref="fl-3a"/>
      </object_component>
      <object_component id="oc-16d">
         <name>.text</name>
         <load_address>0xf500</load_address>
         <run_address>0xf500</run_address>
         <size>0x184</size>
         <input_file_ref idref="fl-1a"/>
      </object_component>
      <object_component id="oc-100">
         <name>.text</name>
         <load_address>0xf684</load_address>
         <run_address>0xf684</run_address>
         <size>0x17c</size>
         <input_file_ref idref="fl-9"/>
      </object_component>
      <object_component id="oc-12a">
         <name>.text</name>
         <load_address>0xf800</load_address>
         <run_address>0xf800</run_address>
         <size>0x17c</size>
         <input_file_ref idref="fl-c"/>
      </object_component>
      <object_component id="oc-82">
         <name>.text</name>
         <load_address>0xf97c</load_address>
         <run_address>0xf97c</run_address>
         <size>0x16c</size>
         <input_file_ref idref="fl-15"/>
      </object_component>
      <object_component id="oc-62c">
         <name>.text:_pconv_e</name>
         <load_address>0xfae8</load_address>
         <run_address>0xfae8</run_address>
         <size>0x13c</size>
         <input_file_ref idref="fl-118"/>
      </object_component>
      <object_component id="oc-36c">
         <name>.text</name>
         <load_address>0xfc24</load_address>
         <run_address>0xfc24</run_address>
         <size>0x138</size>
         <input_file_ref idref="fl-34"/>
      </object_component>
      <object_component id="oc-798">
         <name>.text</name>
         <load_address>0xfd5c</load_address>
         <run_address>0xfd5c</run_address>
         <size>0x136</size>
         <input_file_ref idref="fl-11e"/>
      </object_component>
      <object_component id="oc-198">
         <name>.text</name>
         <load_address>0xfe94</load_address>
         <run_address>0xfe94</run_address>
         <size>0x130</size>
         <input_file_ref idref="fl-42"/>
      </object_component>
      <object_component id="oc-7c4">
         <name>.text:fcvt</name>
         <load_address>0xffc4</load_address>
         <run_address>0xffc4</run_address>
         <size>0x124</size>
         <input_file_ref idref="fl-118"/>
      </object_component>
      <object_component id="oc-568">
         <name>.text:_openfile</name>
         <load_address>0x100e8</load_address>
         <run_address>0x100e8</run_address>
         <size>0x110</size>
         <input_file_ref idref="fl-103"/>
      </object_component>
      <object_component id="oc-142">
         <name>.text</name>
         <load_address>0x101f8</load_address>
         <run_address>0x101f8</run_address>
         <size>0x110</size>
         <input_file_ref idref="fl-41"/>
      </object_component>
      <object_component id="oc-7d8">
         <name>.text:scalbn</name>
         <load_address>0x10308</load_address>
         <run_address>0x10308</run_address>
         <size>0x110</size>
         <input_file_ref idref="fl-135"/>
      </object_component>
      <object_component id="oc-417">
         <name>.text:aligned_alloc</name>
         <load_address>0x10418</load_address>
         <run_address>0x10418</run_address>
         <size>0x100</size>
         <input_file_ref idref="fl-10f"/>
      </object_component>
      <object_component id="oc-117">
         <name>.text</name>
         <load_address>0x10518</load_address>
         <run_address>0x10518</run_address>
         <size>0xfc</size>
         <input_file_ref idref="fl-2"/>
      </object_component>
      <object_component id="oc-793">
         <name>.text</name>
         <load_address>0x10614</load_address>
         <run_address>0x10614</run_address>
         <size>0xfc</size>
         <input_file_ref idref="fl-11f"/>
      </object_component>
      <object_component id="oc-111">
         <name>.text</name>
         <load_address>0x10710</load_address>
         <run_address>0x10710</run_address>
         <size>0xf8</size>
         <input_file_ref idref="fl-8"/>
      </object_component>
      <object_component id="oc-123">
         <name>.text:free</name>
         <load_address>0x10808</load_address>
         <run_address>0x10808</run_address>
         <size>0xe4</size>
         <input_file_ref idref="fl-10f"/>
      </object_component>
      <object_component id="oc-314">
         <name>.text:setvbuf</name>
         <load_address>0x108ec</load_address>
         <run_address>0x108ec</run_address>
         <size>0xdc</size>
         <input_file_ref idref="fl-104"/>
      </object_component>
      <object_component id="oc-4b4">
         <name>.text</name>
         <load_address>0x109c8</load_address>
         <run_address>0x109c8</run_address>
         <size>0xd8</size>
         <input_file_ref idref="fl-2f"/>
      </object_component>
      <object_component id="oc-725">
         <name>.text:open</name>
         <load_address>0x10aa0</load_address>
         <run_address>0x10aa0</run_address>
         <size>0xbc</size>
         <input_file_ref idref="fl-116"/>
      </object_component>
      <object_component id="oc-302">
         <name>.text:add_device</name>
         <load_address>0x10b5c</load_address>
         <run_address>0x10b5c</run_address>
         <size>0xb8</size>
         <input_file_ref idref="fl-117"/>
      </object_component>
      <object_component id="oc-615">
         <name>.text:_ltostr</name>
         <load_address>0x10c14</load_address>
         <run_address>0x10c14</run_address>
         <size>0xb1</size>
         <input_file_ref idref="fl-118"/>
      </object_component>
      <object_component id="oc-308">
         <name>.text:fopen</name>
         <load_address>0x10cc8</load_address>
         <run_address>0x10cc8</run_address>
         <size>0x9c</size>
         <input_file_ref idref="fl-103"/>
      </object_component>
      <object_component id="oc-3a">
         <name>.text</name>
         <load_address>0x10d64</load_address>
         <run_address>0x10d64</run_address>
         <size>0x9c</size>
         <input_file_ref idref="fl-106"/>
      </object_component>
      <object_component id="oc-78c">
         <name>.text</name>
         <load_address>0x10e00</load_address>
         <run_address>0x10e00</run_address>
         <size>0x96</size>
         <input_file_ref idref="fl-122"/>
      </object_component>
      <object_component id="oc-61b">
         <name>.text:__aeabi_cdcmple</name>
         <load_address>0x10e96</load_address>
         <run_address>0x10e96</run_address>
         <size>0x86</size>
         <input_file_ref idref="fl-11d"/>
      </object_component>
      <object_component id="oc-79d">
         <name>.text:__aeabi_cdrcmple</name>
         <load_address>0x10f1c</load_address>
         <run_address>0x10f1c</run_address>
         <size>0x86</size>
         <input_file_ref idref="fl-11d"/>
      </object_component>
      <object_component id="oc-4fd">
         <name>.text</name>
         <load_address>0x10fa4</load_address>
         <run_address>0x10fa4</run_address>
         <size>0x80</size>
         <input_file_ref idref="fl-3e"/>
      </object_component>
      <object_component id="oc-b2">
         <name>.text</name>
         <load_address>0x11024</load_address>
         <run_address>0x11024</run_address>
         <size>0x7a</size>
         <input_file_ref idref="fl-107"/>
      </object_component>
      <object_component id="oc-574">
         <name>.text:__TI_closefile</name>
         <load_address>0x110a0</load_address>
         <run_address>0x110a0</run_address>
         <size>0x74</size>
         <input_file_ref idref="fl-119"/>
      </object_component>
      <object_component id="oc-e6">
         <name>.text</name>
         <load_address>0x11114</load_address>
         <run_address>0x11114</run_address>
         <size>0x74</size>
         <input_file_ref idref="fl-2b"/>
      </object_component>
      <object_component id="oc-65a">
         <name>.text:split</name>
         <load_address>0x11188</load_address>
         <run_address>0x11188</run_address>
         <size>0x70</size>
         <input_file_ref idref="fl-10f"/>
      </object_component>
      <object_component id="oc-7bd">
         <name>.text:_mcpy</name>
         <load_address>0x111f8</load_address>
         <run_address>0x111f8</run_address>
         <size>0x6e</size>
         <input_file_ref idref="fl-118"/>
      </object_component>
      <object_component id="oc-715">
         <name>.text:HOSTrename</name>
         <load_address>0x11268</load_address>
         <run_address>0x11268</run_address>
         <size>0x6c</size>
         <input_file_ref idref="fl-13c"/>
      </object_component>
      <object_component id="oc-709">
         <name>.text:HOSTlseek</name>
         <load_address>0x112d4</load_address>
         <run_address>0x112d4</run_address>
         <size>0x68</size>
         <input_file_ref idref="fl-139"/>
      </object_component>
      <object_component id="oc-17">
         <name>.text:decompress:lzss:__TI_decompress_lzss</name>
         <load_address>0x1133c</load_address>
         <run_address>0x1133c</run_address>
         <size>0x68</size>
         <input_file_ref idref="fl-10a"/>
      </object_component>
      <object_component id="oc-7d2">
         <name>.text:frexp</name>
         <load_address>0x113a4</load_address>
         <run_address>0x113a4</run_address>
         <size>0x64</size>
         <input_file_ref idref="fl-134"/>
      </object_component>
      <object_component id="oc-6f1">
         <name>.text:HOSTopen</name>
         <load_address>0x11408</load_address>
         <run_address>0x11408</run_address>
         <size>0x60</size>
         <input_file_ref idref="fl-13a"/>
      </object_component>
      <object_component id="oc-73b">
         <name>.text:close</name>
         <load_address>0x11468</load_address>
         <run_address>0x11468</run_address>
         <size>0x5c</size>
         <input_file_ref idref="fl-131"/>
      </object_component>
      <object_component id="oc-6fd">
         <name>.text:HOSTread</name>
         <load_address>0x114c4</load_address>
         <run_address>0x114c4</run_address>
         <size>0x58</size>
         <input_file_ref idref="fl-13b"/>
      </object_component>
      <object_component id="oc-703">
         <name>.text:HOSTwrite</name>
         <load_address>0x1151c</load_address>
         <run_address>0x1151c</run_address>
         <size>0x58</size>
         <input_file_ref idref="fl-13e"/>
      </object_component>
      <object_component id="oc-626">
         <name>.text:_pconv_f</name>
         <load_address>0x11574</load_address>
         <run_address>0x11574</run_address>
         <size>0x56</size>
         <input_file_ref idref="fl-118"/>
      </object_component>
      <object_component id="oc-7a7">
         <name>.text:__TI_ltoa</name>
         <load_address>0x115ca</load_address>
         <run_address>0x115ca</run_address>
         <size>0x54</size>
         <input_file_ref idref="fl-126"/>
      </object_component>
      <object_component id="oc-7b7">
         <name>.text:_ecpy</name>
         <load_address>0x1161e</load_address>
         <run_address>0x1161e</run_address>
         <size>0x52</size>
         <input_file_ref idref="fl-118"/>
      </object_component>
      <object_component id="oc-735">
         <name>.text:__TI_doflush</name>
         <load_address>0x11670</load_address>
         <run_address>0x11670</run_address>
         <size>0x4c</size>
         <input_file_ref idref="fl-11a"/>
      </object_component>
      <object_component id="oc-60f">
         <name>.text:atoi</name>
         <load_address>0x116bc</load_address>
         <run_address>0x116bc</run_address>
         <size>0x4c</size>
         <input_file_ref idref="fl-128"/>
      </object_component>
      <object_component id="oc-148">
         <name>.text:snprintf</name>
         <load_address>0x11708</load_address>
         <run_address>0x11708</run_address>
         <size>0x4c</size>
         <input_file_ref idref="fl-101"/>
      </object_component>
      <object_component id="oc-238">
         <name>.text:exit</name>
         <load_address>0x11754</load_address>
         <run_address>0x11754</run_address>
         <size>0x48</size>
         <input_file_ref idref="fl-10b"/>
      </object_component>
      <object_component id="oc-7a2">
         <name>.text</name>
         <load_address>0x1179c</load_address>
         <run_address>0x1179c</run_address>
         <size>0x48</size>
         <input_file_ref idref="fl-120"/>
      </object_component>
      <object_component id="oc-6f7">
         <name>.text:HOSTclose</name>
         <load_address>0x117e4</load_address>
         <run_address>0x117e4</run_address>
         <size>0x44</size>
         <input_file_ref idref="fl-138"/>
      </object_component>
      <object_component id="oc-70f">
         <name>.text:HOSTunlink</name>
         <load_address>0x11828</load_address>
         <run_address>0x11828</run_address>
         <size>0x44</size>
         <input_file_ref idref="fl-13d"/>
      </object_component>
      <object_component id="oc-23e">
         <name>.text:__TI_auto_init_nobinit_nopinit:__TI_auto_init_nobinit_nopinit</name>
         <load_address>0x1186c</load_address>
         <run_address>0x1186c</run_address>
         <size>0x44</size>
         <input_file_ref idref="fl-123"/>
      </object_component>
      <object_component id="oc-841">
         <name>.text:getdevice</name>
         <load_address>0x118b0</load_address>
         <run_address>0x118b0</run_address>
         <size>0x44</size>
         <input_file_ref idref="fl-11b"/>
      </object_component>
      <object_component id="oc-173">
         <name>.text:sprintf</name>
         <load_address>0x118f4</load_address>
         <run_address>0x118f4</run_address>
         <size>0x40</size>
         <input_file_ref idref="fl-102"/>
      </object_component>
      <object_component id="oc-180">
         <name>.text:strtok</name>
         <load_address>0x11934</load_address>
         <run_address>0x11934</run_address>
         <size>0x40</size>
         <input_file_ref idref="fl-114"/>
      </object_component>
      <object_component id="oc-7ca">
         <name>.text:_fcpy</name>
         <load_address>0x11974</load_address>
         <run_address>0x11974</run_address>
         <size>0x3e</size>
         <input_file_ref idref="fl-118"/>
      </object_component>
      <object_component id="oc-497">
         <name>.text</name>
         <load_address>0x119b2</load_address>
         <run_address>0x119b2</run_address>
         <size>0x3e</size>
         <input_file_ref idref="fl-19"/>
      </object_component>
      <object_component id="oc-818">
         <name>.text:__TI_writemsg</name>
         <load_address>0x119f0</load_address>
         <run_address>0x119f0</run_address>
         <size>0x38</size>
         <input_file_ref idref="fl-13f"/>
      </object_component>
      <object_component id="oc-15d">
         <name>.text</name>
         <load_address>0x11a28</load_address>
         <run_address>0x11a28</run_address>
         <size>0x38</size>
         <input_file_ref idref="fl-105"/>
      </object_component>
      <object_component id="oc-17a">
         <name>.text:strncpy</name>
         <load_address>0x11a60</load_address>
         <run_address>0x11a60</run_address>
         <size>0x36</size>
         <input_file_ref idref="fl-113"/>
      </object_component>
      <object_component id="oc-57b">
         <name>.text:__TI_cleanup</name>
         <load_address>0x11a98</load_address>
         <run_address>0x11a98</run_address>
         <size>0x34</size>
         <input_file_ref idref="fl-103"/>
      </object_component>
      <object_component id="oc-81e">
         <name>.text:__TI_readmsg</name>
         <load_address>0x11acc</load_address>
         <run_address>0x11acc</run_address>
         <size>0x34</size>
         <input_file_ref idref="fl-13f"/>
      </object_component>
      <object_component id="oc-58">
         <name>.text:_c_int00_noargs:_c_int00_noargs</name>
         <load_address>0x11b00</load_address>
         <run_address>0x11b00</run_address>
         <size>0x34</size>
         <input_file_ref idref="fl-115"/>
      </object_component>
      <object_component id="oc-30e">
         <name>.text:freopen</name>
         <load_address>0x11b34</load_address>
         <run_address>0x11b34</run_address>
         <size>0x34</size>
         <input_file_ref idref="fl-103"/>
      </object_component>
      <object_component id="oc-3f8">
         <name>.text:_outs</name>
         <load_address>0x11b68</load_address>
         <run_address>0x11b68</run_address>
         <size>0x30</size>
         <input_file_ref idref="fl-101"/>
      </object_component>
      <object_component id="oc-55c">
         <name>.text:finddevice</name>
         <load_address>0x11b98</load_address>
         <run_address>0x11b98</run_address>
         <size>0x30</size>
         <input_file_ref idref="fl-11b"/>
      </object_component>
      <object_component id="oc-7ad">
         <name>.text</name>
         <load_address>0x11bc8</load_address>
         <run_address>0x11bc8</run_address>
         <size>0x2e</size>
         <input_file_ref idref="fl-121"/>
      </object_component>
      <object_component id="oc-592">
         <name>.text:strncmp</name>
         <load_address>0x11bf6</load_address>
         <run_address>0x11bf6</run_address>
         <size>0x2c</size>
         <input_file_ref idref="fl-112"/>
      </object_component>
      <object_component id="oc-741">
         <name>.text:unlink</name>
         <load_address>0x11c24</load_address>
         <run_address>0x11c24</run_address>
         <size>0x2c</size>
         <input_file_ref idref="fl-137"/>
      </object_component>
      <object_component id="oc-430">
         <name>.text:strspn</name>
         <load_address>0x11c50</load_address>
         <run_address>0x11c50</run_address>
         <size>0x2a</size>
         <input_file_ref idref="fl-12d"/>
      </object_component>
      <object_component id="oc-3a2">
         <name>.text:free_list_insert</name>
         <load_address>0x11c7c</load_address>
         <run_address>0x11c7c</run_address>
         <size>0x28</size>
         <input_file_ref idref="fl-10f"/>
      </object_component>
      <object_component id="oc-84d">
         <name>.text:write</name>
         <load_address>0x11ca4</load_address>
         <run_address>0x11ca4</run_address>
         <size>0x28</size>
         <input_file_ref idref="fl-12e"/>
      </object_component>
      <object_component id="oc-436">
         <name>.text:strcspn</name>
         <load_address>0x11ccc</load_address>
         <run_address>0x11ccc</run_address>
         <size>0x24</size>
         <input_file_ref idref="fl-12c"/>
      </object_component>
      <object_component id="oc-39c">
         <name>.text:free_list_remove</name>
         <load_address>0x11cf0</load_address>
         <run_address>0x11cf0</run_address>
         <size>0x1c</size>
         <input_file_ref idref="fl-10f"/>
      </object_component>
      <object_component id="oc-638">
         <name>.text:memccpy</name>
         <load_address>0x11d0c</load_address>
         <run_address>0x11d0c</run_address>
         <size>0x1c</size>
         <input_file_ref idref="fl-12a"/>
      </object_component>
      <object_component id="oc-87b">
         <name>.text:copysign</name>
         <load_address>0x11d28</load_address>
         <run_address>0x11d28</run_address>
         <size>0x1a</size>
         <input_file_ref idref="fl-140"/>
      </object_component>
      <object_component id="oc-3fe">
         <name>.text:_outc</name>
         <load_address>0x11d42</load_address>
         <run_address>0x11d42</run_address>
         <size>0x18</size>
         <input_file_ref idref="fl-101"/>
      </object_component>
      <object_component id="oc-420">
         <name>.text:_outs</name>
         <load_address>0x11d5a</load_address>
         <run_address>0x11d5a</run_address>
         <size>0x18</size>
         <input_file_ref idref="fl-102"/>
      </object_component>
      <object_component id="oc-186">
         <name>.text:strcmp</name>
         <load_address>0x11d72</load_address>
         <run_address>0x11d72</run_address>
         <size>0x18</size>
         <input_file_ref idref="fl-110"/>
      </object_component>
      <object_component id="oc-7de">
         <name>.text:strchr</name>
         <load_address>0x11d8a</load_address>
         <run_address>0x11d8a</run_address>
         <size>0x16</size>
         <input_file_ref idref="fl-12b"/>
      </object_component>
      <object_component id="oc-832">
         <name>.text:strcpy</name>
         <load_address>0x11da0</load_address>
         <run_address>0x11da0</run_address>
         <size>0x14</size>
         <input_file_ref idref="fl-141"/>
      </object_component>
      <object_component id="oc-da">
         <name>.text:strlen</name>
         <load_address>0x11db4</load_address>
         <run_address>0x11db4</run_address>
         <size>0x14</size>
         <input_file_ref idref="fl-111"/>
      </object_component>
      <object_component id="oc-63e">
         <name>.text:wcslen</name>
         <load_address>0x11dc8</load_address>
         <run_address>0x11dc8</run_address>
         <size>0x12</size>
         <input_file_ref idref="fl-133"/>
      </object_component>
      <object_component id="oc-1d">
         <name>.text:decompress:none:__TI_decompress_none</name>
         <load_address>0x11dda</load_address>
         <run_address>0x11dda</run_address>
         <size>0xe</size>
         <input_file_ref idref="fl-109"/>
      </object_component>
      <object_component id="oc-6a">
         <name>.text</name>
         <load_address>0x11de8</load_address>
         <run_address>0x11de8</run_address>
         <size>0xe</size>
         <input_file_ref idref="fl-12"/>
      </object_component>
      <object_component id="oc-4c">
         <name>.text:decompress:ZI:__TI_zero_init</name>
         <load_address>0x11df6</load_address>
         <run_address>0x11df6</run_address>
         <size>0xc</size>
         <input_file_ref idref="fl-108"/>
      </object_component>
      <object_component id="oc-426">
         <name>.text:_outc</name>
         <load_address>0x11e02</load_address>
         <run_address>0x11e02</run_address>
         <size>0xa</size>
         <input_file_ref idref="fl-102"/>
      </object_component>
      <object_component id="oc-644">
         <name>.text:__aeabi_errno_addr</name>
         <load_address>0x11e0c</load_address>
         <run_address>0x11e0c</run_address>
         <size>0x8</size>
         <input_file_ref idref="fl-132"/>
      </object_component>
      <object_component id="oc-157">
         <name>.text:malloc</name>
         <load_address>0x11e14</load_address>
         <run_address>0x11e14</run_address>
         <size>0x8</size>
         <input_file_ref idref="fl-10f"/>
      </object_component>
      <object_component id="oc-b8">
         <name>.text:_system_pre_init</name>
         <load_address>0x11e1c</load_address>
         <run_address>0x11e1c</run_address>
         <size>0x4</size>
         <input_file_ref idref="fl-124"/>
      </object_component>
      <object_component id="oc-232">
         <name>.text:abort:abort</name>
         <load_address>0x11e20</load_address>
         <run_address>0x11e20</run_address>
         <size>0x4</size>
         <input_file_ref idref="fl-10b"/>
      </object_component>
      <object_component id="oc-787">
         <name>.const:.string:_ctypes_</name>
         <load_address>0x11e24</load_address>
         <run_address>0x11e24</run_address>
         <size>0x101</size>
         <input_file_ref idref="fl-129"/>
      </object_component>
      <object_component id="oc-451">
         <name>.const:$P$T0$1</name>
         <load_address>0x11f28</load_address>
         <run_address>0x11f28</run_address>
         <size>0xb0</size>
         <input_file_ref idref="fl-45"/>
      </object_component>
      <object_component id="oc-153">
         <name>.const:$P$T0$1</name>
         <load_address>0x11fd8</load_address>
         <run_address>0x11fd8</run_address>
         <size>0x58</size>
         <input_file_ref idref="fl-10"/>
      </object_component>
      <object_component id="oc-384">
         <name>.const:$P$T1$2</name>
         <load_address>0x12030</load_address>
         <run_address>0x12030</run_address>
         <size>0x58</size>
         <input_file_ref idref="fl-31"/>
      </object_component>
      <object_component id="oc-4a3">
         <name>.const:g_pulRegs</name>
         <load_address>0x12088</load_address>
         <run_address>0x12088</run_address>
         <size>0x50</size>
         <input_file_ref idref="fl-21"/>
      </object_component>
      <object_component id="oc-50f">
         <name>.const:_SlActionLookupTable</name>
         <load_address>0x120d8</load_address>
         <run_address>0x120d8</run_address>
         <size>0x38</size>
         <input_file_ref idref="fl-3d"/>
      </object_component>
      <object_component id="oc-1a4">
         <name>.const:$P$T1$2</name>
         <load_address>0x12110</load_address>
         <run_address>0x12110</run_address>
         <size>0x2c</size>
         <input_file_ref idref="fl-10"/>
      </object_component>
      <object_component id="oc-4a0">
         <name>.const:g_pulPriority</name>
         <load_address>0x1213c</load_address>
         <run_address>0x1213c</run_address>
         <size>0x20</size>
         <input_file_ref idref="fl-21"/>
      </object_component>
      <object_component id="oc-446">
         <name>.const:GPIO_PORT_TO_INT</name>
         <load_address>0x1215c</load_address>
         <run_address>0x1215c</run_address>
         <size>0x1c</size>
         <input_file_ref idref="fl-1f"/>
      </object_component>
      <object_component id="oc-1a7">
         <name>.const:$P$T2$3</name>
         <load_address>0x12178</load_address>
         <run_address>0x12178</run_address>
         <size>0x14</size>
         <input_file_ref idref="fl-10"/>
      </object_component>
      <object_component id="oc-387">
         <name>.const:$P$T2$3</name>
         <load_address>0x1218c</load_address>
         <run_address>0x1218c</run_address>
         <size>0xc</size>
         <input_file_ref idref="fl-31"/>
      </object_component>
      <object_component id="oc-38a">
         <name>.const:$P$T3$4</name>
         <load_address>0x12198</load_address>
         <run_address>0x12198</run_address>
         <size>0xc</size>
         <input_file_ref idref="fl-31"/>
      </object_component>
      <object_component id="oc-1aa">
         <name>.const:$P$T3$4</name>
         <load_address>0x121a4</load_address>
         <run_address>0x121a4</run_address>
         <size>0xc</size>
         <input_file_ref idref="fl-10"/>
      </object_component>
      <object_component id="oc-38d">
         <name>.const:$P$T4$5</name>
         <load_address>0x121b0</load_address>
         <run_address>0x121b0</run_address>
         <size>0xc</size>
         <input_file_ref idref="fl-31"/>
      </object_component>
      <object_component id="oc-509">
         <name>.const:g_H2NCnysPattern</name>
         <load_address>0x121bc</load_address>
         <run_address>0x121bc</run_address>
         <size>0x8</size>
         <input_file_ref idref="fl-3d"/>
      </object_component>
      <object_component id="oc-506">
         <name>.const:g_H2NSyncPattern</name>
         <load_address>0x121c4</load_address>
         <run_address>0x121c4</run_address>
         <size>0x8</size>
         <input_file_ref idref="fl-3d"/>
      </object_component>
      <object_component id="oc-4a9">
         <name>.const:g_pulDisRegs</name>
         <load_address>0x121cc</load_address>
         <run_address>0x121cc</run_address>
         <size>0x8</size>
         <input_file_ref idref="fl-21"/>
      </object_component>
      <object_component id="oc-4a6">
         <name>.const:g_pulEnRegs</name>
         <load_address>0x121d4</load_address>
         <run_address>0x121d4</run_address>
         <size>0x8</size>
         <input_file_ref idref="fl-21"/>
      </object_component>
      <object_component id="oc-4ac">
         <name>.const:g_pulPendRegs</name>
         <load_address>0x121dc</load_address>
         <run_address>0x121dc</run_address>
         <size>0x8</size>
         <input_file_ref idref="fl-21"/>
      </object_component>
      <object_component id="oc-4af">
         <name>.const:g_pulUnpendRegs</name>
         <load_address>0x121e4</load_address>
         <run_address>0x121e4</run_address>
         <size>0x8</size>
         <input_file_ref idref="fl-21"/>
      </object_component>
      <object_component id="oc-369">
         <name>.const:$P$T0$1</name>
         <load_address>0x121ec</load_address>
         <run_address>0x121ec</run_address>
         <size>0x4</size>
         <input_file_ref idref="fl-31"/>
      </object_component>
      <object_component id="oc-5a0">
         <name>.const:$P$T0$1</name>
         <load_address>0x121f0</load_address>
         <run_address>0x121f0</run_address>
         <size>0x4</size>
         <input_file_ref idref="fl-32"/>
      </object_component>
      <object_component id="oc-5b3">
         <name>.const:$P$T0$1</name>
         <load_address>0x121f4</load_address>
         <run_address>0x121f4</run_address>
         <size>0x4</size>
         <input_file_ref idref="fl-34"/>
      </object_component>
      <object_component id="oc-59b">
         <name>.const:$P$T0$1</name>
         <load_address>0x121f8</load_address>
         <run_address>0x121f8</run_address>
         <size>0x4</size>
         <input_file_ref idref="fl-36"/>
      </object_component>
      <object_component id="oc-5bb">
         <name>.const:$P$T0$1</name>
         <load_address>0x121fc</load_address>
         <run_address>0x121fc</run_address>
         <size>0x4</size>
         <input_file_ref idref="fl-37"/>
      </object_component>
      <object_component id="oc-5c3">
         <name>.const:$P$T0$1</name>
         <load_address>0x12200</load_address>
         <run_address>0x12200</run_address>
         <size>0x4</size>
         <input_file_ref idref="fl-38"/>
      </object_component>
      <object_component id="oc-5cb">
         <name>.const:$P$T0$1</name>
         <load_address>0x12204</load_address>
         <run_address>0x12204</run_address>
         <size>0x4</size>
         <input_file_ref idref="fl-3a"/>
      </object_component>
      <object_component id="oc-50c">
         <name>.const:$P$T0$1</name>
         <load_address>0x12208</load_address>
         <run_address>0x12208</run_address>
         <size>0x4</size>
         <input_file_ref idref="fl-3d"/>
      </object_component>
      <object_component id="oc-2e9">
         <name>.const:$P$T0$1</name>
         <load_address>0x1220c</load_address>
         <run_address>0x1220c</run_address>
         <size>0x4</size>
         <input_file_ref idref="fl-40"/>
      </object_component>
      <object_component id="oc-280">
         <name>.const:$P$T0$1</name>
         <load_address>0x12210</load_address>
         <run_address>0x12210</run_address>
         <size>0x4</size>
         <input_file_ref idref="fl-43"/>
      </object_component>
      <object_component id="oc-5a3">
         <name>.const:$P$T1$2</name>
         <load_address>0x12214</load_address>
         <run_address>0x12214</run_address>
         <size>0x4</size>
         <input_file_ref idref="fl-32"/>
      </object_component>
      <object_component id="oc-5b6">
         <name>.const:$P$T1$2</name>
         <load_address>0x12218</load_address>
         <run_address>0x12218</run_address>
         <size>0x4</size>
         <input_file_ref idref="fl-34"/>
      </object_component>
      <object_component id="oc-5be">
         <name>.const:$P$T1$2</name>
         <load_address>0x1221c</load_address>
         <run_address>0x1221c</run_address>
         <size>0x4</size>
         <input_file_ref idref="fl-37"/>
      </object_component>
      <object_component id="oc-5c6">
         <name>.const:$P$T1$2</name>
         <load_address>0x12220</load_address>
         <run_address>0x12220</run_address>
         <size>0x4</size>
         <input_file_ref idref="fl-38"/>
      </object_component>
      <object_component id="oc-283">
         <name>.const:$P$T1$2</name>
         <load_address>0x12224</load_address>
         <run_address>0x12224</run_address>
         <size>0x4</size>
         <input_file_ref idref="fl-43"/>
      </object_component>
      <object_component id="oc-454">
         <name>.const:$P$T1$2</name>
         <load_address>0x12228</load_address>
         <run_address>0x12228</run_address>
         <size>0x4</size>
         <input_file_ref idref="fl-45"/>
      </object_component>
      <object_component id="oc-5a6">
         <name>.const:$P$T2$3</name>
         <load_address>0x1222c</load_address>
         <run_address>0x1222c</run_address>
         <size>0x4</size>
         <input_file_ref idref="fl-32"/>
      </object_component>
      <object_component id="oc-289">
         <name>.const:$P$T2$3</name>
         <load_address>0x12230</load_address>
         <run_address>0x12230</run_address>
         <size>0x4</size>
         <input_file_ref idref="fl-43"/>
      </object_component>
      <object_component id="oc-45d">
         <name>.const:$P$T2$3</name>
         <load_address>0x12234</load_address>
         <run_address>0x12234</run_address>
         <size>0x4</size>
         <input_file_ref idref="fl-45"/>
      </object_component>
      <object_component id="oc-5a9">
         <name>.const:$P$T3$4</name>
         <load_address>0x12238</load_address>
         <run_address>0x12238</run_address>
         <size>0x4</size>
         <input_file_ref idref="fl-32"/>
      </object_component>
      <object_component id="oc-472">
         <name>.const:$P$T3$4</name>
         <load_address>0x1223c</load_address>
         <run_address>0x1223c</run_address>
         <size>0x4</size>
         <input_file_ref idref="fl-45"/>
      </object_component>
      <object_component id="oc-5ac">
         <name>.const:$P$T4$5</name>
         <load_address>0x12240</load_address>
         <run_address>0x12240</run_address>
         <size>0x4</size>
         <input_file_ref idref="fl-32"/>
      </object_component>
      <object_component id="oc-295">
         <name>.const:_SlAcceptCmdCtrl</name>
         <load_address>0x12244</load_address>
         <run_address>0x12244</run_address>
         <size>0x4</size>
         <input_file_ref idref="fl-43"/>
      </object_component>
      <object_component id="oc-3d8">
         <name>.const:_SlDeviceGetCmdCtrl</name>
         <load_address>0x12248</load_address>
         <run_address>0x12248</run_address>
         <size>0x4</size>
         <input_file_ref idref="fl-3c"/>
      </object_component>
      <object_component id="oc-3db">
         <name>.const:_SlDeviceSetCmdCtrl</name>
         <load_address>0x1224c</load_address>
         <run_address>0x1224c</run_address>
         <size>0x4</size>
         <input_file_ref idref="fl-3c"/>
      </object_component>
      <object_component id="oc-3d5">
         <name>.const:_SlEventMaskGetCmdCtrl</name>
         <load_address>0x12250</load_address>
         <run_address>0x12250</run_address>
         <size>0x4</size>
         <input_file_ref idref="fl-3c"/>
      </object_component>
      <object_component id="oc-3d2">
         <name>.const:_SlEventMaskSetCmdCtrl</name>
         <load_address>0x12254</load_address>
         <run_address>0x12254</run_address>
         <size>0x4</size>
         <input_file_ref idref="fl-3c"/>
      </object_component>
      <object_component id="oc-2e6">
         <name>.const:_SlGetHostByNameCtrl</name>
         <load_address>0x12258</load_address>
         <run_address>0x12258</run_address>
         <size>0x4</size>
         <input_file_ref idref="fl-40"/>
      </object_component>
      <object_component id="oc-2e3">
         <name>.const:_SlGetHostByServiceCtrl</name>
         <load_address>0x1225c</load_address>
         <run_address>0x1225c</run_address>
         <size>0x4</size>
         <input_file_ref idref="fl-40"/>
      </object_component>
      <object_component id="oc-2dd">
         <name>.const:_SlGetServiceListeCtrl</name>
         <load_address>0x12260</load_address>
         <run_address>0x12260</run_address>
         <size>0x4</size>
         <input_file_ref idref="fl-40"/>
      </object_component>
      <object_component id="oc-29e">
         <name>.const:_SlGetSockOptCmdCtrl</name>
         <load_address>0x12264</load_address>
         <run_address>0x12264</run_address>
         <size>0x4</size>
         <input_file_ref idref="fl-43"/>
      </object_component>
      <object_component id="oc-292">
         <name>.const:_SlListenCmdCtrl</name>
         <load_address>0x12268</load_address>
         <run_address>0x12268</run_address>
         <size>0x4</size>
         <input_file_ref idref="fl-43"/>
      </object_component>
      <object_component id="oc-2f2">
         <name>.const:_SlNetAppGetCmdCtrl</name>
         <load_address>0x1226c</load_address>
         <run_address>0x1226c</run_address>
         <size>0x4</size>
         <input_file_ref idref="fl-40"/>
      </object_component>
      <object_component id="oc-2ef">
         <name>.const:_SlNetAppSendTokenValueCmdCtrl</name>
         <load_address>0x12270</load_address>
         <run_address>0x12270</run_address>
         <size>0x4</size>
         <input_file_ref idref="fl-40"/>
      </object_component>
      <object_component id="oc-2ec">
         <name>.const:_SlNetAppSetCmdCtrl</name>
         <load_address>0x12274</load_address>
         <run_address>0x12274</run_address>
         <size>0x4</size>
         <input_file_ref idref="fl-40"/>
      </object_component>
      <object_component id="oc-2d7">
         <name>.const:_SlNetAppStartCtrl</name>
         <load_address>0x12278</load_address>
         <run_address>0x12278</run_address>
         <size>0x4</size>
         <input_file_ref idref="fl-40"/>
      </object_component>
      <object_component id="oc-2da">
         <name>.const:_SlNetAppStopCtrl</name>
         <load_address>0x1227c</load_address>
         <run_address>0x1227c</run_address>
         <size>0x4</size>
         <input_file_ref idref="fl-40"/>
      </object_component>
      <object_component id="oc-3e8">
         <name>.const:_SlNetCfgGetCmdCtrl</name>
         <load_address>0x12280</load_address>
         <run_address>0x12280</run_address>
         <size>0x4</size>
         <input_file_ref idref="fl-41"/>
      </object_component>
      <object_component id="oc-3e5">
         <name>.const:_SlNetCfgSetCmdCtrl</name>
         <load_address>0x12284</load_address>
         <run_address>0x12284</run_address>
         <size>0x4</size>
         <input_file_ref idref="fl-41"/>
      </object_component>
      <object_component id="oc-45a">
         <name>.const:_SlPolicyGetCmdCtrl</name>
         <load_address>0x12288</load_address>
         <run_address>0x12288</run_address>
         <size>0x4</size>
         <input_file_ref idref="fl-45"/>
      </object_component>
      <object_component id="oc-457">
         <name>.const:_SlPolicySetCmdCtrl</name>
         <load_address>0x1228c</load_address>
         <run_address>0x1228c</run_address>
         <size>0x4</size>
         <input_file_ref idref="fl-45"/>
      </object_component>
      <object_component id="oc-463">
         <name>.const:_SlProfileDelCmdCtrl</name>
         <load_address>0x12290</load_address>
         <run_address>0x12290</run_address>
         <size>0x4</size>
         <input_file_ref idref="fl-45"/>
      </object_component>
      <object_component id="oc-460">
         <name>.const:_SlProfileGetCmdCtrl</name>
         <load_address>0x12294</load_address>
         <run_address>0x12294</run_address>
         <size>0x4</size>
         <input_file_ref idref="fl-45"/>
      </object_component>
      <object_component id="oc-298">
         <name>.const:_SlRecvCmdCtrl</name>
         <load_address>0x12298</load_address>
         <run_address>0x12298</run_address>
         <size>0x4</size>
         <input_file_ref idref="fl-43"/>
      </object_component>
      <object_component id="oc-286">
         <name>.const:_SlRecvfomCmdCtrl</name>
         <load_address>0x1229c</load_address>
         <run_address>0x1229c</run_address>
         <size>0x4</size>
[...]
         <name>__aeabi_memclr</name>
         <value>0x11025</value>
         <object_component_ref idref="oc-b2"/>
      </symbol>
      <symbol id="sm-1755">
         <name>__TI_zero_init</name>
         <value>0x11df7</value>
         <object_component_ref idref="oc-4c"/>
      </symbol>
      <symbol id="sm-176c">
         <name>__TI_decompress_none</name>
         <value>0x11ddb</value>
         <object_component_ref idref="oc-1d"/>
      </symbol>
      <symbol id="sm-178f">
         <name>__TI_decompress_lzss</name>
         <value>0x1133d</value>
         <object_component_ref idref="oc-17"/>
      </symbol>
      <symbol id="sm-17b5">
         <name>C$$EXIT</name>
         <value>0x11e21</value>
         <object_component_ref idref="oc-232"/>
      </symbol>
      <symbol id="sm-17b6">
         <name>abort</name>
         <value>0x11e21</value>
         <object_component_ref idref="oc-232"/>
      </symbol>
      <symbol id="sm-17b7">
         <name>__TI_dtors_ptr</name>
         <value>0x2000429c</value>
         <object_component_ref idref="oc-4df"/>
      </symbol>
      <symbol id="sm-17b8">
         <name>__TI_cleanup_ptr</name>
         <value>0x20004298</value>
         <object_component_ref idref="oc-4df"/>
      </symbol>
      <symbol id="sm-17b9">
         <name>__TI_enable_exit_profile_output</name>
         <value>0x200042a0</value>
         <object_component_ref idref="oc-4df"/>
      </symbol>
      <symbol id="sm-17ba">
         <name>exit</name>
         <value>0x11755</value>
         <object_component_ref idref="oc-238"/>
      </symbol>
      <symbol id="sm-17cf">
         <name>_nop</name>
         <value>0x8aff</value>
         <object_component_ref idref="oc-5e4"/>
      </symbol>
      <symbol id="sm-17d0">
         <name>_lock</name>
         <value>0x200042c8</value>
         <object_component_ref idref="oc-3a8"/>
      </symbol>
      <symbol id="sm-17d1">
         <name>_unlock</name>
         <value>0x200042cc</value>
         <object_component_ref idref="oc-3a8"/>
      </symbol>
      <symbol id="sm-17e6">
         <name>__TI_tmpnams</name>
         <value>0x200039b0</value>
      </symbol>
      <symbol id="sm-17e7">
         <name>__aeabi_stdout</name>
         <value>0x20004290</value>
         <object_component_ref idref="oc-56f"/>
      </symbol>
      <symbol id="sm-17e8">
         <name>__aeabi_stderr</name>
         <value>0x20004294</value>
         <object_component_ref idref="oc-56f"/>
      </symbol>
      <symbol id="sm-17e9">
         <name>__aeabi_stdin</name>
         <value>0x2000428c</value>
         <object_component_ref idref="oc-56f"/>
      </symbol>
      <symbol id="sm-17ea">
         <name>_ftable</name>
         <value>0x20004000</value>
         <object_component_ref idref="oc-31a"/>
      </symbol>
      <symbol id="sm-17eb">
         <name>__TI_ft_end</name>
         <value>0x20004288</value>
         <object_component_ref idref="oc-56f"/>
      </symbol>
      <symbol id="sm-1870">
         <name>_sys_memory</name>
         <value>0x20003c00</value>
         <object_component_ref idref="oc-29"/>
      </symbol>
      <symbol id="sm-1871">
         <name>free</name>
         <value>0x10809</value>
         <object_component_ref idref="oc-123"/>
      </symbol>
      <symbol id="sm-1872">
         <name>memalign</name>
         <value>0x10419</value>
         <object_component_ref idref="oc-417"/>
      </symbol>
      <symbol id="sm-1873">
         <name>malloc</name>
         <value>0x11e15</value>
         <object_component_ref idref="oc-157"/>
      </symbol>
      <symbol id="sm-1874">
         <name>aligned_alloc</name>
         <value>0x10419</value>
         <object_component_ref idref="oc-417"/>
      </symbol>
      <symbol id="sm-1883">
         <name>strcmp</name>
         <value>0x11d73</value>
         <object_component_ref idref="oc-186"/>
      </symbol>
      <symbol id="sm-1891">
         <name>strlen</name>
         <value>0x11db5</value>
         <object_component_ref idref="oc-da"/>
      </symbol>
      <symbol id="sm-18a1">
         <name>strncmp</name>
         <value>0x11bf7</value>
         <object_component_ref idref="oc-592"/>
      </symbol>
      <symbol id="sm-18b1">
         <name>strncpy</name>
         <value>0x11a61</value>
         <object_component_ref idref="oc-17a"/>
      </symbol>
      <symbol id="sm-18c9">
         <name>strtok</name>
         <value>0x11935</value>
         <object_component_ref idref="oc-180"/>
      </symbol>
      <symbol id="sm-18dc">
         <name>__stack</name>
         <value>0x2000fe00</value>
         <object_component_ref idref="oc-2c"/>
      </symbol>
      <symbol id="sm-18dd">
         <name>_c_int00_noargs</name>
         <value>0x11b01</value>
         <object_component_ref idref="oc-58"/>
      </symbol>
      <symbol id="sm-18ff">
         <name>open</name>
         <value>0x10aa1</value>
         <object_component_ref idref="oc-725"/>
      </symbol>
      <symbol id="sm-191f">
         <name>add_device</name>
         <value>0x10b5d</value>
         <object_component_ref idref="oc-302"/>
      </symbol>
      <symbol id="sm-1a84">
         <name>__TI_printfi</name>
         <value>0x80b1</value>
         <object_component_ref idref="oc-3f2"/>
      </symbol>
      <symbol id="sm-1a99">
         <name>__TI_closefile</name>
         <value>0x110a1</value>
         <object_component_ref idref="oc-574"/>
      </symbol>
      <symbol id="sm-1aa9">
         <name>__TI_doflush</name>
         <value>0x11671</value>
         <object_component_ref idref="oc-735"/>
      </symbol>
      <symbol id="sm-1ac7">
         <name>finddevice</name>
         <value>0x11b99</value>
         <object_component_ref idref="oc-55c"/>
      </symbol>
      <symbol id="sm-1ac8">
         <name>getdevice</name>
         <value>0x118b1</value>
         <object_component_ref idref="oc-841"/>
      </symbol>
      <symbol id="sm-1adf">
         <name>__aeabi_dsub</name>
         <value>0xf1a9</value>
         <object_component_ref idref="oc-7b2"/>
      </symbol>
      <symbol id="sm-1ae0">
         <name>__aeabi_dadd</name>
         <value>0xf1b3</value>
         <object_component_ref idref="oc-7b2"/>
      </symbol>
      <symbol id="sm-1b02">
         <name>__aeabi_cdcmpeq</name>
         <value>0x10e97</value>
         <object_component_ref idref="oc-61b"/>
      </symbol>
      <symbol id="sm-1b03">
         <name>__aeabi_cdcmple</name>
         <value>0x10e97</value>
         <object_component_ref idref="oc-61b"/>
      </symbol>
      <symbol id="sm-1b04">
         <name>__aeabi_cdrcmple</name>
         <value>0x10f1d</value>
         <object_component_ref idref="oc-79d"/>
      </symbol>
      <symbol id="sm-1b18">
         <name>__aeabi_ddiv</name>
         <value>0xfd5d</value>
         <object_component_ref idref="oc-798"/>
      </symbol>
      <symbol id="sm-1b23">
         <name>__aeabi_dmul</name>
         <value>0x10615</value>
         <object_component_ref idref="oc-793"/>
      </symbol>
      <symbol id="sm-1b2d">
         <name>__aeabi_d2iz</name>
         <value>0x1179d</value>
         <object_component_ref idref="oc-7a2"/>
      </symbol>
      <symbol id="sm-1b37">
         <name>__aeabi_i2d</name>
         <value>0x11bc9</value>
         <object_component_ref idref="oc-7ad"/>
      </symbol>
      <symbol id="sm-1b44">
         <name>__aeabi_uldivmod</name>
         <value>0x10e01</value>
         <object_component_ref idref="oc-78c"/>
      </symbol>
      <symbol id="sm-1b6c">
         <name>__TI_auto_init_nobinit_nopinit</name>
         <value>0x1186d</value>
         <object_component_ref idref="oc-23e"/>
      </symbol>
      <symbol id="sm-1b76">
         <name>_system_pre_init</name>
         <value>0x11e1d</value>
         <object_component_ref idref="oc-b8"/>
      </symbol>
      <symbol id="sm-1b86">
         <name>__TI_ltoa</name>
         <value>0x115cb</value>
         <object_component_ref idref="oc-7a7"/>
      </symbol>
      <symbol id="sm-1b9d">
         <name>atoi</name>
         <value>0x116bd</value>
         <object_component_ref idref="oc-60f"/>
      </symbol>
      <symbol id="sm-1ba8">
         <name>_ctypes_</name>
         <value>0x11e24</value>
         <object_component_ref idref="oc-787"/>
      </symbol>
      <symbol id="sm-1bb8">
         <name>memccpy</name>
         <value>0x11d0d</value>
         <object_component_ref idref="oc-638"/>
      </symbol>
      <symbol id="sm-1bc8">
         <name>strchr</name>
         <value>0x11d8b</value>
         <object_component_ref idref="oc-7de"/>
      </symbol>
      <symbol id="sm-1bd9">
         <name>strcspn</name>
         <value>0x11ccd</value>
         <object_component_ref idref="oc-436"/>
      </symbol>
      <symbol id="sm-1beb">
         <name>strspn</name>
         <value>0x11c51</value>
         <object_component_ref idref="oc-430"/>
      </symbol>
      <symbol id="sm-1bfb">
         <name>write</name>
         <value>0x11ca5</value>
         <object_component_ref idref="oc-84d"/>
      </symbol>
      <symbol id="sm-1c0c">
         <name>_stream</name>
         <value>0x20004168</value>
         <object_component_ref idref="oc-848"/>
      </symbol>
      <symbol id="sm-1c0d">
         <name>_device</name>
         <value>0x200040f0</value>
         <object_component_ref idref="oc-563"/>
      </symbol>
      <symbol id="sm-1c22">
         <name>close</name>
         <value>0x11469</value>
         <object_component_ref idref="oc-73b"/>
      </symbol>
      <symbol id="sm-1c38">
         <name>__aeabi_errno_addr</name>
         <value>0x11e0d</value>
         <object_component_ref idref="oc-644"/>
      </symbol>
      <symbol id="sm-1c39">
         <name>errno</name>
         <value>0x200042e4</value>
         <object_component_ref idref="oc-7ee"/>
      </symbol>
      <symbol id="sm-1c52">
         <name>wcslen</name>
         <value>0x11dc9</value>
         <object_component_ref idref="oc-63e"/>
      </symbol>
      <symbol id="sm-1c72">
         <name>frexpl</name>
         <value>0x113a5</value>
         <object_component_ref idref="oc-7d2"/>
      </symbol>
      <symbol id="sm-1c73">
         <name>frexp</name>
         <value>0x113a5</value>
         <object_component_ref idref="oc-7d2"/>
      </symbol>
      <symbol id="sm-1c90">
         <name>scalbn</name>
         <value>0x10309</value>
         <object_component_ref idref="oc-7d8"/>
      </symbol>
      <symbol id="sm-1c91">
         <name>scalbnl</name>
         <value>0x10309</value>
         <object_component_ref idref="oc-7d8"/>
      </symbol>
      <symbol id="sm-1c92">
         <name>ldexpl</name>
         <value>0x10309</value>
         <object_component_ref idref="oc-7d8"/>
      </symbol>
      <symbol id="sm-1c93">
         <name>ldexp</name>
         <value>0x10309</value>
         <object_component_ref idref="oc-7d8"/>
      </symbol>
      <symbol id="sm-1c9d">
         <name>__aeabi_idiv0</name>
         <value>0xf35f</value>
         <object_component_ref idref="oc-862"/>
      </symbol>
      <symbol id="sm-1c9e">
         <name>__aeabi_ldiv0</name>
         <value>0xf35f</value>
         <object_component_ref idref="oc-862"/>
      </symbol>
      <symbol id="sm-1cae">
         <name>unlink</name>
         <value>0x11c25</value>
         <object_component_ref idref="oc-741"/>
      </symbol>
      <symbol id="sm-1cbf">
         <name>HOSTclose</name>
         <value>0x117e5</value>
         <object_component_ref idref="oc-6f7"/>
      </symbol>
      <symbol id="sm-1cd0">
         <name>HOSTlseek</name>
         <value>0x112d5</value>
         <object_component_ref idref="oc-709"/>
      </symbol>
      <symbol id="sm-1ce2">
         <name>parmbuf</name>
         <value>0x20003b54</value>
      </symbol>
      <symbol id="sm-1ce3">
         <name>HOSTopen</name>
         <value>0x11409</value>
         <object_component_ref idref="oc-6f1"/>
      </symbol>
      <symbol id="sm-1cf4">
         <name>HOSTread</name>
         <value>0x114c5</value>
         <object_component_ref idref="oc-6fd"/>
      </symbol>
      <symbol id="sm-1d05">
         <name>HOSTrename</name>
         <value>0x11269</value>
         <object_component_ref idref="oc-715"/>
      </symbol>
      <symbol id="sm-1d16">
         <name>HOSTunlink</name>
         <value>0x11829</value>
         <object_component_ref idref="oc-70f"/>
      </symbol>
      <symbol id="sm-1d27">
         <name>HOSTwrite</name>
         <value>0x1151d</value>
         <object_component_ref idref="oc-703"/>
      </symbol>
      <symbol id="sm-1d4b">
         <name>__TI_readmsg</name>
         <value>0x11acd</value>
         <object_component_ref idref="oc-81e"/>
      </symbol>
      <symbol id="sm-1d4c">
         <name>C$$IO$$</name>
         <value>0x11a1f</value>
         <object_component_ref idref="oc-818"/>
      </symbol>
      <symbol id="sm-1d4d">
         <name>__CIOBUF_</name>
         <value>0x20003890</value>
         <object_component_ref idref="oc-897"/>
      </symbol>
      <symbol id="sm-1d4e">
         <name>__TI_writemsg</name>
         <value>0x119f1</value>
         <object_component_ref idref="oc-818"/>
      </symbol>
      <symbol id="sm-1d58">
         <name>copysign</name>
         <value>0x11d29</value>
         <object_component_ref idref="oc-87b"/>
      </symbol>
      <symbol id="sm-1d59">
         <name>copysignl</name>
         <value>0x11d29</value>
         <object_component_ref idref="oc-87b"/>
      </symbol>
      <symbol id="sm-1d67">
         <name>strcpy</name>
         <value>0x11da1</value>
         <object_component_ref idref="oc-832"/>
      </symbol>
      <symbol id="sm-1d68">
         <name>__TI_static_base__</name>
         <value>0x0</value>
      </symbol>
      <symbol id="sm-1d6b">
         <name>__mpu_init</name>
         <value>0x0</value>
      </symbol>
      <symbol id="sm-1d6c">
         <name>_system_post_cinit</name>
         <value>0x0</value>
      </symbol>
      <symbol id="sm-1d6d">
         <name>NMI_Handler</name>
         <value>0x11df5</value>
      </symbol>
      <symbol id="sm-1d6e">
         <name>HardFault_Handler</name>
         <value>0x11df5</value>
      </symbol>
      <symbol id="sm-1d6f">
         <name>MemManage_Handler</name>
         <value>0x11df5</value>
      </symbol>
      <symbol id="sm-1d70">
         <name>BusFault_Handler</name>
         <value>0x11df5</value>
      </symbol>
      <symbol id="sm-1d71">
         <name>UsageFault_Handler</name>
         <value>0x11df5</value>
      </symbol>
      <symbol id="sm-1d72">
         <name>SVC_Handler</name>
         <value>0x11df5</value>
      </symbol>
      <symbol id="sm-1d73">
         <name>DebugMon_Handler</name>
         <value>0x11df5</value>
      </symbol>
      <symbol id="sm-1d74">
         <name>PendSV_Handler</name>
         <value>0x11df5</value>
      </symbol>
      <symbol id="sm-1d75">
         <name>SysTick_Handler</name>
         <value>0xd50d</value>
      </symbol>
      <symbol id="sm-1d76">
         <name>PSS_IRQHandler</name>
         <value>0x11df5</value>
      </symbol>
      <symbol id="sm-1d77">
         <name>CS_IRQHandler</name>
         <value>0x11df5</value>
      </symbol>
      <symbol id="sm-1d78">
         <name>PCM_IRQHandler</name>
         <value>0x11df5</value>
      </symbol>
      <symbol id="sm-1d79">
         <name>WDT_A_IRQHandler</name>
         <value>0x11df5</value>
      </symbol>
      <symbol id="sm-1d7a">
         <name>FPU_IRQHandler</name>
         <value>0x11df5</value>
      </symbol>
      <symbol id="sm-1d7b">
         <name>FLCTL_IRQHandler</name>
         <value>0x11df5</value>
      </symbol>
      <symbol id="sm-1d7c">
         <name>COMP_E0_IRQHandler</name>
         <value>0x11df5</value>
      </symbol>
      <symbol id="sm-1d7d">
         <name>COMP_E1_IRQHandler</name>
         <value>0x11df5</value>
      </symbol>
      <symbol id="sm-1d7e">
         <name>TA0_0_IRQHandler</name>
         <value>0x11df5</value>
      </symbol>
      <symbol id="sm-1d7f">
         <name>TA0_N_IRQHandler</name>
         <value>0x11df5</value>
      </symbol>
      <symbol id="sm-1d80">
         <name>TA1_0_IRQHandler</name>
         <value>0x349b</value>
      </symbol>
      <symbol id="sm-1d81">
         <name>TA1_N_IRQHandler</name>
         <value>0x11df5</value>
      </symbol>
      <symbol id="sm-1d82">
         <name>TA2_0_IRQHandler</name>
         <value>0x11df5</value>
      </symbol>
      <symbol id="sm-1d83">
         <name>TA2_N_IRQHandler</name>
         <value>0x11df5</value>
      </symbol>
      <symbol id="sm-1d84">
         <name>TA3_0_IRQHandler</name>
         <value>0xee91</value>
      </symbol>
      <symbol id="sm-1d85">
         <name>TA3_N_IRQHandler</name>
         <value>0xeeab</value>
      </symbol>
      <symbol id="sm-1d86">
         <name>EUSCIA0_IRQHandler</name>
         <value>0xf97d</value>
      </symbol>
      <symbol id="sm-1d87">
         <name>EUSCIA1_IRQHandler</name>
         <value>0x11df5</value>
      </symbol>
      <symbol id="sm-1d88">
         <name>EUSCIA2_IRQHandler</name>
         <value>0x11df5</value>
      </symbol>
      <symbol id="sm-1d89">
         <name>EUSCIA3_IRQHandler</name>
         <value>0x11df5</value>
      </symbol>
      <symbol id="sm-1d8a">
         <name>EUSCIB0_IRQHandler</name>
         <value>0x11df5</value>
      </symbol>
      <symbol id="sm-1d8b">
         <name>EUSCIB1_IRQHandler</name>
         <value>0x11df5</value>
      </symbol>
      <symbol id="sm-1d8c">
         <name>EUSCIB2_IRQHandler</name>
         <value>0x11df5</value>
      </symbol>
      <symbol id="sm-1d8d">
         <name>EUSCIB3_IRQHandler</name>
         <value>0x11df5</value>
      </symbol>
      <symbol id="sm-1d8e">
         <name>ADC14_IRQHandler</name>
         <value>0x11df5</value>
      </symbol>
      <symbol id="sm-1d8f">
         <name>T32_INT1_IRQHandler</name>
         <value>0x11df5</value>
      </symbol>
      <symbol id="sm-1d90">
         <name>T32_INT2_IRQHandler</name>
         <value>0x11df5</value>
      </symbol>
      <symbol id="sm-1d91">
         <name>T32_INTC_IRQHandler</name>
         <value>0x11df5</value>
      </symbol>
      <symbol id="sm-1d92">
         <name>AES256_IRQHandler</name>
         <value>0x11df5</value>
      </symbol>
      <symbol id="sm-1d93">
         <name>RTC_C_IRQHandler</name>
         <value>0x11df5</value>
      </symbol>
      <symbol id="sm-1d94">
         <name>DMA_ERR_IRQHandler</name>
         <value>0x11df5</value>
      </symbol>
      <symbol id="sm-1d95">
         <name>DMA_INT3_IRQHandler</name>
         <value>0x11df5</value>
      </symbol>
      <symbol id="sm-1d96">
         <name>DMA_INT2_IRQHandler</name>
         <value>0x11df5</value>
      </symbol>
      <symbol id="sm-1d97">
         <name>DMA_INT1_IRQHandler</name>
         <value>0x11df5</value>
      </symbol>
      <symbol id="sm-1d98">
         <name>DMA_INT0_IRQHandler</name>
         <value>0x11df5</value>
      </symbol>
      <symbol id="sm-1d99">
         <name>PORT1_IRQHandler</name>
         <value>0x342d</value>
      </symbol>
      <symbol id="sm-1d9a">
         <name>PORT2_IRQHandler</name>
         <value>0xdb65</value>
      </symbol>
      <symbol id="sm-1d9b">
         <name>PORT3_IRQHandler</name>
         <value>0x11df5</value>
      </symbol>
      <symbol id="sm-1d9c">
         <name>PORT4_IRQHandler</name>
         <value>0x11df5</value>
      </symbol>
      <symbol id="sm-1d9d">
         <name>PORT5_IRQHandler</name>
         <value>0x11df5</value>
      </symbol>
      <symbol id="sm-1d9e">
         <name>PORT6_IRQHandler</name>
         <value>0xbbb9</value>
      </symbol>
      <symbol id="sm-1d9f">
         <name>remove</name>
         <value>0x11c25</value>
      </symbol>
   </symbol_table>
   <title>Link successful</title>
</link_info>
